Archive member included because of file (symbol)

c:/coocox/gcc_arm_based/4.8_2014q3/bin/../lib/gcc/arm-none-eabi/4.8.4/../../../../arm-none-eabi/lib/armv7-m\libc.a(lib_a-exit.o)
                              c:/coocox/gcc_arm_based/4.8_2014q3/bin/../lib/gcc/arm-none-eabi/4.8.4/../../../../arm-none-eabi/lib/armv7-m/crt0.o (exit)
c:/coocox/gcc_arm_based/4.8_2014q3/bin/../lib/gcc/arm-none-eabi/4.8.4/../../../../arm-none-eabi/lib/armv7-m\libc.a(lib_a-impure.o)
                              c:/coocox/gcc_arm_based/4.8_2014q3/bin/../lib/gcc/arm-none-eabi/4.8.4/../../../../arm-none-eabi/lib/armv7-m\libc.a(lib_a-exit.o) (_global_impure_ptr)
c:/coocox/gcc_arm_based/4.8_2014q3/bin/../lib/gcc/arm-none-eabi/4.8.4/../../../../arm-none-eabi/lib/armv7-m\libc.a(lib_a-init.o)
                              c:/coocox/gcc_arm_based/4.8_2014q3/bin/../lib/gcc/arm-none-eabi/4.8.4/../../../../arm-none-eabi/lib/armv7-m/crt0.o (__libc_init_array)
c:/coocox/gcc_arm_based/4.8_2014q3/bin/../lib/gcc/arm-none-eabi/4.8.4/../../../../arm-none-eabi/lib/armv7-m\libc.a(lib_a-memset.o)
                              c:/coocox/gcc_arm_based/4.8_2014q3/bin/../lib/gcc/arm-none-eabi/4.8.4/../../../../arm-none-eabi/lib/armv7-m/crt0.o (memset)
c:/coocox/gcc_arm_based/4.8_2014q3/bin/../lib/gcc/arm-none-eabi/4.8.4/../../../../arm-none-eabi/lib/armv7-m\libc.a(lib_a-__call_atexit.o)
                              c:/coocox/gcc_arm_based/4.8_2014q3/bin/../lib/gcc/arm-none-eabi/4.8.4/../../../../arm-none-eabi/lib/armv7-m\libc.a(lib_a-exit.o) (__call_exitprocs)
c:/coocox/gcc_arm_based/4.8_2014q3/bin/../lib/gcc/arm-none-eabi/4.8.4/../../../../arm-none-eabi/lib/armv7-m\libc.a(lib_a-atexit.o)
                              c:/coocox/gcc_arm_based/4.8_2014q3/bin/../lib/gcc/arm-none-eabi/4.8.4/../../../../arm-none-eabi/lib/armv7-m\libc.a(lib_a-__call_atexit.o) (atexit)
c:/coocox/gcc_arm_based/4.8_2014q3/bin/../lib/gcc/arm-none-eabi/4.8.4/../../../../arm-none-eabi/lib/armv7-m\libc.a(lib_a-fini.o)
                              c:/coocox/gcc_arm_based/4.8_2014q3/bin/../lib/gcc/arm-none-eabi/4.8.4/../../../../arm-none-eabi/lib/armv7-m\libc.a(lib_a-__call_atexit.o) (__libc_fini_array)
c:/coocox/gcc_arm_based/4.8_2014q3/bin/../lib/gcc/arm-none-eabi/4.8.4/../../../../arm-none-eabi/lib/armv7-m\libc.a(lib_a-__atexit.o)
                              c:/coocox/gcc_arm_based/4.8_2014q3/bin/../lib/gcc/arm-none-eabi/4.8.4/../../../../arm-none-eabi/lib/armv7-m\libc.a(lib_a-atexit.o) (__register_exitproc)
c:/coocox/gcc_arm_based/4.8_2014q3/bin/../lib/gcc/arm-none-eabi/4.8.4/armv7-m\libgcc.a(_arm_addsubdf3.o)
                              ..\obj\instance_common.o (__aeabi_dsub)
c:/coocox/gcc_arm_based/4.8_2014q3/bin/../lib/gcc/arm-none-eabi/4.8.4/armv7-m\libgcc.a(_arm_muldivdf3.o)
                              ..\obj\instance_common.o (__aeabi_dmul)
c:/coocox/gcc_arm_based/4.8_2014q3/bin/../lib/gcc/arm-none-eabi/4.8.4/armv7-m\libgcc.a(_arm_cmpdf2.o)
                              ..\obj\instance_common.o (__aeabi_dcmplt)
c:/coocox/gcc_arm_based/4.8_2014q3/bin/../lib/gcc/arm-none-eabi/4.8.4/armv7-m\libgcc.a(_arm_fixdfsi.o)
                              ..\obj\dw_main.o (__aeabi_d2iz)
c:/coocox/gcc_arm_based/4.8_2014q3/bin/../lib/gcc/arm-none-eabi/4.8.4/armv7-m\libgcc.a(_arm_fixunsdfsi.o)
                              ..\obj\instance_common.o (__aeabi_d2uiz)
c:/coocox/gcc_arm_based/4.8_2014q3/bin/../lib/gcc/arm-none-eabi/4.8.4/armv7-m\libgcc.a(_arm_truncdfsf2.o)
                              ..\obj\instance_common.o (__aeabi_d2f)
c:/coocox/gcc_arm_based/4.8_2014q3/bin/../lib/gcc/arm-none-eabi/4.8.4/armv7-m\libgcc.a(_arm_addsubsf3.o)
                              ..\obj\deca_range_tables.o (__aeabi_i2f)
c:/coocox/gcc_arm_based/4.8_2014q3/bin/../lib/gcc/arm-none-eabi/4.8.4/armv7-m\libgcc.a(_aeabi_uldivmod.o)
                              ..\obj\instance.o (__aeabi_uldivmod)
c:/coocox/gcc_arm_based/4.8_2014q3/bin/../lib/gcc/arm-none-eabi/4.8.4/armv7-m\libgcc.a(_fixdfdi.o)
                              ..\obj\instance.o (__aeabi_d2lz)
c:/coocox/gcc_arm_based/4.8_2014q3/bin/../lib/gcc/arm-none-eabi/4.8.4/armv7-m\libgcc.a(_fixunsdfdi.o)
                              ..\obj\instance_common.o (__aeabi_d2ulz)
c:/coocox/gcc_arm_based/4.8_2014q3/bin/../lib/gcc/arm-none-eabi/4.8.4/armv7-m\libgcc.a(bpabi.o)
                              c:/coocox/gcc_arm_based/4.8_2014q3/bin/../lib/gcc/arm-none-eabi/4.8.4/armv7-m\libgcc.a(_aeabi_uldivmod.o) (__gnu_uldivmod_helper)
c:/coocox/gcc_arm_based/4.8_2014q3/bin/../lib/gcc/arm-none-eabi/4.8.4/armv7-m\libgcc.a(_dvmd_tls.o)
                              c:/coocox/gcc_arm_based/4.8_2014q3/bin/../lib/gcc/arm-none-eabi/4.8.4/armv7-m\libgcc.a(_aeabi_uldivmod.o) (__aeabi_ldiv0)
c:/coocox/gcc_arm_based/4.8_2014q3/bin/../lib/gcc/arm-none-eabi/4.8.4/armv7-m\libgcc.a(_divdi3.o)
                              c:/coocox/gcc_arm_based/4.8_2014q3/bin/../lib/gcc/arm-none-eabi/4.8.4/armv7-m\libgcc.a(bpabi.o) (__divdi3)
[...]
Memory Configuration

Name             Origin             Length             Attributes
FLASH            0x08000000         0x00040000         xr
RAM              0x20000000         0x00010000         xrw
MEMORY_B1        0x60000000         0x00000000         xr
*default*        0x00000000         0xffffffff

Linker script and memory map

LOAD c:/coocox/gcc_arm_based/4.8_2014q3/bin/../lib/gcc/arm-none-eabi/4.8.4/armv7-m/crti.o
LOAD c:/coocox/gcc_arm_based/4.8_2014q3/bin/../lib/gcc/arm-none-eabi/4.8.4/armv7-m/crtbegin.o
LOAD c:/coocox/gcc_arm_based/4.8_2014q3/bin/../lib/gcc/arm-none-eabi/4.8.4/../../../../arm-none-eabi/lib/armv7-m/crt0.o
                0x20010000                _estack = 0x20010000
                0x00000400                _Min_Heap_Size = 0x400
                0x00000400                _Min_Stack_Size = 0x400

.isr_vector     0x08000000      0x1e4
                0x08000000                . = ALIGN (0x4)
 *(.isr_vector)
 .isr_vector    0x08000000      0x1e4 ..\obj\startup_stm32f10x_cl.o
                0x08000000                g_pfnVectors
                0x080001e4                . = ALIGN (0x4)

.text           0x080001e8    0x103bc
                0x080001e8                . = ALIGN (0x4)
 *(.text)
 .text          0x080001e8       0x54 c:/coocox/gcc_arm_based/4.8_2014q3/bin/../lib/gcc/arm-none-eabi/4.8.4/armv7-m/crtbegin.o
 .text          0x0800023c      0x370 c:/coocox/gcc_arm_based/4.8_2014q3/bin/../lib/gcc/arm-none-eabi/4.8.4/armv7-m\libgcc.a(_arm_addsubdf3.o)
                0x0800023c                __aeabi_drsub
                0x08000244                __aeabi_dsub
                0x08000244                __subdf3
                0x08000248                __aeabi_dadd
                0x08000248                __adddf3
                0x080004c0                __floatunsidf
                0x080004c0                __aeabi_ui2d
                0x080004e0                __floatsidf
                0x080004e0                __aeabi_i2d
                0x08000504                __aeabi_f2d
                0x08000504                __extendsfdf2
                0x08000540                __floatundidf
                0x08000540                __aeabi_ul2d
                0x08000550                __floatdidf
                0x08000550                __aeabi_l2d
 .text          0x080005ac      0x424 c:/coocox/gcc_arm_based/4.8_2014q3/bin/../lib/gcc/arm-none-eabi/4.8.4/armv7-m\libgcc.a(_arm_muldivdf3.o)
                0x080005ac                __aeabi_dmul
                0x080005ac                __muldf3
                0x08000800                __divdf3
                0x08000800                __aeabi_ddiv
 .text          0x080009d0      0x110 c:/coocox/gcc_arm_based/4.8_2014q3/bin/../lib/gcc/arm-none-eabi/4.8.4/armv7-m\libgcc.a(_arm_cmpdf2.o)
                0x080009d0                __gtdf2
                0x080009d0                __gedf2
                0x080009d8                __ltdf2
                0x080009d8                __ledf2
                0x080009e0                __nedf2
                0x080009e0                __eqdf2
                0x080009e0                __cmpdf2
                0x08000a5c                __aeabi_cdrcmple
                0x08000a6c                __aeabi_cdcmpeq
                0x08000a6c                __aeabi_cdcmple
                0x08000a7c                __aeabi_dcmpeq
                0x08000a90                __aeabi_dcmplt
                0x08000aa4                __aeabi_dcmple
                0x08000ab8                __aeabi_dcmpge
                0x08000acc                __aeabi_dcmpgt
 .text          0x08000ae0       0x50 c:/coocox/gcc_arm_based/4.8_2014q3/bin/../lib/gcc/arm-none-eabi/4.8.4/armv7-m\libgcc.a(_arm_fixdfsi.o)
                0x08000ae0                __aeabi_d2iz
                0x08000ae0                __fixdfsi
 .text          0x08000b30       0x40 c:/coocox/gcc_arm_based/4.8_2014q3/bin/../lib/gcc/arm-none-eabi/4.8.4/armv7-m\libgcc.a(_arm_fixunsdfsi.o)
                0x08000b30                __aeabi_d2uiz
                0x08000b30                __fixunsdfsi
 .text          0x08000b70       0xa0 c:/coocox/gcc_arm_based/4.8_2014q3/bin/../lib/gcc/arm-none-eabi/4.8.4/armv7-m\libgcc.a(_arm_truncdfsf2.o)
                0x08000b70                __truncdfsf2
                0x08000b70                __aeabi_d2f
 .text          0x08000c10      0x21c c:/coocox/gcc_arm_based/4.8_2014q3/bin/../lib/gcc/arm-none-eabi/4.8.4/armv7-m\libgcc.a(_arm_addsubsf3.o)
                0x08000c10                __aeabi_frsub
                0x08000c18                __subsf3
                0x08000c18                __aeabi_fsub
                0x08000c1c                __aeabi_fadd
                0x08000c1c                __addsf3
                0x08000d7c                __aeabi_ui2f
                0x08000d7c                __floatunsisf
                0x08000d84                __aeabi_i2f
                0x08000d84                __floatsisf
                0x08000da0                __aeabi_ul2f
                0x08000da0                __floatundisf
                0x08000db0                __aeabi_l2f
                0x08000db0                __floatdisf
 .text          0x08000e2c       0x2c c:/coocox/gcc_arm_based/4.8_2014q3/bin/../lib/gcc/arm-none-eabi/4.8.4/armv7-m\libgcc.a(_aeabi_uldivmod.o)
                0x08000e2c                __aeabi_uldivmod
 .text          0x08000e58       0x30 c:/coocox/gcc_arm_based/4.8_2014q3/bin/../lib/gcc/arm-none-eabi/4.8.4/armv7-m\libgcc.a(_fixdfdi.o)
                0x08000e58                __fixdfdi
                0x08000e58                __aeabi_d2lz
 .text          0x08000e88       0x44 c:/coocox/gcc_arm_based/4.8_2014q3/bin/../lib/gcc/arm-none-eabi/4.8.4/armv7-m\libgcc.a(_fixunsdfdi.o)
                0x08000e88                __fixunsdfdi
                0x08000e88                __aeabi_d2ulz
 .text          0x08000ecc       0x60 c:/coocox/gcc_arm_based/4.8_2014q3/bin/../lib/gcc/arm-none-eabi/4.8.4/armv7-m\libgcc.a(bpabi.o)
                0x08000ecc                __gnu_ldivmod_helper
                0x08000efc                __gnu_uldivmod_helper
 .text          0x08000f2c        0x4 c:/coocox/gcc_arm_based/4.8_2014q3/bin/../lib/gcc/arm-none-eabi/4.8.4/armv7-m\libgcc.a(_dvmd_tls.o)
                0x08000f2c                __aeabi_idiv0
                0x08000f2c                __aeabi_ldiv0
 .text          0x08000f30      0x2a0 c:/coocox/gcc_arm_based/4.8_2014q3/bin/../lib/gcc/arm-none-eabi/4.8.4/armv7-m\libgcc.a(_divdi3.o)
                0x08000f30                __divdi3
 .text          0x080011d0      0x290 c:/coocox/gcc_arm_based/4.8_2014q3/bin/../lib/gcc/arm-none-eabi/4.8.4/armv7-m\libgcc.a(_udivdi3.o)
                0x080011d0                __udivdi3
 .text          0x08001460       0xec c:/coocox/gcc_arm_based/4.8_2014q3/bin/../lib/gcc/arm-none-eabi/4.8.4/../../../../arm-none-eabi/lib/armv7-m\libc.a(lib_a-memcpy.o)
                0x08001460                memcpy
 *(.text*)
 .text.__libc_init_array
                0x0800154c       0x50 c:/coocox/gcc_arm_based/4.8_2014q3/bin/../lib/gcc/arm-none-eabi/4.8.4/../../../../arm-none-eabi/lib/armv7-m\libc.a(lib_a-init.o)
                0x0800154c                __libc_init_array
 .text.memset   0x0800159c       0x94 c:/coocox/gcc_arm_based/4.8_2014q3/bin/../lib/gcc/arm-none-eabi/4.8.4/../../../../arm-none-eabi/lib/armv7-m\libc.a(lib_a-memset.o)
                0x0800159c                memset
 .text.startup.register_fini
                0x08001630       0x14 c:/coocox/gcc_arm_based/4.8_2014q3/bin/../lib/gcc/arm-none-eabi/4.8.4/../../../../arm-none-eabi/lib/armv7-m\libc.a(lib_a-__call_atexit.o)
 .text.atexit   0x08001644        0xc c:/coocox/gcc_arm_based/4.8_2014q3/bin/../lib/gcc/arm-none-eabi/4.8.4/../../../../arm-none-eabi/lib/armv7-m\libc.a(lib_a-atexit.o)
                0x08001644                atexit
 .text.__libc_fini_array
                0x08001650       0x30 c:/coocox/gcc_arm_based/4.8_2014q3/bin/../lib/gcc/arm-none-eabi/4.8.4/../../../../arm-none-eabi/lib/armv7-m\libc.a(lib_a-fini.o)
                0x08001650                __libc_fini_array
 .text.__register_exitproc
                0x08001680       0xa8 c:/coocox/gcc_arm_based/4.8_2014q3/bin/../lib/gcc/arm-none-eabi/4.8.4/../../../../arm-none-eabi/lib/armv7-m\libc.a(lib_a-__atexit.o)
                0x08001680                __register_exitproc
 .text.RTC_WaitForLastTask
                0x08001728       0x20 ..\obj\stm32f10x_rtc.o
                0x08001728                RTC_WaitForLastTask
 .text.RTC_GetITStatus
                0x08001748       0x50 ..\obj\stm32f10x_rtc.o
                0x08001748                RTC_GetITStatus
 .text.RTC_ClearITPendingBit
                0x08001798       0x2c ..\obj\stm32f10x_rtc.o
                0x08001798                RTC_ClearITPendingBit
 .text.USB_OTG_EnableCommonInt
                0x080017c4       0x44 ..\obj\usb_core.o
 .text.USB_OTG_CoreReset
                0x08001808       0x8c ..\obj\usb_core.o
 .text.USB_OTG_WritePacket
                0x08001894       0x70 ..\obj\usb_core.o
                0x08001894                USB_OTG_WritePacket
 .text.USB_OTG_ReadPacket
                0x08001904       0x58 ..\obj\usb_core.o
                0x08001904                USB_OTG_ReadPacket
 .text.USB_OTG_SelectCore
                0x0800195c      0x174 ..\obj\usb_core.o
                0x0800195c                USB_OTG_SelectCore
 .text.USB_OTG_CoreInit
                0x08001ad0      0x134 ..\obj\usb_core.o
                0x08001ad0                USB_OTG_CoreInit
 .text.USB_OTG_EnableGlobalInt
                0x08001c04       0x38 ..\obj\usb_core.o
                0x08001c04                USB_OTG_EnableGlobalInt
 .text.USB_OTG_DisableGlobalInt
                0x08001c3c       0x38 ..\obj\usb_core.o
                0x08001c3c                USB_OTG_DisableGlobalInt
 .text.USB_OTG_FlushTxFifo
                0x08001c74       0x74 ..\obj\usb_core.o
                0x08001c74                USB_OTG_FlushTxFifo
 .text.USB_OTG_FlushRxFifo
                0x08001ce8       0x60 ..\obj\usb_core.o
                0x08001ce8                USB_OTG_FlushRxFifo
 .text.USB_OTG_SetCurrentMode
                0x08001d48       0x60 ..\obj\usb_core.o
                0x08001d48                USB_OTG_SetCurrentMode
 .text.USB_OTG_GetMode
                0x08001da8       0x20 ..\obj\usb_core.o
                0x08001da8                USB_OTG_GetMode
 .text.USB_OTG_IsDeviceMode
                0x08001dc8       0x24 ..\obj\usb_core.o
                0x08001dc8                USB_OTG_IsDeviceMode
 .text.USB_OTG_ReadCoreItr
                0x08001dec       0x30 ..\obj\usb_core.o
                0x08001dec                USB_OTG_ReadCoreItr
 .text.USB_OTG_InitDevSpeed
                0x08001e1c       0x38 ..\obj\usb_core.o
                0x08001e1c                USB_OTG_InitDevSpeed
 .text.USB_OTG_CoreInitDev
                0x08001e54      0x280 ..\obj\usb_core.o
                0x08001e54                USB_OTG_CoreInitDev
 .text.USB_OTG_EnableDevInt
                0x080020d4       0xa8 ..\obj\usb_core.o
                0x080020d4                USB_OTG_EnableDevInt
 .text.USB_OTG_GetDeviceSpeed
                0x0800217c       0x48 ..\obj\usb_core.o
                0x0800217c                USB_OTG_GetDeviceSpeed
 .text.USB_OTG_EP0Activate
                0x080021c4       0x78 ..\obj\usb_core.o
                0x080021c4                USB_OTG_EP0Activate
 .text.USB_OTG_EPActivate
                0x0800223c       0xdc ..\obj\usb_core.o
                0x0800223c                USB_OTG_EPActivate
 .text.USB_OTG_EPDeactivate
                0x08002318       0x8c ..\obj\usb_core.o
                0x08002318                USB_OTG_EPDeactivate
 .text.USB_OTG_EPStartXfer
                0x080023a4      0x280 ..\obj\usb_core.o
                0x080023a4                USB_OTG_EPStartXfer
 .text.USB_OTG_EP0StartXfer
                0x08002624      0x1d4 ..\obj\usb_core.o
                0x08002624                USB_OTG_EP0StartXfer
 .text.USB_OTG_EPSetStall
                0x080027f8       0x88 ..\obj\usb_core.o
                0x080027f8                USB_OTG_EPSetStall
 .text.USB_OTG_EPClearStall
                0x08002880       0x78 ..\obj\usb_core.o
                0x08002880                USB_OTG_EPClearStall
 .text.USB_OTG_ReadDevAllOutEp_itr
                0x080028f8       0x2c ..\obj\usb_core.o
                0x080028f8                USB_OTG_ReadDevAllOutEp_itr
 .text.USB_OTG_ReadDevOutEP_itr
                0x08002924       0x38 ..\obj\usb_core.o
                0x08002924                USB_OTG_ReadDevOutEP_itr
 .text.USB_OTG_ReadDevAllInEPItr
                0x0800295c       0x2c ..\obj\usb_core.o
                0x0800295c                USB_OTG_ReadDevAllInEPItr
 .text.USB_OTG_EP0_OutStart
                0x08002988       0x70 ..\obj\usb_core.o
                0x08002988                USB_OTG_EP0_OutStart
 .text.USB_OTG_UngateClock
                0x080029f8       0x54 ..\obj\usb_core.o
                0x080029f8                USB_OTG_UngateClock
 .text.instance_get_local_structure_ptr
                0x08002a4c       0x30 ..\obj\instance_common.o
                0x08002a4c                instance_get_local_structure_ptr
 *fill*         0x08002a7c        0x4 
 .text.convertmicrosectodevicetimeu
                0x08002a80       0x60 ..\obj\instance_common.o
                0x08002a80                convertmicrosectodevicetimeu
 .text.convertdevicetimetosec
                0x08002ae0       0x50 ..\obj\instance_common.o
                0x08002ae0                convertdevicetimetosec
 .text.reportTOF
                0x08002b30      0x278 ..\obj\instance_common.o
                0x08002b30                reportTOF
 .text.instaddtagtolist
                0x08002da8       0xa4 ..\obj\instance_common.o
                0x08002da8                instaddtagtolist
 .text.instcleartaglist
                0x08002e4c       0x80 ..\obj\instance_common.o
                0x08002e4c                instcleartaglist
 .text.instancenewrange
                0x08002ecc       0x2c ..\obj\instance_common.o
                0x08002ecc                instancenewrange
 .text.instancenewrangeancadd
                0x08002ef8       0x18 ..\obj\instance_common.o
                0x08002ef8                instancenewrangeancadd
 .text.instancenewrangetagadd
                0x08002f10       0x18 ..\obj\instance_common.o
                0x08002f10                instancenewrangetagadd
 .text.instanceanchorwaiting
                0x08002f28       0x18 ..\obj\instance_common.o
                0x08002f28                instanceanchorwaiting
 .text.instancesleeping
                0x08002f40       0x2c ..\obj\instance_common.o
                0x08002f40                instancesleeping
 .text.instanceclearcounts
                0x08002f6c      0x104 ..\obj\instance_common.o
                0x08002f6c                instanceclearcounts
 .text.instance_init
                0x08003070      0x174 ..\obj\instance_common.o
                0x08003070                instance_init
 .text.instancereaddeviceid
                0x080031e4       0x10 ..\obj\instance_common.o
                0x080031e4                instancereaddeviceid
 .text.instance_config
                0x080031f4      0x304 ..\obj\instance_common.o
                0x080031f4                instance_config
 .text.instancesettagsleepdelay
                0x080034f8       0x44 ..\obj\instance_common.o
                0x080034f8                instancesettagsleepdelay
 .text.instance_get_lcount
                0x0800353c       0x20 ..\obj\instance_common.o
                0x0800353c                instance_get_lcount
 .text.instance_get_idist
                0x0800355c       0x28 ..\obj\instance_common.o
                0x0800355c                instance_get_idist
 .text.instance_get_idistraw
                0x08003584       0x28 ..\obj\instance_common.o
                0x08003584                instance_get_idistraw
 .text.instance_get_adist
                0x080035ac       0x28 ..\obj\instance_common.o
                0x080035ac                instance_get_adist
 .text.inst_processrxtimeout
                0x080035d4       0x44 ..\obj\instance_common.o
                0x080035d4                inst_processrxtimeout
 .text.instance_txcallback
                0x08003618      0x124 ..\obj\instance_common.o
                0x08003618                instance_txcallback
 .text.instance_rxtimeoutcallback
                0x0800373c       0x4c ..\obj\instance_common.o
                0x0800373c                instance_rxtimeoutcallback
 .text.instance_rxerrorcallback
                0x08003788       0x90 ..\obj\instance_common.o
                0x08003788                instance_rxerrorcallback
 .text.instance_rxgoodcallback
                0x08003818      0x418 ..\obj\instance_common.o
                0x08003818                instance_rxgoodcallback
 .text.instance_peekevent
                0x08003c30       0x4c ..\obj\instance_common.o
                0x08003c30                instance_peekevent
 .text.instance_putevent
                0x08003c7c       0xfc ..\obj\instance_common.o
                0x08003c7c                instance_putevent
 .text.instance_getevent
                0x08003d78      0x22c ..\obj\instance_common.o
                0x08003d78                instance_getevent
 .text.instance_clearevents
                0x08003fa4       0x94 ..\obj\instance_common.o
                0x08003fa4                instance_clearevents
 .text.instance_run
                0x08004038      0x1c4 ..\obj\instance_common.o
                0x08004038                instance_run
 .text.instanceconfigantennadelays
                0x080041fc       0x30 ..\obj\instance_common.o
                0x080041fc                instanceconfigantennadelays
 .text.instancesetantennadelays
                0x0800422c       0x2c ..\obj\instance_common.o
                0x0800422c                instancesetantennadelays
 .text.instancetxantdly
                0x08004258       0x18 ..\obj\instance_common.o
                0x08004258                instancetxantdly
 .text.instancerxantdly
                0x08004270       0x18 ..\obj\instance_common.o
                0x08004270                instancerxantdly
 .text.USBD_USR_Init
                0x08004288        0xc ..\obj\usbd_usr.o
                0x08004288                USBD_USR_Init
 .text.USBD_USR_DeviceReset
                0x08004294       0x20 ..\obj\usbd_usr.o
                0x08004294                USBD_USR_DeviceReset
 .text.USBD_USR_DeviceConfigured
                0x080042b4        0xc ..\obj\usbd_usr.o
                0x080042b4                USBD_USR_DeviceConfigured
 .text.USBD_USR_DeviceSuspended
                0x080042c0        0xc ..\obj\usbd_usr.o
                0x080042c0                USBD_USR_DeviceSuspended
 .text.USBD_USR_DeviceResumed
                0x080042cc        0xc ..\obj\usbd_usr.o
                0x080042cc                USBD_USR_DeviceResumed
 .text.USBD_USR_DeviceConnected
                0x080042d8        0xc ..\obj\usbd_usr.o
                0x080042d8                USBD_USR_DeviceConnected
 .text.USBD_USR_DeviceDisconnected
                0x080042e4        0xc ..\obj\usbd_usr.o
                0x080042e4                USBD_USR_DeviceDisconnected
 .text.USB_OTG_BSP_Init
                0x080042f0       0x6c ..\obj\deca_usb_bsp_evk1000.o
                0x080042f0                USB_OTG_BSP_Init
 .text.USB_OTG_BSP_EnableInterrupt
                0x0800435c       0x30 ..\obj\deca_usb_bsp_evk1000.o
                0x0800435c                USB_OTG_BSP_EnableInterrupt
 .text.USB_OTG_BSP_uDelay
                0x0800438c       0x48 ..\obj\deca_usb_bsp_evk1000.o
                0x0800438c                USB_OTG_BSP_uDelay
 .text.USB_OTG_BSP_mDelay
                0x080043d4       0x20 ..\obj\deca_usb_bsp_evk1000.o
                0x080043d4                USB_OTG_BSP_mDelay
 .text.instance_starttxtest
                0x080043f4       0x54 ..\obj\instance_calib.o
                0x080043f4                instance_starttxtest
 .text.SystemInit
                0x08004448       0x78 ..\obj\system_stm32f10x.o
                0x08004448                SystemInit
 .text.SetSysClock
                0x080044c0        0xc ..\obj\system_stm32f10x.o
 .text.SetSysClockTo72
                0x080044cc      0x138 ..\obj\system_stm32f10x.o
 .text.dwt_initialise
                0x08004604      0x14c ..\obj\deca_device.o
                0x08004604                dwt_initialise
 .text.dwt_otprevision
                0x08004750       0x18 ..\obj\deca_device.o
                0x08004750                dwt_otprevision
 .text.dwt_setlnapamode
                0x08004768       0x48 ..\obj\deca_device.o
                0x08004768                dwt_setlnapamode
 .text.dwt_getpartid
                0x080047b0       0x18 ..\obj\deca_device.o
                0x080047b0                dwt_getpartid
 .text.dwt_getlotid
                0x080047c8       0x18 ..\obj\deca_device.o
                0x080047c8                dwt_getlotid
 .text.dwt_readdevid
                0x080047e0       0x14 ..\obj\deca_device.o
                0x080047e0                dwt_readdevid
 .text.dwt_configuretxrf
                0x080047f4       0x2c ..\obj\deca_device.o
                0x080047f4                dwt_configuretxrf
 .text.dwt_configure
                0x08004820      0x2b8 ..\obj\deca_device.o
                0x08004820                dwt_configure
 .text.dwt_setrxantennadelay
                0x08004ad8       0x20 ..\obj\deca_device.o
                0x08004ad8                dwt_setrxantennadelay
 .text.dwt_settxantennadelay
                0x08004af8       0x1c ..\obj\deca_device.o
                0x08004af8                dwt_settxantennadelay
 .text.dwt_writetxdata
                0x08004b14       0x40 ..\obj\deca_device.o
                0x08004b14                dwt_writetxdata
 .text.dwt_writetxfctrl
                0x08004b54       0x3c ..\obj\deca_device.o
                0x08004b54                dwt_writetxfctrl
 .text.dwt_readrxdata
                0x08004b90       0x28 ..\obj\deca_device.o
                0x08004b90                dwt_readrxdata
 .text.dwt_readtxtimestamp
                0x08004bb8       0x1c ..\obj\deca_device.o
                0x08004bb8                dwt_readtxtimestamp
 .text.dwt_readrxtimestamp
                0x08004bd4       0x1c ..\obj\deca_device.o
                0x08004bd4                dwt_readrxtimestamp
 .text.dwt_writetodevice
                0x08004bf0       0xbc ..\obj\deca_device.o
                0x08004bf0                dwt_writetodevice
 .text.dwt_readfromdevice
                0x08004cac       0xb4 ..\obj\deca_device.o
                0x08004cac                dwt_readfromdevice
 .text.dwt_read32bitoffsetreg
                0x08004d60       0x54 ..\obj\deca_device.o
                0x08004d60                dwt_read32bitoffsetreg
 .text.dwt_read16bitoffsetreg
                0x08004db4       0x3c ..\obj\deca_device.o
                0x08004db4                dwt_read16bitoffsetreg
 .text.dwt_read8bitoffsetreg
                0x08004df0       0x2c ..\obj\deca_device.o
                0x08004df0                dwt_read8bitoffsetreg
 .text.dwt_write8bitoffsetreg
                0x08004e1c       0x28 ..\obj\deca_device.o
                0x08004e1c                dwt_write8bitoffsetreg
 .text.dwt_write16bitoffsetreg
                0x08004e44       0x3c ..\obj\deca_device.o
                0x08004e44                dwt_write16bitoffsetreg
 .text.dwt_write32bitoffsetreg
                0x08004e80       0x50 ..\obj\deca_device.o
                0x08004e80                dwt_write32bitoffsetreg
 .text.dwt_enableframefilter
                0x08004ed0       0x60 ..\obj\deca_device.o
                0x08004ed0                dwt_enableframefilter
 .text.dwt_setpanid
                0x08004f30       0x1c ..\obj\deca_device.o
                0x08004f30                dwt_setpanid
 .text.dwt_seteui
                0x08004f4c       0x1c ..\obj\deca_device.o
                0x08004f4c                dwt_seteui
 .text.dwt_geteui
                0x08004f68       0x1c ..\obj\deca_device.o
                0x08004f68                dwt_geteui
 .text.dwt_otpread
                0x08004f84       0x50 ..\obj\deca_device.o
                0x08004f84                dwt_otpread
 .text._dwt_otpread
                0x08004fd4       0x40 ..\obj\deca_device.o
                0x08004fd4                _dwt_otpread
 .text._dwt_aonarrayupload
                0x08005014       0x1c ..\obj\deca_device.o
                0x08005014                _dwt_aonarrayupload
 .text.dwt_entersleep
                0x08005030        0xc ..\obj\deca_device.o
                0x08005030                dwt_entersleep
 .text.dwt_configuresleep
                0x0800503c       0x3c ..\obj\deca_device.o
                0x0800503c                dwt_configuresleep
 .text._dwt_configlde
                0x08005078       0x40 ..\obj\deca_device.o
                0x08005078                _dwt_configlde
 .text._dwt_loaducodefromrom
                0x080050b8       0x24 ..\obj\deca_device.o
                0x080050b8                _dwt_loaducodefromrom
 .text.dwt_loadopsettabfromotp
                0x080050dc       0x3c ..\obj\deca_device.o
                0x080050dc                dwt_loadopsettabfromotp
 .text.dwt_setrxaftertxdelay
                0x08005118       0x38 ..\obj\deca_device.o
                0x08005118                dwt_setrxaftertxdelay
 .text.dwt_setcallbacks
                0x08005150       0x34 ..\obj\deca_device.o
                0x08005150                dwt_setcallbacks
 .text.dwt_isr  0x08005184      0x198 ..\obj\deca_device.o
                0x08005184                dwt_isr
 .text.dwt_setleds
                0x0800531c       0xb8 ..\obj\deca_device.o
                0x0800531c                dwt_setleds
 .text._dwt_enableclocks
                0x080053d4      0x130 ..\obj\deca_device.o
                0x080053d4                _dwt_enableclocks
 .text._dwt_disablesequencing
                0x08005504       0x18 ..\obj\deca_device.o
                0x08005504                _dwt_disablesequencing
 .text.dwt_setdelayedtrxtime
                0x0800551c       0x18 ..\obj\deca_device.o
                0x0800551c                dwt_setdelayedtrxtime
 .text.dwt_starttx
                0x08005534       0xb0 ..\obj\deca_device.o
                0x08005534                dwt_starttx
 .text.dwt_forcetrxoff
                0x080055e4       0x5c ..\obj\deca_device.o
                0x080055e4                dwt_forcetrxoff
 .text.dwt_syncrxbufptrs
                0x08005640       0x34 ..\obj\deca_device.o
                0x08005640                dwt_syncrxbufptrs
 .text.dwt_rxenable
                0x08005674       0x84 ..\obj\deca_device.o
                0x08005674                dwt_rxenable
 .text.dwt_setrxtimeout
                0x080056f8       0x74 ..\obj\deca_device.o
                0x080056f8                dwt_setrxtimeout
 .text.dwt_setinterrupt
                0x0800576c       0x4c ..\obj\deca_device.o
                0x0800576c                dwt_setinterrupt
 .text.dwt_configeventcounters
                0x080057b8       0x28 ..\obj\deca_device.o
                0x080057b8                dwt_configeventcounters
 .text.dwt_rxreset
                0x080057e0       0x1c ..\obj\deca_device.o
                0x080057e0                dwt_rxreset
 .text.dwt_softreset
                0x080057fc       0x48 ..\obj\deca_device.o
                0x080057fc                dwt_softreset
 .text.dwt_setxtaltrim
                0x08005844       0x2c ..\obj\deca_device.o
                0x08005844                dwt_setxtaltrim
 .text.dwt_configcontinuousframemode
                0x08005870       0x58 ..\obj\deca_device.o
                0x08005870                dwt_configcontinuousframemode
 .text.writetospi
                0x080058c8       0x74 ..\obj\deca_spi.o
                0x080058c8                writetospi
 .text.readfromspi
                0x0800593c       0x7c ..\obj\deca_spi.o
                0x0800593c                readfromspi
 .text.writetoLCD
                0x080059b8       0x8c ..\obj\deca_spi.o
                0x080059b8                writetoLCD
 .text.GPIO_Init
                0x08005a44      0x178 ..\obj\stm32f10x_gpio.o
                0x08005a44                GPIO_Init
 .text.GPIO_ReadInputDataBit
                0x08005bbc       0x34 ..\obj\stm32f10x_gpio.o
                0x08005bbc                GPIO_ReadInputDataBit
 .text.GPIO_SetBits
                0x08005bf0       0x1c ..\obj\stm32f10x_gpio.o
                0x08005bf0                GPIO_SetBits
 .text.GPIO_ResetBits
                0x08005c0c       0x1c ..\obj\stm32f10x_gpio.o
                0x08005c0c                GPIO_ResetBits
 .text.GPIO_PinRemapConfig
                0x08005c28       0xe0 ..\obj\stm32f10x_gpio.o
                0x08005c28                GPIO_PinRemapConfig
 .text.GPIO_EXTILineConfig
                0x08005d08       0x7c ..\obj\stm32f10x_gpio.o
                0x08005d08                GPIO_EXTILineConfig
 .text.USBD_Init
                0x08005d84       0x8c ..\obj\usbd_core.o
                0x08005d84                USBD_Init
 .text.USBD_DeInit
                0x08005e10       0x18 ..\obj\usbd_core.o
                0x08005e10                USBD_DeInit
 .text.USBD_SetupStage
                0x08005e28       0x6c ..\obj\usbd_core.o
 .text.USBD_DataOutStage
                0x08005e94       0xd0 ..\obj\usbd_core.o
 .text.USBD_DataInStage
                0x08005f64      0x11c ..\obj\usbd_core.o
 .text.USBD_RunTestMode
                0x08006080       0x24 ..\obj\usbd_core.o
 .text.USBD_Reset
                0x080060a4       0x44 ..\obj\usbd_core.o
 .text.USBD_Resume
                0x080060e8       0x30 ..\obj\usbd_core.o
 .text.USBD_Suspend
                0x08006118       0x30 ..\obj\usbd_core.o
 .text.USBD_SOF
                0x08006148       0x2c ..\obj\usbd_core.o
 .text.USBD_SetCfg
                0x08006174       0x30 ..\obj\usbd_core.o
                0x08006174                USBD_SetCfg
 .text.USBD_ClrCfg
                0x080061a4       0x28 ..\obj\usbd_core.o
                0x080061a4                USBD_ClrCfg
 .text.USBD_IsoINIncomplete
                0x080061cc       0x20 ..\obj\usbd_core.o
 .text.USBD_IsoOUTIncomplete
                0x080061ec       0x20 ..\obj\usbd_core.o
 .text.USBD_DevConnected
                0x0800620c       0x24 ..\obj\usbd_core.o
 .text.USBD_DevDisconnected
                0x08006230       0x34 ..\obj\usbd_core.o
 .text.main     0x08006264       0x18 ..\obj\main.o
                0x08006264                main
 .text.RCC_DeInit
                0x0800627c       0x70 ..\obj\stm32f10x_rcc.o
                0x0800627c                RCC_DeInit
 .text.RCC_HSEConfig
                0x080062ec       0x5c ..\obj\stm32f10x_rcc.o
                0x080062ec                RCC_HSEConfig
 .text.RCC_WaitForHSEStartUp
                0x08006348       0x50 ..\obj\stm32f10x_rcc.o
                0x08006348                RCC_WaitForHSEStartUp
 .text.RCC_PLLConfig
                0x08006398       0x3c ..\obj\stm32f10x_rcc.o
                0x08006398                RCC_PLLConfig
 .text.RCC_PLLCmd
                0x080063d4       0x20 ..\obj\stm32f10x_rcc.o
                0x080063d4                RCC_PLLCmd
 .text.RCC_PREDIV1Config
                0x080063f4       0x40 ..\obj\stm32f10x_rcc.o
                0x080063f4                RCC_PREDIV1Config
 .text.RCC_PREDIV2Config
                0x08006434       0x38 ..\obj\stm32f10x_rcc.o
                0x08006434                RCC_PREDIV2Config
 .text.RCC_PLL2Config
                0x0800646c       0x38 ..\obj\stm32f10x_rcc.o
                0x0800646c                RCC_PLL2Config
 .text.RCC_PLL2Cmd
                0x080064a4       0x20 ..\obj\stm32f10x_rcc.o
                0x080064a4                RCC_PLL2Cmd
 .text.RCC_SYSCLKConfig
                0x080064c4       0x38 ..\obj\stm32f10x_rcc.o
                0x080064c4                RCC_SYSCLKConfig
 .text.RCC_GetSYSCLKSource
                0x080064fc       0x20 ..\obj\stm32f10x_rcc.o
                0x080064fc                RCC_GetSYSCLKSource
 .text.RCC_HCLKConfig
                0x0800651c       0x38 ..\obj\stm32f10x_rcc.o
                0x0800651c                RCC_HCLKConfig
 .text.RCC_PCLK1Config
                0x08006554       0x38 ..\obj\stm32f10x_rcc.o
                0x08006554                RCC_PCLK1Config
 .text.RCC_PCLK2Config
                0x0800658c       0x38 ..\obj\stm32f10x_rcc.o
                0x0800658c                RCC_PCLK2Config
 .text.RCC_ADCCLKConfig
                0x080065c4       0x38 ..\obj\stm32f10x_rcc.o
                0x080065c4                RCC_ADCCLKConfig
 .text.RCC_GetClocksFreq
                0x080065fc      0x1cc ..\obj\stm32f10x_rcc.o
                0x080065fc                RCC_GetClocksFreq
 .text.RCC_AHBPeriphClockCmd
                0x080067c8       0x3c ..\obj\stm32f10x_rcc.o
                0x080067c8                RCC_AHBPeriphClockCmd
 .text.RCC_APB2PeriphClockCmd
                0x08006804       0x3c ..\obj\stm32f10x_rcc.o
                0x08006804                RCC_APB2PeriphClockCmd
 .text.RCC_APB1PeriphClockCmd
                0x08006840       0x3c ..\obj\stm32f10x_rcc.o
                0x08006840                RCC_APB1PeriphClockCmd
 .text.RCC_APB2PeriphResetCmd
                0x0800687c       0x3c ..\obj\stm32f10x_rcc.o
                0x0800687c                RCC_APB2PeriphResetCmd
 .text.RCC_APB1PeriphResetCmd
                0x080068b8       0x3c ..\obj\stm32f10x_rcc.o
                0x080068b8                RCC_APB1PeriphResetCmd
 .text.RCC_GetFlagStatus
                0x080068f4       0x74 ..\obj\stm32f10x_rcc.o
                0x080068f4                RCC_GetFlagStatus
 .text.Reset_Handler
                0x08006968       0x50 ..\obj\startup_stm32f10x_cl.o
                0x08006968                Reset_Handler
 .text.Default_Handler
                0x080069b8        0x4 ..\obj\startup_stm32f10x_cl.o
                0x080069b8                EXTI2_IRQHandler
                0x080069b8                TIM1_CC_IRQHandler
                0x080069b8                TIM6_IRQHandler
                0x080069b8                PVD_IRQHandler
                0x080069b8                CAN2_RX1_IRQHandler
                0x080069b8                I2C2_EV_IRQHandler
                0x080069b8                CAN1_RX0_IRQHandler
                0x080069b8                CAN2_SCE_IRQHandler
                0x080069b8                ADC1_2_IRQHandler
                0x080069b8                SPI1_IRQHandler
                0x080069b8                TAMPER_IRQHandler
                0x080069b8                CAN2_RX0_IRQHandler
                0x080069b8                DMA2_Channel2_IRQHandler
                0x080069b8                DMA1_Channel4_IRQHandler
                0x080069b8                USART3_IRQHandler
                0x080069b8                DMA1_Channel7_IRQHandler
                0x080069b8                CAN1_RX1_IRQHandler
                0x080069b8                UART5_IRQHandler
                0x080069b8                TIM4_IRQHandler
                0x080069b8                DMA2_Channel1_IRQHandler
                0x080069b8                I2C1_EV_IRQHandler
                0x080069b8                DMA1_Channel6_IRQHandler
                0x080069b8                UART4_IRQHandler
                0x080069b8                DMA2_Channel4_IRQHandler
                0x080069b8                TIM3_IRQHandler
                0x080069b8                RCC_IRQHandler
                0x080069b8                TIM1_TRG_COM_IRQHandler
                0x080069b8                DMA1_Channel1_IRQHandler
                0x080069b8                Default_Handler
                0x080069b8                TIM7_IRQHandler
                0x080069b8                CAN2_TX_IRQHandler
                0x080069b8                TIM5_IRQHandler
                0x080069b8                ETH_WKUP_IRQHandler
                0x080069b8                SPI2_IRQHandler
                0x080069b8                CAN1_TX_IRQHandler
                0x080069b8                DMA2_Channel5_IRQHandler
                0x080069b8                DMA1_Channel5_IRQHandler
                0x080069b8                EXTI4_IRQHandler
                0x080069b8                DMA1_Channel3_IRQHandler
                0x080069b8                ETH_IRQHandler
                0x080069b8                TIM1_UP_IRQHandler
                0x080069b8                WWDG_IRQHandler
                0x080069b8                TIM2_IRQHandler
                0x080069b8                TIM1_BRK_IRQHandler
                0x080069b8                EXTI1_IRQHandler
                0x080069b8                RTCAlarm_IRQHandler
                0x080069b8                USART2_IRQHandler
                0x080069b8                I2C2_ER_IRQHandler
                0x080069b8                DMA1_Channel2_IRQHandler
                0x080069b8                CAN1_SCE_IRQHandler
                0x080069b8                FLASH_IRQHandler
                0x080069b8                USART1_IRQHandler
                0x080069b8                SPI3_IRQHandler
                0x080069b8                I2C1_ER_IRQHandler
                0x080069b8                DMA2_Channel3_IRQHandler
 .text.instanceconfigframeheader
                0x080069bc       0x44 ..\obj\instance.o
                0x080069bc                instanceconfigframeheader
 .text.instancerxon
                0x08006a00       0x48 ..\obj\instance.o
                0x08006a00                instancerxon
 .text.instancesendpacket
                0x08006a48       0x4c ..\obj\instance.o
                0x08006a48                instancesendpacket
 .text.testapprun
                0x08006a94     0x103c ..\obj\instance.o
                0x08006a94                testapprun
 .text.instance_init_s
                0x08007ad0       0x60 ..\obj\instance.o
                0x08007ad0                instance_init_s
 .text.instance_init_timings
                0x08007b30      0x388 ..\obj\instance.o
                0x08007b30                instance_init_timings
 .text.instance_get_addr
                0x08007eb8      0x144 ..\obj\instance.o
                0x08007eb8                instance_get_addr
 .text.instance_get_tagaddr
                0x08007ffc      0x144 ..\obj\instance.o
                0x08007ffc                instance_get_tagaddr
 .text.instance_get_anchaddr
                0x08008140      0x144 ..\obj\instance.o
                0x08008140                instance_get_anchaddr
 .text.EXTI_Init
                0x08008284       0xdc ..\obj\stm32f10x_exti.o
                0x08008284                EXTI_Init
 .text.EXTI_ClearITPendingBit
                0x08008360       0x1c ..\obj\stm32f10x_exti.o
                0x08008360                EXTI_ClearITPendingBit
 .text.USBD_USR_DeviceDescriptor
                0x0800837c       0x24 ..\obj\usbd_desc.o
                0x0800837c                USBD_USR_DeviceDescriptor
 .text.USBD_USR_LangIDStrDescriptor
                0x080083a0       0x24 ..\obj\usbd_desc.o
                0x080083a0                USBD_USR_LangIDStrDescriptor
 .text.USBD_USR_ProductStrDescriptor
                0x080083c4       0x40 ..\obj\usbd_desc.o
                0x080083c4                USBD_USR_ProductStrDescriptor
 .text.USBD_USR_ManufacturerStrDescriptor
                0x08008404       0x28 ..\obj\usbd_desc.o
                0x08008404                USBD_USR_ManufacturerStrDescriptor
 .text.USBD_USR_SerialStrDescriptor
                0x0800842c       0x40 ..\obj\usbd_desc.o
                0x0800842c                USBD_USR_SerialStrDescriptor
 .text.USBD_USR_ConfigStrDescriptor
                0x0800846c       0x3c ..\obj\usbd_desc.o
                0x0800846c                USBD_USR_ConfigStrDescriptor
 .text.USBD_USR_InterfaceStrDescriptor
                0x080084a8       0x3c ..\obj\usbd_desc.o
                0x080084a8                USBD_USR_InterfaceStrDescriptor
 .text.decamutexon
                0x080084e4       0x24 ..\obj\deca_mutex.o
                0x080084e4                decamutexon
 .text.decamutexoff
                0x08008508       0x18 ..\obj\deca_mutex.o
                0x08008508                decamutexoff
 .text.DW_VCP_Init
                0x08008520       0x10 ..\obj\deca_usb.o
                0x08008520                DW_VCP_Init
 .text.DW_VCP_DeInit
                0x08008530       0x10 ..\obj\deca_usb.o
                0x08008530                DW_VCP_DeInit
 .text.DW_VCP_Ctrl
                0x08008540       0x1c ..\obj\deca_usb.o
                0x08008540                DW_VCP_Ctrl
 .text.DW_VCP_DataTx
                0x0800855c       0x50 ..\obj\deca_usb.o
                0x0800855c                DW_VCP_DataTx
 .text.DW_VCP_DataRx
                0x080085ac       0xf8 ..\obj\deca_usb.o
                0x080085ac                DW_VCP_DataRx
 .text.configSPIspeed
                0x080086a4       0x1c ..\obj\deca_usb.o
                0x080086a4                configSPIspeed
 .text.process_usbmessage
                0x080086c0      0x340 ..\obj\deca_usb.o
                0x080086c0                process_usbmessage
 .text.send_usbmessage
                0x08008a00       0x48 ..\obj\deca_usb.o
                0x08008a00                send_usbmessage
 .text.usb_printconfig
                0x08008a48       0x2c ..\obj\deca_usb.o
                0x08008a48                usb_printconfig
 .text.usb_init
                0x08008a74       0x68 ..\obj\deca_usb.o
                0x08008a74                usb_init
 .text.usb_run  0x08008adc       0x90 ..\obj\deca_usb.o
                0x08008adc                usb_run
 .text.deca_sleep
                0x08008b6c       0x14 ..\obj\deca_sleep.o
                0x08008b6c                deca_sleep
 .text.FLASH_SetLatency
                0x08008b80       0x38 ..\obj\stm32f10x_flash.o
                0x08008b80                FLASH_SetLatency
 .text.FLASH_PrefetchBufferCmd
                0x08008bb8       0x30 ..\obj\stm32f10x_flash.o
                0x08008bb8                FLASH_PrefetchBufferCmd
 .text.NMI_Handler
                0x08008be8        0xc ..\obj\stm32f10x_it.o
                0x08008be8                NMI_Handler
 .text.pop_registers_from_fault_stack
                0x08008bf4       0x3c ..\obj\stm32f10x_it.o
                0x08008bf4                pop_registers_from_fault_stack
 .text.HardFault_Handler
                0x08008c30       0x20 ..\obj\stm32f10x_it.o
                0x08008c30                HardFault_Handler
 .text.MemManage_Handler
                0x08008c50        0x8 ..\obj\stm32f10x_it.o
                0x08008c50                MemManage_Handler
 .text.BusFault_Handler
                0x08008c58        0x8 ..\obj\stm32f10x_it.o
                0x08008c58                BusFault_Handler
 .text.UsageFault_Handler
                0x08008c60        0x8 ..\obj\stm32f10x_it.o
                0x08008c60                UsageFault_Handler
 .text.SVC_Handler
                0x08008c68        0xc ..\obj\stm32f10x_it.o
                0x08008c68                SVC_Handler
 .text.DebugMon_Handler
                0x08008c74        0xc ..\obj\stm32f10x_it.o
                0x08008c74                DebugMon_Handler
 .text.PendSV_Handler
                0x08008c80        0xc ..\obj\stm32f10x_it.o
                0x08008c80                PendSV_Handler
 .text.RTC_IRQHandler
                0x08008c8c       0x1c ..\obj\stm32f10x_it.o
                0x08008c8c                RTC_IRQHandler
 .text.SysTick_Handler
                0x08008ca8       0x1c ..\obj\stm32f10x_it.o
                0x08008ca8                SysTick_Handler
 .text.EXTI15_10_IRQHandler
                0x08008cc4       0x10 ..\obj\stm32f10x_it.o
                0x08008cc4                EXTI15_10_IRQHandler
 .text.EXTI0_IRQHandler
                0x08008cd4       0x10 ..\obj\stm32f10x_it.o
                0x08008cd4                EXTI0_IRQHandler
 .text.EXTI3_IRQHandler
                0x08008ce4       0x10 ..\obj\stm32f10x_it.o
                0x08008ce4                EXTI3_IRQHandler
 .text.EXTI9_5_IRQHandler
                0x08008cf4       0x10 ..\obj\stm32f10x_it.o
                0x08008cf4                EXTI9_5_IRQHandler
 .text.OTG_FS_WKUP_IRQHandler
                0x08008d04       0x34 ..\obj\stm32f10x_it.o
                0x08008d04                OTG_FS_WKUP_IRQHandler
 .text.OTG_FS_IRQHandler
                0x08008d38       0x10 ..\obj\stm32f10x_it.o
                0x08008d38                OTG_FS_IRQHandler
 .text.USBD_StdDevReq
                0x08008d48       0xa0 ..\obj\usbd_req.o
                0x08008d48                USBD_StdDevReq
 .text.USBD_StdItfReq
                0x08008de8       0x68 ..\obj\usbd_req.o
                0x08008de8                USBD_StdItfReq
 .text.USBD_StdEPReq
                0x08008e50      0x1b0 ..\obj\usbd_req.o
                0x08008e50                USBD_StdEPReq
 .text.USBD_GetDescriptor
                0x08009000      0x1b8 ..\obj\usbd_req.o
 .text.USBD_SetAddress
                0x080091b8       0x7c ..\obj\usbd_req.o
 .text.USBD_SetConfig
                0x08009234       0xf4 ..\obj\usbd_req.o
 .text.USBD_GetConfig
                0x08009328       0x60 ..\obj\usbd_req.o
 .text.USBD_GetStatus
                0x08009388       0x54 ..\obj\usbd_req.o
 .text.USBD_SetFeature
                0x080093dc       0xd8 ..\obj\usbd_req.o
 .text.USBD_ClrFeature
                0x080094b4       0x50 ..\obj\usbd_req.o
 .text.USBD_ParseSetupRequest
                0x08009504       0x8c ..\obj\usbd_req.o
                0x08009504                USBD_ParseSetupRequest
 .text.USBD_CtlError
                0x08009590       0x28 ..\obj\usbd_req.o
                0x08009590                USBD_CtlError
 .text.USBD_GetString
                0x080095b8       0x7c ..\obj\usbd_req.o
                0x080095b8                USBD_GetString
 .text.USBD_GetLen
                0x08009634       0x30 ..\obj\usbd_req.o
 .text.__NOP    0x08009664       0x10 ..\obj\port.o
 .text.NVIC_EnableIRQ
                0x08009674       0x30 ..\obj\port.o
 .text.NVIC_DisableIRQ
                0x080096a4       0x34 ..\obj\port.o
 .text.NVIC_SetPriority
                0x080096d8       0x54 ..\obj\port.o
 .text.SysTick_Config
                0x0800972c       0x44 ..\obj\port.o
 .text.portGetTickCnt
                0x08009770       0x18 ..\obj\port.o
                0x08009770                portGetTickCnt
 .text.SysTick_Configuration
                0x08009788       0x38 ..\obj\port.o
                0x08009788                SysTick_Configuration
 .text.usleep   0x080097c0       0x40 ..\obj\port.o
                0x080097c0                usleep
 .text.Sleep    0x08009800       0x2c ..\obj\port.o
                0x08009800                Sleep
 .text.peripherals_init
                0x0800982c       0x1c ..\obj\port.o
                0x0800982c                peripherals_init
 .text.spi_peripheral_init
                0x08009848       0x18 ..\obj\port.o
                0x08009848                spi_peripheral_init
 .text.NVIC_Configuration
                0x08009860       0x68 ..\obj\port.o
 .text.EXTI_GetITEnStatus
                0x080098c8       0x2c ..\obj\port.o
                0x080098c8                EXTI_GetITEnStatus
 .text.RCC_Configuration
                0x080098f4       0xd4 ..\obj\port.o
 .text.SPI1_ConfigRate
                0x080099c8       0x58 ..\obj\port.o
 .text.SPI1_Configuration
                0x08009a20       0x6c ..\obj\port.o
 .text.SPI2_Configuration
                0x08009a8c       0xe0 ..\obj\port.o
 .text.GPIO_Configuration
                0x08009b6c       0xc0 ..\obj\port.o
 .text.reset_DW1000
                0x08009c2c       0x50 ..\obj\port.o
                0x08009c2c                reset_DW1000
 .text.setup_DW1000RSTnIRQ
                0x08009c7c       0xa4 ..\obj\port.o
                0x08009c7c                setup_DW1000RSTnIRQ
 .text.port_is_boot1_on
                0x08009d20       0x2c ..\obj\port.o
                0x08009d20                port_is_boot1_on
 .text.port_is_switch_on
                0x08009d4c       0x2c ..\obj\port.o
                0x08009d4c                port_is_switch_on
 .text.led_off  0x08009d78       0x70 ..\obj\port.o
                0x08009d78                led_off
 .text.led_on   0x08009de8       0x70 ..\obj\port.o
                0x08009de8                led_on
 .text.port_wakeup_dw1000
                0x08009e58       0x28 ..\obj\port.o
                0x08009e58                port_wakeup_dw1000
 .text.port_wakeup_dw1000_fast
                0x08009e80       0x6c ..\obj\port.o
                0x08009e80                port_wakeup_dw1000_fast
 .text.port_set_dw1000_slowrate
                0x08009eec        0xc ..\obj\port.o
                0x08009eec                port_set_dw1000_slowrate
 .text.port_set_dw1000_fastrate
                0x08009ef8        0xc ..\obj\port.o
                0x08009ef8                port_set_dw1000_fastrate
 .text.port_LCD_RS_set
                0x08009f04       0x14 ..\obj\port.o
                0x08009f04                port_LCD_RS_set
 .text.port_LCD_RS_clear
                0x08009f18       0x14 ..\obj\port.o
                0x08009f18                port_LCD_RS_clear
 .text.port_LCD_RW_clear
                0x08009f2c       0x14 ..\obj\port.o
                0x08009f2c                port_LCD_RW_clear
 .text.process_dwRSTn_irq
                0x08009f40       0x18 ..\obj\port.o
                0x08009f40                process_dwRSTn_irq
 .text.process_deca_irq
                0x08009f58       0x18 ..\obj\port.o
                0x08009f58                process_deca_irq
 .text.port_DisableEXT_IRQ
                0x08009f70        0xc ..\obj\port.o
                0x08009f70                port_DisableEXT_IRQ
 .text.port_EnableEXT_IRQ
                0x08009f7c        0xc ..\obj\port.o
                0x08009f7c                port_EnableEXT_IRQ
 .text.port_GetEXT_IRQStatus
                0x08009f88       0x10 ..\obj\port.o
                0x08009f88                port_GetEXT_IRQStatus
 .text.port_CheckEXT_IRQ
                0x08009f98       0x18 ..\obj\port.o
                0x08009f98                port_CheckEXT_IRQ
 .text.USBD_OTG_ISR_Handler
                0x08009fb0      0x190 ..\obj\usb_dcd_int.o
                0x08009fb0                USBD_OTG_ISR_Handler
 .text.DCD_SessionRequest_ISR
                0x0800a140       0x34 ..\obj\usb_dcd_int.o
 .text.DCD_OTG_ISR
                0x0800a174       0x3c ..\obj\usb_dcd_int.o
 .text.DCD_HandleResume_ISR
                0x0800a1b0       0x80 ..\obj\usb_dcd_int.o
 .text.DCD_HandleUSBSuspend_ISR
                0x0800a230       0xbc ..\obj\usb_dcd_int.o
 .text.DCD_HandleInEP_ISR
                0x0800a2ec      0x19c ..\obj\usb_dcd_int.o
 .text.DCD_HandleOutEP_ISR
                0x0800a488      0x150 ..\obj\usb_dcd_int.o
 .text.DCD_HandleSof_ISR
                0x0800a5d8       0x34 ..\obj\usb_dcd_int.o
 .text.DCD_HandleRxStatusQueueLevel_ISR
                0x0800a60c      0x104 ..\obj\usb_dcd_int.o
 .text.DCD_WriteEmptyTxFifo
                0x0800a710      0x110 ..\obj\usb_dcd_int.o
 .text.DCD_HandleUsbReset_ISR
                0x0800a820      0x12c ..\obj\usb_dcd_int.o
 .text.DCD_HandleEnumDone_ISR
                0x0800a94c       0x78 ..\obj\usb_dcd_int.o
 .text.DCD_IsoINIncomplete_ISR
                0x0800a9c4       0x34 ..\obj\usb_dcd_int.o
 .text.DCD_IsoOUTIncomplete_ISR
                0x0800a9f8       0x34 ..\obj\usb_dcd_int.o
 .text.DCD_ReadDevInEP
                0x0800aa2c       0x50 ..\obj\usb_dcd_int.o
 .text.usbd_cdc_Init
                0x0800aa7c       0x6c ..\obj\usbd_cdc_core.o
 .text.usbd_cdc_DeInit
                0x0800aae8       0x38 ..\obj\usbd_cdc_core.o
 .text.usbd_cdc_Setup
                0x0800ab20      0x12c ..\obj\usbd_cdc_core.o
 .text.usbd_cdc_EP0_RxReady
                0x0800ac4c       0x44 ..\obj\usbd_cdc_core.o
 .text.usbd_cdc_DataIn
                0x0800ac90       0xac ..\obj\usbd_cdc_core.o
 .text.usbd_cdc_DataOut
                0x0800ad3c       0x4c ..\obj\usbd_cdc_core.o
 .text.usbd_cdc_SOF
                0x0800ad88       0x30 ..\obj\usbd_cdc_core.o
 .text.Handle_USBAsynchXfer
                0x0800adb8       0xe4 ..\obj\usbd_cdc_core.o
 .text.USBD_cdc_GetCfgDesc
                0x0800ae9c       0x24 ..\obj\usbd_cdc_core.o
 .text.__WFI    0x0800aec0       0x10 ..\obj\dw_main.o
 .text.decarangingmode
                0x0800aed0       0x4c ..\obj\dw_main.o
                0x0800aed0                decarangingmode
 .text.inittestapplication
                0x0800af1c      0x124 ..\obj\dw_main.o
                0x0800af1c                inittestapplication
 .text.initLCD  0x0800b040       0x68 ..\obj\dw_main.o
                0x0800b040                initLCD
 .text.setLCDline1
                0x0800b0a8       0x64 ..\obj\dw_main.o
                0x0800b0a8                setLCDline1
 .text.configure_continuous_txspectrum_mode
                0x0800b10c       0x8c ..\obj\dw_main.o
                0x0800b10c                configure_continuous_txspectrum_mode
 .text.dw_main  0x0800b198      0x7e0 ..\obj\dw_main.o
                0x0800b198                dw_main
 .text.NVIC_PriorityGroupConfig
                0x0800b978       0x24 ..\obj\misc.o
                0x0800b978                NVIC_PriorityGroupConfig
 .text.NVIC_Init
                0x0800b99c       0xc0 ..\obj\misc.o
                0x0800b99c                NVIC_Init
 .text.DCD_Init
                0x0800ba5c      0x104 ..\obj\usb_dcd.o
                0x0800ba5c                DCD_Init
 .text.DCD_EP_Open
                0x0800bb60       0xa0 ..\obj\usb_dcd.o
                0x0800bb60                DCD_EP_Open
 .text.DCD_EP_Close
                0x0800bc00       0x74 ..\obj\usb_dcd.o
                0x0800bc00                DCD_EP_Close
 .text.DCD_EP_PrepareRx
                0x0800bc74       0x80 ..\obj\usb_dcd.o
                0x0800bc74                DCD_EP_PrepareRx
 .text.DCD_EP_Tx
                0x0800bcf4       0x78 ..\obj\usb_dcd.o
                0x0800bcf4                DCD_EP_Tx
 .text.DCD_EP_Stall
                0x0800bd6c       0x78 ..\obj\usb_dcd.o
                0x0800bd6c                DCD_EP_Stall
 .text.DCD_EP_ClrStall
                0x0800bde4       0x78 ..\obj\usb_dcd.o
                0x0800bde4                DCD_EP_ClrStall
 .text.DCD_EP_Flush
                0x0800be5c       0x34 ..\obj\usb_dcd.o
                0x0800be5c                DCD_EP_Flush
 .text.DCD_EP_SetAddress
                0x0800be90       0x3c ..\obj\usb_dcd.o
                0x0800be90                DCD_EP_SetAddress
 .text.SPI_I2S_DeInit
                0x0800becc       0x74 ..\obj\stm32f10x_spi.o
                0x0800becc                SPI_I2S_DeInit
 .text.SPI_Init
                0x0800bf40       0x88 ..\obj\stm32f10x_spi.o
                0x0800bf40                SPI_Init
 .text.SPI_Cmd  0x0800bfc8       0x40 ..\obj\stm32f10x_spi.o
                0x0800bfc8                SPI_Cmd
 .text.SPI_I2S_SendData
                0x0800c008       0x1c ..\obj\stm32f10x_spi.o
                0x0800c008                SPI_I2S_SendData
 .text.SPI_I2S_ReceiveData
                0x0800c024       0x1c ..\obj\stm32f10x_spi.o
                0x0800c024                SPI_I2S_ReceiveData
 .text.SPI_SSOutputCmd
                0x0800c040       0x40 ..\obj\stm32f10x_spi.o
                0x0800c040                SPI_SSOutputCmd
 .text.SPI_I2S_GetFlagStatus
                0x0800c080       0x38 ..\obj\stm32f10x_spi.o
                0x0800c080                SPI_I2S_GetFlagStatus
 .text.USBD_CtlSendData
                0x0800c0b8       0x40 ..\obj\usbd_ioreq.o
                0x0800c0b8                USBD_CtlSendData
 .text.USBD_CtlContinueSendData
                0x0800c0f8       0x28 ..\obj\usbd_ioreq.o
                0x0800c0f8                USBD_CtlContinueSendData
 .text.USBD_CtlPrepareRx
                0x0800c120       0x40 ..\obj\usbd_ioreq.o
                0x0800c120                USBD_CtlPrepareRx
 .text.USBD_CtlContinueRx
                0x0800c160       0x28 ..\obj\usbd_ioreq.o
                0x0800c160                USBD_CtlContinueRx
 .text.USBD_CtlSendStatus
                0x0800c188       0x30 ..\obj\usbd_ioreq.o
                0x0800c188                USBD_CtlSendStatus
 .text.USBD_CtlReceiveStatus
                0x0800c1b8       0x30 ..\obj\usbd_ioreq.o
                0x0800c1b8                USBD_CtlReceiveStatus
 .text.dwt_getrangebias
                0x0800c1e8      0x198 ..\obj\deca_range_tables.o
                0x0800c1e8                dwt_getrangebias
 .text.memcmp   0x0800c380       0x68 c:/coocox/gcc_arm_based/4.8_2014q3/bin/../lib/gcc/arm-none-eabi/4.8.4/../../../../arm-none-eabi/lib/armv7-m\libc.a(lib_a-memcmp.o)
                0x0800c380                memcmp
 .text.sprintf  0x0800c3e8       0x4c c:/coocox/gcc_arm_based/4.8_2014q3/bin/../lib/gcc/arm-none-eabi/4.8.4/../../../../arm-none-eabi/lib/armv7-m\libc.a(lib_a-sprintf.o)
                0x0800c3e8                sprintf
 .text._svfprintf_r
                0x0800c434     0x14e0 c:/coocox/gcc_arm_based/4.8_2014q3/bin/../lib/gcc/arm-none-eabi/4.8.4/../../../../arm-none-eabi/lib/armv7-m\libc.a(lib_a-svfprintf.o)
                0x0800c434                _svfprintf_r
 .text.quorem   0x0800d914      0x134 c:/coocox/gcc_arm_based/4.8_2014q3/bin/../lib/gcc/arm-none-eabi/4.8.4/../../../../arm-none-eabi/lib/armv7-m\libc.a(lib_a-dtoa.o)
 .text._dtoa_r  0x0800da48      0xe38 c:/coocox/gcc_arm_based/4.8_2014q3/bin/../lib/gcc/arm-none-eabi/4.8.4/../../../../arm-none-eabi/lib/armv7-m\libc.a(lib_a-dtoa.o)
                0x0800da48                _dtoa_r
 .text._localeconv_r
                0x0800e880        0x8 c:/coocox/gcc_arm_based/4.8_2014q3/bin/../lib/gcc/arm-none-eabi/4.8.4/../../../../arm-none-eabi/lib/armv7-m\libc.a(lib_a-locale.o)
                0x0800e880                _localeconv_r
 .text._malloc_r
                0x0800e888      0x538 c:/coocox/gcc_arm_based/4.8_2014q3/bin/../lib/gcc/arm-none-eabi/4.8.4/../../../../arm-none-eabi/lib/armv7-m\libc.a(lib_a-mallocr.o)
                0x0800e888                _malloc_r
 .text.memchr   0x0800edc0       0x94 c:/coocox/gcc_arm_based/4.8_2014q3/bin/../lib/gcc/arm-none-eabi/4.8.4/../../../../arm-none-eabi/lib/armv7-m\libc.a(lib_a-memchr-stub.o)
                0x0800edc0                memchr
 .text.__malloc_lock
                0x0800ee54        0x4 c:/coocox/gcc_arm_based/4.8_2014q3/bin/../lib/gcc/arm-none-eabi/4.8.4/../../../../arm-none-eabi/lib/armv7-m\libc.a(lib_a-mlock.o)
                0x0800ee54                __malloc_lock
 .text.__malloc_unlock
                0x0800ee58        0x4 c:/coocox/gcc_arm_based/4.8_2014q3/bin/../lib/gcc/arm-none-eabi/4.8.4/../../../../arm-none-eabi/lib/armv7-m\libc.a(lib_a-mlock.o)
                0x0800ee58                __malloc_unlock
 .text._Balloc  0x0800ee5c       0x4c c:/coocox/gcc_arm_based/4.8_2014q3/bin/../lib/gcc/arm-none-eabi/4.8.4/../../../../arm-none-eabi/lib/armv7-m\libc.a(lib_a-mprec.o)
                0x0800ee5c                _Balloc
 .text._Bfree   0x0800eea8       0x14 c:/coocox/gcc_arm_based/4.8_2014q3/bin/../lib/gcc/arm-none-eabi/4.8.4/../../../../arm-none-eabi/lib/armv7-m\libc.a(lib_a-mprec.o)
                0x0800eea8                _Bfree
 .text.__multadd
                0x0800eebc       0x94 c:/coocox/gcc_arm_based/4.8_2014q3/bin/../lib/gcc/arm-none-eabi/4.8.4/../../../../arm-none-eabi/lib/armv7-m\libc.a(lib_a-mprec.o)
                0x0800eebc                __multadd
 .text.__hi0bits
                0x0800ef50       0x40 c:/coocox/gcc_arm_based/4.8_2014q3/bin/../lib/gcc/arm-none-eabi/4.8.4/../../../../arm-none-eabi/lib/armv7-m\libc.a(lib_a-mprec.o)
                0x0800ef50                __hi0bits
 .text.__lo0bits
                0x0800ef90       0x5c c:/coocox/gcc_arm_based/4.8_2014q3/bin/../lib/gcc/arm-none-eabi/4.8.4/../../../../arm-none-eabi/lib/armv7-m\libc.a(lib_a-mprec.o)
                0x0800ef90                __lo0bits
 .text.__i2b    0x0800efec       0x14 c:/coocox/gcc_arm_based/4.8_2014q3/bin/../lib/gcc/arm-none-eabi/4.8.4/../../../../arm-none-eabi/lib/armv7-m\libc.a(lib_a-mprec.o)
                0x0800efec                __i2b
 .text.__multiply
                0x0800f000      0x13c c:/coocox/gcc_arm_based/4.8_2014q3/bin/../lib/gcc/arm-none-eabi/4.8.4/../../../../arm-none-eabi/lib/armv7-m\libc.a(lib_a-mprec.o)
                0x0800f000                __multiply
 .text.__pow5mult
                0x0800f13c       0x9c c:/coocox/gcc_arm_based/4.8_2014q3/bin/../lib/gcc/arm-none-eabi/4.8.4/../../../../arm-none-eabi/lib/armv7-m\libc.a(lib_a-mprec.o)
                0x0800f13c                __pow5mult
 .text.__lshift
                0x0800f1d8       0xbc c:/coocox/gcc_arm_based/4.8_2014q3/bin/../lib/gcc/arm-none-eabi/4.8.4/../../../../arm-none-eabi/lib/armv7-m\libc.a(lib_a-mprec.o)
                0x0800f1d8                __lshift
 .text.__mcmp   0x0800f294       0x48 c:/coocox/gcc_arm_based/4.8_2014q3/bin/../lib/gcc/arm-none-eabi/4.8.4/../../../../arm-none-eabi/lib/armv7-m\libc.a(lib_a-mprec.o)
                0x0800f294                __mcmp
 .text.__mdiff  0x0800f2dc       0xd8 c:/coocox/gcc_arm_based/4.8_2014q3/bin/../lib/gcc/arm-none-eabi/4.8.4/../../../../arm-none-eabi/lib/armv7-m\libc.a(lib_a-mprec.o)
                0x0800f2dc                __mdiff
 .text.__d2b    0x0800f3b4       0xbc c:/coocox/gcc_arm_based/4.8_2014q3/bin/../lib/gcc/arm-none-eabi/4.8.4/../../../../arm-none-eabi/lib/armv7-m\libc.a(lib_a-mprec.o)
                0x0800f3b4                __d2b
 .text.__fpclassifyd
                0x0800f470       0x50 c:/coocox/gcc_arm_based/4.8_2014q3/bin/../lib/gcc/arm-none-eabi/4.8.4/../../../../arm-none-eabi/lib/armv7-m\libc.a(lib_a-s_fpclassify.o)
                0x0800f470                __fpclassifyd
 .text._sbrk_r  0x0800f4c0       0x24 c:/coocox/gcc_arm_based/4.8_2014q3/bin/../lib/gcc/arm-none-eabi/4.8.4/../../../../arm-none-eabi/lib/armv7-m\libc.a(lib_a-sbrkr.o)
                0x0800f4c0                _sbrk_r
 .text.strlen   0x0800f4e4       0x60 c:/coocox/gcc_arm_based/4.8_2014q3/bin/../lib/gcc/arm-none-eabi/4.8.4/../../../../arm-none-eabi/lib/armv7-m\libc.a(lib_a-strlen.o)
                0x0800f4e4                strlen
 .text.__ssprint_r
                0x0800f544      0x100 c:/coocox/gcc_arm_based/4.8_2014q3/bin/../lib/gcc/arm-none-eabi/4.8.4/../../../../arm-none-eabi/lib/armv7-m\libc.a(lib_a-svfiprintf.o)
                0x0800f544                __ssprint_r
 .text._calloc_r
                0x0800f644       0x60 c:/coocox/gcc_arm_based/4.8_2014q3/bin/../lib/gcc/arm-none-eabi/4.8.4/../../../../arm-none-eabi/lib/armv7-m\libc.a(lib_a-callocr.o)
                0x0800f644                _calloc_r
 .text._malloc_trim_r
                0x0800f6a4       0x9c c:/coocox/gcc_arm_based/4.8_2014q3/bin/../lib/gcc/arm-none-eabi/4.8.4/../../../../arm-none-eabi/lib/armv7-m\libc.a(lib_a-freer.o)
                0x0800f6a4                _malloc_trim_r
 .text._free_r  0x0800f740      0x198 c:/coocox/gcc_arm_based/4.8_2014q3/bin/../lib/gcc/arm-none-eabi/4.8.4/../../../../arm-none-eabi/lib/armv7-m\libc.a(lib_a-freer.o)
                0x0800f740                _free_r
 .text.memmove  0x0800f8d8       0xcc c:/coocox/gcc_arm_based/4.8_2014q3/bin/../lib/gcc/arm-none-eabi/4.8.4/../../../../arm-none-eabi/lib/armv7-m\libc.a(lib_a-memmove.o)
                0x0800f8d8                memmove
 .text._realloc_r
                0x0800f9a4      0x3c0 c:/coocox/gcc_arm_based/4.8_2014q3/bin/../lib/gcc/arm-none-eabi/4.8.4/../../../../arm-none-eabi/lib/armv7-m\libc.a(lib_a-reallocr.o)
                0x0800f9a4                _realloc_r
 .text._sbrk    0x0800fd64       0x34 c:/coocox/gcc_arm_based/4.8_2014q3/bin/../lib/gcc/arm-none-eabi/4.8.4/../../../../arm-none-eabi/lib/armv7-m\librdimon.a(rdimon-syscalls.o)
                0x0800fd64                _sbrk
 .text.__errno  0x0800fd98        0xc c:/coocox/gcc_arm_based/4.8_2014q3/bin/../lib/gcc/arm-none-eabi/4.8.4/../../../../arm-none-eabi/lib/armv7-m\libg.a(lib_a-errno.o)
                0x0800fd98                __errno
 *(.rodata)
 .rodata        0x0800fda4       0x80 ..\obj\instance_calib.o
 .rodata        0x0800fe24       0x98 ..\obj\usbd_desc.o
 .rodata        0x0800febc      0x1fc ..\obj\dw_main.o
 *(.rodata*)
 .rodata.str1.4
                0x080100b8        0x2 c:/coocox/gcc_arm_based/4.8_2014q3/bin/../lib/gcc/arm-none-eabi/4.8.4/../../../../arm-none-eabi/lib/armv7-m\libc.a(lib_a-impure.o)
                                  0x4 (size before relaxing)
 *fill*         0x080100ba        0x2 
 .rodata._global_impure_ptr
                0x080100bc        0x4 c:/coocox/gcc_arm_based/4.8_2014q3/bin/../lib/gcc/arm-none-eabi/4.8.4/../../../../arm-none-eabi/lib/armv7-m\libc.a(lib_a-impure.o)
                0x080100bc                _global_impure_ptr
 .rodata.txSpectrumConfig
                0x080100c0       0x60 ..\obj\instance_calib.o
                0x080100c0                txSpectrumConfig
 .rodata.rfDelays
                0x08010120        0x4 ..\obj\instance_calib.o
                0x08010120                rfDelays
 .rodata.data_len_bytes.9187
                0x08010124       0x14 ..\obj\instance.o
 .rodata.str1.4
                0x08010138       0x14 ..\obj\deca_usb.o
 .rodata.chan_idx
                0x0801014c        0x8 ..\obj\deca_params_init.o
                0x0801014c                chan_idx
 .rodata.tx_config
                0x08010154       0x18 ..\obj\deca_params_init.o
                0x08010154                tx_config
 .rodata.fs_pll_cfg
                0x0801016c       0x18 ..\obj\deca_params_init.o
                0x0801016c                fs_pll_cfg
 .rodata.fs_pll_tune
                0x08010184        0x8 ..\obj\deca_params_init.o
                0x08010184                fs_pll_tune
 .rodata.rx_config
                0x0801018c        0x4 ..\obj\deca_params_init.o
                0x0801018c                rx_config
 .rodata.agc_config
                0x08010190        0x8 ..\obj\deca_params_init.o
                0x08010190                agc_config
 .rodata.dwnsSFDlen
                0x08010198        0x4 ..\obj\deca_params_init.o
                0x08010198                dwnsSFDlen
 .rodata.sftsh  0x0801019c        0xc ..\obj\deca_params_init.o
                0x0801019c                sftsh
 .rodata.dtune1
                0x080101a8        0x4 ..\obj\deca_params_init.o
                0x080101a8                dtune1
 .rodata.digital_bb_config
                0x080101ac       0x20 ..\obj\deca_params_init.o
                0x080101ac                digital_bb_config
 .rodata.lde_replicaCoeff
                0x080101cc       0x34 ..\obj\deca_params_init.o
                0x080101cc                lde_replicaCoeff
 .rodata.chan_idxnb
                0x08010200        0x8 ..\obj\deca_range_tables.o
                0x08010200                chan_idxnb
 .rodata.chan_idxwb
                0x08010208        0x8 ..\obj\deca_range_tables.o
                0x08010208                chan_idxwb
 .rodata.range25cm16PRFnb
                0x08010210       0x94 ..\obj\deca_range_tables.o
                0x08010210                range25cm16PRFnb
 .rodata.range25cm16PRFwb
                0x080102a4       0x88 ..\obj\deca_range_tables.o
                0x080102a4                range25cm16PRFwb
 .rodata.range25cm64PRFnb
                0x0801032c       0x68 ..\obj\deca_range_tables.o
                0x0801032c                range25cm64PRFnb
 .rodata.range25cm64PRFwb
                0x08010394       0x78 ..\obj\deca_range_tables.o
                0x08010394                range25cm64PRFwb
 .rodata.zeroes.6763
                0x0801040c       0x10 c:/coocox/gcc_arm_based/4.8_2014q3/bin/../lib/gcc/arm-none-eabi/4.8.4/../../../../arm-none-eabi/lib/armv7-m\libc.a(lib_a-svfprintf.o)
 .rodata.str1.4
                0x0801041c       0x42 c:/coocox/gcc_arm_based/4.8_2014q3/bin/../lib/gcc/arm-none-eabi/4.8.4/../../../../arm-none-eabi/lib/armv7-m\libc.a(lib_a-svfprintf.o)
                                 0x44 (size before relaxing)
 *fill*         0x0801045e        0x2 
 .rodata.blanks.6762
                0x08010460       0x10 c:/coocox/gcc_arm_based/4.8_2014q3/bin/../lib/gcc/arm-none-eabi/4.8.4/../../../../arm-none-eabi/lib/armv7-m\libc.a(lib_a-svfprintf.o)
 .rodata.str1.4
                0x08010470       0x10 c:/coocox/gcc_arm_based/4.8_2014q3/bin/../lib/gcc/arm-none-eabi/4.8.4/../../../../arm-none-eabi/lib/armv7-m\libc.a(lib_a-dtoa.o)
                                 0x14 (size before relaxing)
 .rodata.str1.4
                0x08010480        0xc c:/coocox/gcc_arm_based/4.8_2014q3/bin/../lib/gcc/arm-none-eabi/4.8.4/../../../../arm-none-eabi/lib/armv7-m\libc.a(lib_a-locale.o)
                                 0x14 (size before relaxing)
 *fill*         0x0801048c        0x4 
 .rodata.__mprec_tens
                0x08010490       0xc8 c:/coocox/gcc_arm_based/4.8_2014q3/bin/../lib/gcc/arm-none-eabi/4.8.4/../../../../arm-none-eabi/lib/armv7-m\libc.a(lib_a-mprec.o)
                0x08010490                __mprec_tens
 .rodata.__mprec_bigtens
                0x08010558       0x28 c:/coocox/gcc_arm_based/4.8_2014q3/bin/../lib/gcc/arm-none-eabi/4.8.4/../../../../arm-none-eabi/lib/armv7-m\libc.a(lib_a-mprec.o)
                0x08010558                __mprec_bigtens
 .rodata.p05.5269
                0x08010580        0xc c:/coocox/gcc_arm_based/4.8_2014q3/bin/../lib/gcc/arm-none-eabi/4.8.4/../../../../arm-none-eabi/lib/armv7-m\libc.a(lib_a-mprec.o)
 *(.glue_7)
 .glue_7        0x00000000        0x0 linker stubs
 *(.glue_7t)
 .glue_7t       0x00000000        0x0 linker stubs
 *(.eh_frame)
 .eh_frame      0x0801058c        0x0 c:/coocox/gcc_arm_based/4.8_2014q3/bin/../lib/gcc/arm-none-eabi/4.8.4/armv7-m/crtbegin.o
 *(.init)
 .init          0x0801058c        0x4 c:/coocox/gcc_arm_based/4.8_2014q3/bin/../lib/gcc/arm-none-eabi/4.8.4/armv7-m/crti.o
                0x0801058c                _init
 .init          0x08010590        0x8 c:/coocox/gcc_arm_based/4.8_2014q3/bin/../lib/gcc/arm-none-eabi/4.8.4/armv7-m/crtn.o
 *(.fini)
 .fini          0x08010598        0x4 c:/coocox/gcc_arm_based/4.8_2014q3/bin/../lib/gcc/arm-none-eabi/4.8.4/armv7-m/crti.o
                0x08010598                _fini
 .fini          0x0801059c        0x8 c:/coocox/gcc_arm_based/4.8_2014q3/bin/../lib/gcc/arm-none-eabi/4.8.4/armv7-m/crtn.o
                0x080105a4                . = ALIGN (0x4)
                0x080105a4                _etext = .

.vfp11_veneer   0x080105a4        0x0
 .vfp11_veneer  0x00000000        0x0 linker stubs

.v4_bx          0x080105a4        0x0
 .v4_bx         0x00000000        0x0 linker stubs

.iplt           0x080105a4        0x0
 .iplt          0x00000000        0x0 c:/coocox/gcc_arm_based/4.8_2014q3/bin/../lib/gcc/arm-none-eabi/4.8.4/armv7-m/crtbegin.o

.ARM.extab
 *(.ARM.extab* .gnu.linkonce.armextab.*)

.ARM            0x080105a4        0x8
                0x080105a4                __exidx_start = .
 *(.ARM.exidx*)
 .ARM.exidx     0x080105a4        0x8 c:/coocox/gcc_arm_based/4.8_2014q3/bin/../lib/gcc/arm-none-eabi/4.8.4/armv7-m\libgcc.a(_divdi3.o)
 .ARM.exidx     0x080105ac        0x0 c:/coocox/gcc_arm_based/4.8_2014q3/bin/../lib/gcc/arm-none-eabi/4.8.4/armv7-m\libgcc.a(_udivdi3.o)
                                  0x8 (size before relaxing)
                0x080105ac                __exidx_end = .

.rel.dyn        0x080105ac        0x0
 .rel.iplt      0x00000000        0x0 c:/coocox/gcc_arm_based/4.8_2014q3/bin/../lib/gcc/arm-none-eabi/4.8.4/armv7-m/crtbegin.o

.preinit_array  0x080105ac        0x0
                0x080105ac                PROVIDE (__preinit_array_start, .)
 *(.preinit_array*)
                0x080105ac                PROVIDE (__preinit_array_end, .)

.init_array     0x080105ac        0x8
                0x080105ac                PROVIDE (__init_array_start, .)
 *(SORT(.init_array.*))
 .init_array.00000
                0x080105ac        0x4 c:/coocox/gcc_arm_based/4.8_2014q3/bin/../lib/gcc/arm-none-eabi/4.8.4/../../../../arm-none-eabi/lib/armv7-m\libc.a(lib_a-__call_atexit.o)
 *(.init_array*)
 .init_array    0x080105b0        0x4 c:/coocox/gcc_arm_based/4.8_2014q3/bin/../lib/gcc/arm-none-eabi/4.8.4/armv7-m/crtbegin.o
                0x080105b4                PROVIDE (__init_array_end, .)

.fini_array     0x080105b4        0x4
                0x080105b4                PROVIDE (__fini_array_start, .)
 *(.fini_array*)
 .fini_array    0x080105b4        0x4 c:/coocox/gcc_arm_based/4.8_2014q3/bin/../lib/gcc/arm-none-eabi/4.8.4/armv7-m/crtbegin.o
 *(SORT(.fini_array.*))
                0x080105b8                PROVIDE (__fini_array_end, .)
                0x080105b8                _sidata = .

.data           0x20000000      0x9ec load address 0x080105b8
                0x20000000                . = ALIGN (0x4)
                0x20000000                _sdata = .
 *(.data)
 *(.data*)
 .data.impure_data
                0x20000000      0x428 c:/coocox/gcc_arm_based/4.8_2014q3/bin/../lib/gcc/arm-none-eabi/4.8.4/../../../../arm-none-eabi/lib/armv7-m\libc.a(lib_a-impure.o)
 .data._impure_ptr
                0x20000428        0x4 c:/coocox/gcc_arm_based/4.8_2014q3/bin/../lib/gcc/arm-none-eabi/4.8.4/../../../../arm-none-eabi/lib/armv7-m\libc.a(lib_a-impure.o)
                0x20000428                _impure_ptr
 .data.USR_cb   0x2000042c       0x1c ..\obj\usbd_usr.o
                0x2000042c                USR_cb
 .data.SystemCoreClock
                0x20000448        0x4 ..\obj\system_stm32f10x.o
                0x20000448                SystemCoreClock
 .data.USBD_DCD_INT_cb
                0x2000044c       0x2c ..\obj\usbd_core.o
                0x2000044c                USBD_DCD_INT_cb
 .data.USBD_DCD_INT_fops
                0x20000478        0x4 ..\obj\usbd_core.o
                0x20000478                USBD_DCD_INT_fops
 .data.APBAHBPrescTable
                0x2000047c       0x10 ..\obj\stm32f10x_rcc.o
 .data.ADCPrescTable
                0x2000048c        0x4 ..\obj\stm32f10x_rcc.o
 .data.USR_desc
                0x20000490       0x1c ..\obj\usbd_desc.o
                0x20000490                USR_desc
 .data.USBD_DeviceDesc
                0x200004ac       0x14 ..\obj\usbd_desc.o
                0x200004ac                USBD_DeviceDesc
 .data.USBD_LangIDDesc
                0x200004c0        0x4 ..\obj\usbd_desc.o
                0x200004c0                USBD_LangIDDesc
 .data.VCP_fops
                0x200004c4       0x14 ..\obj\deca_usb.o
                0x200004c4                VCP_fops
 .data.localSPIspeed
                0x200004d8        0x4 ..\obj\deca_usb.o
                0x200004d8                localSPIspeed
 .data.usbd_cdc_CfgDesc
                0x200004dc       0x44 ..\obj\usbd_cdc_core.o
                0x200004dc                usbd_cdc_CfgDesc
 .data.cdcCmd   0x20000520        0x4 ..\obj\usbd_cdc_core.o
 .data.USBD_CDC_cb
                0x20000524       0x2c ..\obj\usbd_cdc_core.o
                0x20000524                USBD_CDC_cb
 .data.instance_mode
                0x20000550        0x4 ..\obj\dw_main.o
                0x20000550                instance_mode
 .data.chConfig
                0x20000554       0x50 ..\obj\dw_main.o
                0x20000554                chConfig
 .data.lconv    0x200005a4       0x38 c:/coocox/gcc_arm_based/4.8_2014q3/bin/../lib/gcc/arm-none-eabi/4.8.4/../../../../arm-none-eabi/lib/armv7-m\libc.a(lib_a-locale.o)
 .data.__malloc_av_
                0x200005dc      0x408 c:/coocox/gcc_arm_based/4.8_2014q3/bin/../lib/gcc/arm-none-eabi/4.8.4/../../../../arm-none-eabi/lib/armv7-m\libc.a(lib_a-mallocr.o)
                0x200005dc                __malloc_av_
 .data.__malloc_trim_threshold
                0x200009e4        0x4 c:/coocox/gcc_arm_based/4.8_2014q3/bin/../lib/gcc/arm-none-eabi/4.8.4/../../../../arm-none-eabi/lib/armv7-m\libc.a(lib_a-mallocr.o)
                0x200009e4                __malloc_trim_threshold
 .data.__malloc_sbrk_base
                0x200009e8        0x4 c:/coocox/gcc_arm_based/4.8_2014q3/bin/../lib/gcc/arm-none-eabi/4.8.4/../../../../arm-none-eabi/lib/armv7-m\libc.a(lib_a-mallocr.o)
                0x200009e8                __malloc_sbrk_base
                0x200009ec                . = ALIGN (0x4)
                0x200009ec                _edata = .

.jcr            0x200009ec        0x0 load address 0x08010fa4
 .jcr           0x200009ec        0x0 c:/coocox/gcc_arm_based/4.8_2014q3/bin/../lib/gcc/arm-none-eabi/4.8.4/armv7-m/crtbegin.o

.igot.plt       0x200009ec        0x0 load address 0x08010fa4
 .igot.plt      0x00000000        0x0 c:/coocox/gcc_arm_based/4.8_2014q3/bin/../lib/gcc/arm-none-eabi/4.8.4/armv7-m/crtbegin.o
                0x200009ec                . = ALIGN (0x4)

.bss            0x200009f0     0x6cf8 load address 0x08010fa8
                0x200009f0                _sbss = .
                0x200009f0                __bss_start__ = _sbss
 *(.bss)
 .bss           0x200009f0       0x1c c:/coocox/gcc_arm_based/4.8_2014q3/bin/../lib/gcc/arm-none-eabi/4.8.4/armv7-m/crtbegin.o
 *(.bss*)
 *fill*         0x20000a0c        0x4 
 .bss.inst_idist
                0x20000a10        0x8 ..\obj\instance_common.o
                0x20000a10                inst_idist
 .bss.inst_idistraw
                0x20000a18        0x8 ..\obj\instance_common.o
                0x20000a18                inst_idistraw
 .bss.inst_adist
                0x20000a20        0x8 ..\obj\instance_common.o
                0x20000a20                inst_adist
 .bss.inst_ldist
                0x20000a28        0x8 ..\obj\instance_common.o
                0x20000a28                inst_ldist
 .bss.instance_data
                0x20000a30      0x4c8 ..\obj\instance_common.o
 .bss.dw1000local
                0x20000ef8       0x38 ..\obj\deca_device.o
 .bss.application_mode
                0x20000f30        0x4 ..\obj\deca_usb.o
                0x20000f30                application_mode
 .bss.local_buff_length
                0x20000f34        0x4 ..\obj\deca_usb.o
                0x20000f34                local_buff_length
 .bss.local_buff_offset
                0x20000f38        0x2 ..\obj\deca_usb.o
                0x20000f38                local_buff_offset
 *fill*         0x20000f3a        0x2 
 .bss.tx_buff_length
                0x20000f3c        0x4 ..\obj\deca_usb.o
                0x20000f3c                tx_buff_length
 .bss.local_have_data
                0x20000f40        0x4 ..\obj\deca_usb.o
                0x20000f40                local_have_data
 .bss.i.10329   0x20000f44        0x4 ..\obj\deca_usb.o
 .bss.USBD_ep_status
                0x20000f48        0x4 ..\obj\usbd_req.o
                0x20000f48                USBD_ep_status
 .bss.USBD_default_cfg
                0x20000f4c        0x4 ..\obj\usbd_req.o
                0x20000f4c                USBD_default_cfg
 .bss.USBD_cfg_status
                0x20000f50        0x4 ..\obj\usbd_req.o
                0x20000f50                USBD_cfg_status
 .bss.cfgidx.7644
                0x20000f54        0x1 ..\obj\usbd_req.o
 *fill*         0x20000f55        0x3 
 .bss.signalResetDone
                0x20000f58        0x4 ..\obj\port.o
 .bss.usbd_cdc_AltSet
                0x20000f5c        0x4 ..\obj\usbd_cdc_core.o
 .bss.APP_Rx_ptr_in
                0x20000f60        0x4 ..\obj\usbd_cdc_core.o
                0x20000f60                APP_Rx_ptr_in
 .bss.APP_Rx_ptr_out
                0x20000f64        0x4 ..\obj\usbd_cdc_core.o
                0x20000f64                APP_Rx_ptr_out
 .bss.APP_Rx_length
                0x20000f68        0x4 ..\obj\usbd_cdc_core.o
                0x20000f68                APP_Rx_length
 .bss.USB_Tx_State
                0x20000f6c        0x1 ..\obj\usbd_cdc_core.o
                0x20000f6c                USB_Tx_State
 *fill*         0x20000f6d        0x3 
 .bss.cdcLen    0x20000f70        0x4 ..\obj\usbd_cdc_core.o
 .bss.FrameCount.7637
                0x20000f74        0x4 ..\obj\usbd_cdc_core.o
 .bss.dr_mode   0x20000f78        0x4 ..\obj\dw_main.o
                0x20000f78                dr_mode
 .bss.s1switch  0x20000f7c        0x1 ..\obj\dw_main.o
                0x20000f7c                s1switch
 *fill*         0x20000f7d        0x3 
 .bss.ranging   0x20000f80        0x4 ..\obj\dw_main.o
                0x20000f80                ranging
 .bss.__malloc_max_total_mem
                0x20000f84        0x4 c:/coocox/gcc_arm_based/4.8_2014q3/bin/../lib/gcc/arm-none-eabi/4.8.4/../../../../arm-none-eabi/lib/armv7-m\libc.a(lib_a-mallocr.o)
                0x20000f84                __malloc_max_total_mem
 .bss.__malloc_max_sbrked_mem
                0x20000f88        0x4 c:/coocox/gcc_arm_based/4.8_2014q3/bin/../lib/gcc/arm-none-eabi/4.8.4/../../../../arm-none-eabi/lib/armv7-m\libc.a(lib_a-mallocr.o)
                0x20000f88                __malloc_max_sbrked_mem
 .bss.__malloc_top_pad
                0x20000f8c        0x4 c:/coocox/gcc_arm_based/4.8_2014q3/bin/../lib/gcc/arm-none-eabi/4.8.4/../../../../arm-none-eabi/lib/armv7-m\libc.a(lib_a-mallocr.o)
                0x20000f8c                __malloc_top_pad
 .bss.__malloc_current_mallinfo
                0x20000f90       0x28 c:/coocox/gcc_arm_based/4.8_2014q3/bin/../lib/gcc/arm-none-eabi/4.8.4/../../../../arm-none-eabi/lib/armv7-m\libc.a(lib_a-mallocr.o)
                0x20000f90                __malloc_current_mallinfo
 .bss.heap_end.5774
                0x20000fb8        0x4 c:/coocox/gcc_arm_based/4.8_2014q3/bin/../lib/gcc/arm-none-eabi/4.8.4/../../../../arm-none-eabi/lib/armv7-m\librdimon.a(rdimon-syscalls.o)
 *(COMMON)
 *fill*         0x20000fbc        0x4 
 COMMON         0x20000fc0       0x98 ..\obj\instance_common.o
                0x20000fc0                dw_event_g
 COMMON         0x20001058        0x4 ..\obj\usbd_core.o
                0x20001058                SET_TEST_MODE
 COMMON         0x2000105c     0x5420 ..\obj\deca_usb.o
                0x2000105c                s1configswitch
                0x20001060                version
                0x20001064                version_size
                0x20001068                tx_buff
                0x20003778                USB_OTG_dev
                0x20003d6c                local_buff
 COMMON         0x2000647c        0x4 ..\obj\stm32f10x_it.o
                0x2000647c                time32_incr
 COMMON         0x20006480       0xff ..\obj\usbd_req.o
                0x20006480                USBD_StrDesc
 *fill*         0x2000657f        0x1 
 COMMON         0x20006580     0x108c ..\obj\usbd_cdc_core.o
                0x20006580                usbd_cdc_OtherCfgDesc
                0x200065c4                USB_Rx_Buffer
                0x20006604                CmdBuff
                0x2000660c                APP_Rx_Buffer
 COMMON         0x2000760c       0xd8 ..\obj\dw_main.o
                0x2000760c                tagaddr
                0x20007610                dataseq
                0x20007674                dataseq1
                0x200076d8                prf
                0x200076dc                chan
                0x200076e0                ancaddr
 COMMON         0x200076e4        0x4 c:/coocox/gcc_arm_based/4.8_2014q3/bin/../lib/gcc/arm-none-eabi/4.8.4/../../../../arm-none-eabi/lib/armv7-m\libc.a(lib_a-reent.o)
                0x200076e4                errno
                0x200076e8                . = ALIGN (0x4)
                0x200076e8                _ebss = .
                0x200076e8                __bss_end__ = _ebss
                0x200076e8                PROVIDE (end, _ebss)
                0x200076e8                PROVIDE (_end, _ebss)

._user_heap_stack
                0x200076e8      0x800 load address 0x08017ca0
                0x200076e8                . = ALIGN (0x4)
                0x200076e8                _user_heap_start = .
                0x20007ae8                . = (. + _Min_Heap_Size)
 *fill*         0x200076e8      0x400 
                0x20007ae8                _user_heap_end = .
                0x20007ee8                . = (. + _Min_Stack_Size)
 *fill*         0x20007ae8      0x400 
                0x20007ee8                . = ALIGN (0x4)
                0x200076e8                PROVIDE (heap_start, _user_heap_start)
                0x200076e8                PROVIDE (_heap_start, _user_heap_start)
                0x20007ae8                PROVIDE (heap_end, _user_heap_end)
                0x20007ae8                PROVIDE (_heap_end, _user_heap_end)

.memory_b1_text
 *(.mb1text)
 *(.mb1text*)
 *(.mb1rodata)
 *(.mb1rodata*)

/DISCARD/
 libc.a(*)
 libm.a(*)
 libgcc.a(*)

.ARM.attributes
                0x00000000       0x29
 *(.ARM.attributes)
 .ARM.attributes
                0x00000000       0x1d c:/coocox/gcc_arm_based/4.8_2014q3/bin/../lib/gcc/arm-none-eabi/4.8.4/armv7-m/crti.o
 .ARM.attributes
                0x0000001d       0x2d c:/coocox/gcc_arm_based/4.8_2014q3/bin/../lib/gcc/arm-none-eabi/4.8.4/armv7-m/crtbegin.o
 .ARM.attributes
                0x0000004a       0x33 ..\obj\stm32f10x_rtc.o
 .ARM.attributes
                0x0000007d       0x33 ..\obj\usb_core.o
 .ARM.attributes
                0x000000b0       0x33 ..\obj\instance_common.o
 .ARM.attributes
                0x000000e3       0x33 ..\obj\usbd_usr.o
 .ARM.attributes
                0x00000116       0x33 ..\obj\deca_usb_bsp_evk1000.o
 .ARM.attributes
                0x00000149       0x33 ..\obj\instance_calib.o
 .ARM.attributes
                0x0000017c       0x33 ..\obj\system_stm32f10x.o
 .ARM.attributes
                0x000001af       0x33 ..\obj\deca_device.o
 .ARM.attributes
                0x000001e2       0x33 ..\obj\deca_spi.o
 .ARM.attributes
                0x00000215       0x33 ..\obj\stm32f10x_gpio.o
 .ARM.attributes
                0x00000248       0x33 ..\obj\usbd_core.o
 .ARM.attributes
                0x0000027b       0x33 ..\obj\main.o
 .ARM.attributes
                0x000002ae       0x33 ..\obj\stm32f10x_rcc.o
 .ARM.attributes
                0x000002e1       0x21 ..\obj\startup_stm32f10x_cl.o
 .ARM.attributes
                0x00000302       0x33 ..\obj\instance.o
 .ARM.attributes
                0x00000335       0x33 ..\obj\stm32f10x_exti.o
 .ARM.attributes
                0x00000368       0x33 ..\obj\usbd_desc.o
 .ARM.attributes
                0x0000039b       0x33 ..\obj\deca_mutex.o
 .ARM.attributes
                0x000003ce       0x33 ..\obj\deca_usb.o
 .ARM.attributes
                0x00000401       0x33 ..\obj\deca_sleep.o
 .ARM.attributes
                0x00000434       0x33 ..\obj\stm32f10x_flash.o
 .ARM.attributes
                0x00000467       0x33 ..\obj\stm32f10x_it.o
 .ARM.attributes
                0x0000049a       0x33 ..\obj\usbd_req.o
 .ARM.attributes
                0x000004cd       0x33 ..\obj\port.o
 .ARM.attributes
                0x00000500       0x33 ..\obj\usb_dcd_int.o
 .ARM.attributes
                0x00000533       0x33 ..\obj\usbd_cdc_core.o
 .ARM.attributes
                0x00000566       0x33 ..\obj\dw_main.o
 .ARM.attributes
                0x00000599       0x33 ..\obj\misc.o
 .ARM.attributes
                0x000005cc       0x33 ..\obj\usb_dcd.o
 .ARM.attributes
                0x000005ff       0x33 ..\obj\stm32f10x_spi.o
 .ARM.attributes
                0x00000632       0x33 ..\obj\deca_params_init.o
 .ARM.attributes
                0x00000665       0x33 ..\obj\usbd_ioreq.o
 .ARM.attributes
                0x00000698       0x33 ..\obj\deca_range_tables.o
 .ARM.attributes
                0x000006cb       0x1d c:/coocox/gcc_arm_based/4.8_2014q3/bin/../lib/gcc/arm-none-eabi/4.8.4/armv7-m\libgcc.a(_arm_addsubdf3.o)
 .ARM.attributes
                0x000006e8       0x1d c:/coocox/gcc_arm_based/4.8_2014q3/bin/../lib/gcc/arm-none-eabi/4.8.4/armv7-m\libgcc.a(_arm_muldivdf3.o)
 .ARM.attributes
                0x00000705       0x1d c:/coocox/gcc_arm_based/4.8_2014q3/bin/../lib/gcc/arm-none-eabi/4.8.4/armv7-m\libgcc.a(_arm_cmpdf2.o)
 .ARM.attributes
                0x00000722       0x1d c:/coocox/gcc_arm_based/4.8_2014q3/bin/../lib/gcc/arm-none-eabi/4.8.4/armv7-m\libgcc.a(_arm_fixdfsi.o)
 .ARM.attributes
                0x0000073f       0x1d c:/coocox/gcc_arm_based/4.8_2014q3/bin/../lib/gcc/arm-none-eabi/4.8.4/armv7-m\libgcc.a(_arm_fixunsdfsi.o)
 .ARM.attributes
                0x0000075c       0x1d c:/coocox/gcc_arm_based/4.8_2014q3/bin/../lib/gcc/arm-none-eabi/4.8.4/armv7-m\libgcc.a(_arm_truncdfsf2.o)
 .ARM.attributes
                0x00000779       0x1d c:/coocox/gcc_arm_based/4.8_2014q3/bin/../lib/gcc/arm-none-eabi/4.8.4/armv7-m\libgcc.a(_arm_addsubsf3.o)
 .ARM.attributes
                0x00000796       0x1d c:/coocox/gcc_arm_based/4.8_2014q3/bin/../lib/gcc/arm-none-eabi/4.8.4/armv7-m\libgcc.a(_aeabi_uldivmod.o)
 .ARM.attributes
                0x000007b3       0x2d c:/coocox/gcc_arm_based/4.8_2014q3/bin/../lib/gcc/arm-none-eabi/4.8.4/armv7-m\libgcc.a(_fixdfdi.o)
 .ARM.attributes
                0x000007e0       0x2d c:/coocox/gcc_arm_based/4.8_2014q3/bin/../lib/gcc/arm-none-eabi/4.8.4/armv7-m\libgcc.a(_fixunsdfdi.o)
 .ARM.attributes
                0x0000080d       0x2d c:/coocox/gcc_arm_based/4.8_2014q3/bin/../lib/gcc/arm-none-eabi/4.8.4/armv7-m\libgcc.a(bpabi.o)
 .ARM.attributes
                0x0000083a       0x1d c:/coocox/gcc_arm_based/4.8_2014q3/bin/../lib/gcc/arm-none-eabi/4.8.4/armv7-m\libgcc.a(_dvmd_tls.o)
 .ARM.attributes
                0x00000857       0x2d c:/coocox/gcc_arm_based/4.8_2014q3/bin/../lib/gcc/arm-none-eabi/4.8.4/armv7-m\libgcc.a(_divdi3.o)
 .ARM.attributes
                0x00000884       0x2d c:/coocox/gcc_arm_based/4.8_2014q3/bin/../lib/gcc/arm-none-eabi/4.8.4/armv7-m\libgcc.a(_udivdi3.o)
 .ARM.attributes
                0x000008b1       0x2d c:/coocox/gcc_arm_based/4.8_2014q3/bin/../lib/gcc/arm-none-eabi/4.8.4/../../../../arm-none-eabi/lib/armv7-m\libc.a(lib_a-memcmp.o)
 .ARM.attributes
                0x000008de       0x1b c:/coocox/gcc_arm_based/4.8_2014q3/bin/../lib/gcc/arm-none-eabi/4.8.4/../../../../arm-none-eabi/lib/armv7-m\libc.a(lib_a-memcpy.o)
 .ARM.attributes
                0x000008f9       0x2d c:/coocox/gcc_arm_based/4.8_2014q3/bin/../lib/gcc/arm-none-eabi/4.8.4/../../../../arm-none-eabi/lib/armv7-m\libc.a(lib_a-sprintf.o)
 .ARM.attributes
                0x00000926       0x2d c:/coocox/gcc_arm_based/4.8_2014q3/bin/../lib/gcc/arm-none-eabi/4.8.4/../../../../arm-none-eabi/lib/armv7-m\libc.a(lib_a-svfprintf.o)
 .ARM.attributes
                0x00000953       0x2d c:/coocox/gcc_arm_based/4.8_2014q3/bin/../lib/gcc/arm-none-eabi/4.8.4/../../../../arm-none-eabi/lib/armv7-m\libc.a(lib_a-dtoa.o)
 .ARM.attributes
                0x00000980       0x2d c:/coocox/gcc_arm_based/4.8_2014q3/bin/../lib/gcc/arm-none-eabi/4.8.4/../../../../arm-none-eabi/lib/armv7-m\libc.a(lib_a-locale.o)
 .ARM.attributes
                0x000009ad       0x2d c:/coocox/gcc_arm_based/4.8_2014q3/bin/../lib/gcc/arm-none-eabi/4.8.4/../../../../arm-none-eabi/lib/armv7-m\libc.a(lib_a-mallocr.o)
 .ARM.attributes
                0x000009da       0x2d c:/coocox/gcc_arm_based/4.8_2014q3/bin/../lib/gcc/arm-none-eabi/4.8.4/../../../../arm-none-eabi/lib/armv7-m\libc.a(lib_a-memchr-stub.o)
 .ARM.attributes
                0x00000a07       0x2d c:/coocox/gcc_arm_based/4.8_2014q3/bin/../lib/gcc/arm-none-eabi/4.8.4/../../../../arm-none-eabi/lib/armv7-m\libc.a(lib_a-mlock.o)
 .ARM.attributes
                0x00000a34       0x2d c:/coocox/gcc_arm_based/4.8_2014q3/bin/../lib/gcc/arm-none-eabi/4.8.4/../../../../arm-none-eabi/lib/armv7-m\libc.a(lib_a-mprec.o)
 .ARM.attributes
                0x00000a61       0x2d c:/coocox/gcc_arm_based/4.8_2014q3/bin/../lib/gcc/arm-none-eabi/4.8.4/../../../../arm-none-eabi/lib/armv7-m\libc.a(lib_a-s_fpclassify.o)
 .ARM.attributes
                0x00000a8e       0x2d c:/coocox/gcc_arm_based/4.8_2014q3/bin/../lib/gcc/arm-none-eabi/4.8.4/../../../../arm-none-eabi/lib/armv7-m\libc.a(lib_a-sbrkr.o)
 .ARM.attributes
                0x00000abb       0x2d c:/coocox/gcc_arm_based/4.8_2014q3/bin/../lib/gcc/arm-none-eabi/4.8.4/../../../../arm-none-eabi/lib/armv7-m\libc.a(lib_a-strlen.o)
 .ARM.attributes
                0x00000ae8       0x2d c:/coocox/gcc_arm_based/4.8_2014q3/bin/../lib/gcc/arm-none-eabi/4.8.4/../../../../arm-none-eabi/lib/armv7-m\libc.a(lib_a-svfiprintf.o)
 .ARM.attributes
                0x00000b15       0x2d c:/coocox/gcc_arm_based/4.8_2014q3/bin/../lib/gcc/arm-none-eabi/4.8.4/../../../../arm-none-eabi/lib/armv7-m\libc.a(lib_a-callocr.o)
 .ARM.attributes
                0x00000b42       0x2d c:/coocox/gcc_arm_based/4.8_2014q3/bin/../lib/gcc/arm-none-eabi/4.8.4/../../../../arm-none-eabi/lib/armv7-m\libc.a(lib_a-freer.o)
 .ARM.attributes
                0x00000b6f       0x2d c:/coocox/gcc_arm_based/4.8_2014q3/bin/../lib/gcc/arm-none-eabi/4.8.4/../../../../arm-none-eabi/lib/armv7-m\libc.a(lib_a-memmove.o)
 .ARM.attributes
                0x00000b9c       0x2d c:/coocox/gcc_arm_based/4.8_2014q3/bin/../lib/gcc/arm-none-eabi/4.8.4/../../../../arm-none-eabi/lib/armv7-m\libc.a(lib_a-reallocr.o)
 .ARM.attributes
                0x00000bc9       0x2d c:/coocox/gcc_arm_based/4.8_2014q3/bin/../lib/gcc/arm-none-eabi/4.8.4/../../../../arm-none-eabi/lib/armv7-m\libc.a(lib_a-reent.o)
 .ARM.attributes
                0x00000bf6       0x2d c:/coocox/gcc_arm_based/4.8_2014q3/bin/../lib/gcc/arm-none-eabi/4.8.4/../../../../arm-none-eabi/lib/armv7-m\librdimon.a(rdimon-syscalls.o)
 .ARM.attributes
                0x00000c23       0x2d c:/coocox/gcc_arm_based/4.8_2014q3/bin/../lib/gcc/arm-none-eabi/4.8.4/../../../../arm-none-eabi/lib/armv7-m\libg.a(lib_a-errno.o)
 .ARM.attributes
                0x00000c50       0x1d c:/coocox/gcc_arm_based/4.8_2014q3/bin/../lib/gcc/arm-none-eabi/4.8.4/armv7-m/crtn.o
LOAD ..\obj\stm32f10x_rtc.o
LOAD ..\obj\usb_core.o
LOAD ..\obj\instance_common.o
LOAD ..\obj\stm32f10x_tim.o
LOAD ..\obj\core_cm3.o
LOAD ..\obj\usbd_usr.o
LOAD ..\obj\deca_usb_bsp_evk1000.o
LOAD ..\obj\instance_calib.o
LOAD ..\obj\stm32f10x_dbgmcu.o
LOAD ..\obj\system_stm32f10x.o
LOAD ..\obj\deca_device.o
LOAD ..\obj\deca_spi.o
LOAD ..\obj\stm32f10x_fsmc.o
LOAD ..\obj\stm32f10x_pwr.o