Archive member included because of file (symbol)

c:/coocox/gcc_arm_based/4.8_2014q3/bin/../lib/gcc/arm-none-eabi/4.8.4/armv7-m\libgcc.a(_arm_addsubdf3.o)
                              ..\obj\instance_common.o (__aeabi_dsub)
c:/coocox/gcc_arm_based/4.8_2014q3/bin/../lib/gcc/arm-none-eabi/4.8.4/armv7-m\libgcc.a(_arm_muldivdf3.o)
                              ..\obj\instance_common.o (__aeabi_dmul)
c:/coocox/gcc_arm_based/4.8_2014q3/bin/../lib/gcc/arm-none-eabi/4.8.4/armv7-m\libgcc.a(_arm_cmpdf2.o)
                              ..\obj\instance_common.o (__aeabi_dcmplt)
c:/coocox/gcc_arm_based/4.8_2014q3/bin/../lib/gcc/arm-none-eabi/4.8.4/armv7-m\libgcc.a(_arm_fixdfsi.o)
                              ..\obj\main.o (__aeabi_d2iz)
c:/coocox/gcc_arm_based/4.8_2014q3/bin/../lib/gcc/arm-none-eabi/4.8.4/armv7-m\libgcc.a(_arm_fixunsdfsi.o)
                              ..\obj\instance_common.o (__aeabi_d2uiz)
c:/coocox/gcc_arm_based/4.8_2014q3/bin/../lib/gcc/arm-none-eabi/4.8.4/armv7-m\libgcc.a(_arm_truncdfsf2.o)
                              ..\obj\instance_common.o (__aeabi_d2f)
c:/coocox/gcc_arm_based/4.8_2014q3/bin/../lib/gcc/arm-none-eabi/4.8.4/armv7-m\libgcc.a(_arm_addsubsf3.o)
                              ..\obj\deca_range_tables.o (__aeabi_i2f)
c:/coocox/gcc_arm_based/4.8_2014q3/bin/../lib/gcc/arm-none-eabi/4.8.4/armv7-m\libgcc.a(_fixdfdi.o)
                              ..\obj\instance.o (__aeabi_d2lz)
c:/coocox/gcc_arm_based/4.8_2014q3/bin/../lib/gcc/arm-none-eabi/4.8.4/armv7-m\libgcc.a(_fixunsdfdi.o)
                              ..\obj\instance_common.o (__aeabi_d2ulz)
c:/coocox/gcc_arm_based/4.8_2014q3/bin/../lib/gcc/arm-none-eabi/4.8.4/../../../../arm-none-eabi/lib/armv7-m\libc.a(lib_a-clock.o)
                              ..\obj\unistd.o (clock)
c:/coocox/gcc_arm_based/4.8_2014q3/bin/../lib/gcc/arm-none-eabi/4.8.4/../../../../arm-none-eabi/lib/armv7-m\libc.a(lib_a-exit.o)
                              c:/coocox/gcc_arm_based/4.8_2014q3/bin/../lib/gcc/arm-none-eabi/4.8.4/../../../../arm-none-eabi/lib/armv7-m/crt0.o (exit)
c:/coocox/gcc_arm_based/4.8_2014q3/bin/../lib/gcc/arm-none-eabi/4.8.4/../../../../arm-none-eabi/lib/armv7-m\libc.a(lib_a-impure.o)
                              c:/coocox/gcc_arm_based/4.8_2014q3/bin/../lib/gcc/arm-none-eabi/4.8.4/../../../../arm-none-eabi/lib/armv7-m\libc.a(lib_a-exit.o) (_global_impure_ptr)
c:/coocox/gcc_arm_based/4.8_2014q3/bin/../lib/gcc/arm-none-eabi/4.8.4/../../../../arm-none-eabi/lib/armv7-m\libc.a(lib_a-init.o)
                              c:/coocox/gcc_arm_based/4.8_2014q3/bin/../lib/gcc/arm-none-eabi/4.8.4/../../../../arm-none-eabi/lib/armv7-m/crt0.o (__libc_init_array)
c:/coocox/gcc_arm_based/4.8_2014q3/bin/../lib/gcc/arm-none-eabi/4.8.4/../../../../arm-none-eabi/lib/armv7-m\libc.a(lib_a-memcmp.o)
                              ..\obj\instance_common.o (memcmp)
c:/coocox/gcc_arm_based/4.8_2014q3/bin/../lib/gcc/arm-none-eabi/4.8.4/../../../../arm-none-eabi/lib/armv7-m\libc.a(lib_a-memcpy.o)
                              ..\obj\instance_common.o (memcpy)
c:/coocox/gcc_arm_based/4.8_2014q3/bin/../lib/gcc/arm-none-eabi/4.8.4/../../../../arm-none-eabi/lib/armv7-m\libc.a(lib_a-memset.o)
                              c:/coocox/gcc_arm_based/4.8_2014q3/bin/../lib/gcc/arm-none-eabi/4.8.4/../../../../arm-none-eabi/lib/armv7-m/crt0.o (memset)
c:/coocox/gcc_arm_based/4.8_2014q3/bin/../lib/gcc/arm-none-eabi/4.8.4/../../../../arm-none-eabi/lib/armv7-m\libc.a(lib_a-puts.o)
                              ..\obj\deca_device.o (puts)
c:/coocox/gcc_arm_based/4.8_2014q3/bin/../lib/gcc/arm-none-eabi/4.8.4/../../../../arm-none-eabi/lib/armv7-m\libc.a(lib_a-reent.o)
                              ..\obj\syscalls.o (errno)
c:/coocox/gcc_arm_based/4.8_2014q3/bin/../lib/gcc/arm-none-eabi/4.8.4/../../../../arm-none-eabi/lib/armv7-m\libc.a(lib_a-sprintf.o)
                              ..\obj\main.o (sprintf)
c:/coocox/gcc_arm_based/4.8_2014q3/bin/../lib/gcc/arm-none-eabi/4.8.4/../../../../arm-none-eabi/lib/armv7-m\libc.a(lib_a-strlen.o)
                              c:/coocox/gcc_arm_based/4.8_2014q3/bin/../lib/gcc/arm-none-eabi/4.8.4/../../../../arm-none-eabi/lib/armv7-m\libc.a(lib_a-puts.o) (strlen)
c:/coocox/gcc_arm_based/4.8_2014q3/bin/../lib/gcc/arm-none-eabi/4.8.4/../../../../arm-none-eabi/lib/armv7-m\libc.a(lib_a-svfprintf.o)
                              c:/coocox/gcc_arm_based/4.8_2014q3/bin/../lib/gcc/arm-none-eabi/4.8.4/../../../../arm-none-eabi/lib/armv7-m\libc.a(lib_a-sprintf.o) (_svfprintf_r)
c:/coocox/gcc_arm_based/4.8_2014q3/bin/../lib/gcc/arm-none-eabi/4.8.4/../../../../arm-none-eabi/lib/armv7-m\libc.a(lib_a-__call_atexit.o)
                              c:/coocox/gcc_arm_based/4.8_2014q3/bin/../lib/gcc/arm-none-eabi/4.8.4/../../../../arm-none-eabi/lib/armv7-m\libc.a(lib_a-exit.o) (__call_exitprocs)
c:/coocox/gcc_arm_based/4.8_2014q3/bin/../lib/gcc/arm-none-eabi/4.8.4/../../../../arm-none-eabi/lib/armv7-m\libc.a(lib_a-atexit.o)
[...]
Memory Configuration

Name             Origin             Length             Attributes
rom              0x08000000         0x00040000         xr
ram              0x20000000         0x00010000         xrw
*default*        0x00000000         0xffffffff

Linker script and memory map

LOAD c:/coocox/gcc_arm_based/4.8_2014q3/bin/../lib/gcc/arm-none-eabi/4.8.4/armv7-m/crti.o
LOAD c:/coocox/gcc_arm_based/4.8_2014q3/bin/../lib/gcc/arm-none-eabi/4.8.4/armv7-m/crtbegin.o
LOAD c:/coocox/gcc_arm_based/4.8_2014q3/bin/../lib/gcc/arm-none-eabi/4.8.4/../../../../arm-none-eabi/lib/armv7-m/crt0.o
                0x20010000                _eram = 0x20010000

.text           0x08000000     0xc734
 *(.isr_vector)
 .isr_vector    0x08000000      0x1e4 ..\obj\startup_stm32f10x_cl.o
                0x08000000                g_pfnVectors
 *(.text*)
 .text          0x080001e4       0x54 c:/coocox/gcc_arm_based/4.8_2014q3/bin/../lib/gcc/arm-none-eabi/4.8.4/armv7-m/crtbegin.o
 .text.RTC_WaitForLastTask
                0x08000238       0x20 ..\obj\stm32f10x_rtc.o
                0x08000238                RTC_WaitForLastTask
 .text.RTC_GetITStatus
                0x08000258       0x50 ..\obj\stm32f10x_rtc.o
                0x08000258                RTC_GetITStatus
 .text.RTC_ClearITPendingBit
                0x080002a8       0x2c ..\obj\stm32f10x_rtc.o
                0x080002a8                RTC_ClearITPendingBit
 *fill*         0x080002d4        0x4 
 .text.convertmicrosectodevicetimeu
                0x080002d8       0x60 ..\obj\instance_common.o
                0x080002d8                convertmicrosectodevicetimeu
 .text.convertdevicetimetosec
                0x08000338       0x50 ..\obj\instance_common.o
                0x08000338                convertdevicetimetosec
 .text.reportTOF
                0x08000388      0x2b8 ..\obj\instance_common.o
                0x08000388                reportTOF
 .text.instaddtagtolist
                0x08000640       0xb0 ..\obj\instance_common.o
                0x08000640                instaddtagtolist
 .text.instcleartaglist
                0x080006f0       0x94 ..\obj\instance_common.o
                0x080006f0                instcleartaglist
 .text.instancesetrole
                0x08000784       0x20 ..\obj\instance_common.o
                0x08000784                instancesetrole
 .text.instancenewrange
                0x080007a4       0x2c ..\obj\instance_common.o
                0x080007a4                instancenewrange
 .text.instancenewrangeancadd
                0x080007d0       0x18 ..\obj\instance_common.o
                0x080007d0                instancenewrangeancadd
 .text.instancenewrangetagadd
                0x080007e8       0x18 ..\obj\instance_common.o
                0x080007e8                instancenewrangetagadd
 .text.instanceanchorwaiting
                0x08000800       0x18 ..\obj\instance_common.o
                0x08000800                instanceanchorwaiting
 .text.instancesleeping
                0x08000818       0x2c ..\obj\instance_common.o
                0x08000818                instancesleeping
 .text.instanceclearcounts
                0x08000844      0x154 ..\obj\instance_common.o
                0x08000844                instanceclearcounts
 .text.instance_init
                0x08000998      0x190 ..\obj\instance_common.o
                0x08000998                instance_init
 .text.instancereaddeviceid
                0x08000b28       0x10 ..\obj\instance_common.o
                0x08000b28                instancereaddeviceid
 .text.instance_config
                0x08000b38      0x344 ..\obj\instance_common.o
                0x08000b38                instance_config
 .text.instancesettagsleepdelay
                0x08000e7c       0x44 ..\obj\instance_common.o
                0x08000e7c                instancesettagsleepdelay
 .text.instance_get_lcount
                0x08000ec0       0x20 ..\obj\instance_common.o
                0x08000ec0                instance_get_lcount
 .text.instance_get_idist
                0x08000ee0       0x28 ..\obj\instance_common.o
                0x08000ee0                instance_get_idist
 .text.instance_get_idistraw
                0x08000f08       0x28 ..\obj\instance_common.o
                0x08000f08                instance_get_idistraw
 .text.instance_get_adist
                0x08000f30       0x28 ..\obj\instance_common.o
                0x08000f30                instance_get_adist
 .text.inst_processrxtimeout
                0x08000f58       0x74 ..\obj\instance_common.o
                0x08000f58                inst_processrxtimeout
 .text.instance_txcallback
                0x08000fcc      0x180 ..\obj\instance_common.o
                0x08000fcc                instance_txcallback
 .text.instance_rxcallback
                0x0800114c      0x544 ..\obj\instance_common.o
                0x0800114c                instance_rxcallback
 .text.instance_peekevent
                0x08001690       0x4c ..\obj\instance_common.o
                0x08001690                instance_peekevent
 .text.instance_putevent
                0x080016dc       0xfc ..\obj\instance_common.o
                0x080016dc                instance_putevent
 .text.instance_getevent
                0x080017d8      0x22c ..\obj\instance_common.o
                0x080017d8                instance_getevent
 .text.instance_clearevents
                0x08001a04       0x94 ..\obj\instance_common.o
                0x08001a04                instance_clearevents
 .text.instance_setapprun
                0x08001a98       0x24 ..\obj\instance_common.o
                0x08001a98                instance_setapprun
 .text.instance_run
                0x08001abc      0x20c ..\obj\instance_common.o
                0x08001abc                instance_run
 .text.instance_notify_DW1000_inIDLE
                0x08001cc8       0x20 ..\obj\instance_common.o
                0x08001cc8                instance_notify_DW1000_inIDLE
 .text.instancesetantennadelays
                0x08001ce8       0x30 ..\obj\instance_common.o
                0x08001ce8                instancesetantennadelays
 .text.instancetxantdly
                0x08001d18       0x18 ..\obj\instance_common.o
                0x08001d18                instancetxantdly
 .text.instancerxantdly
                0x08001d30       0x18 ..\obj\instance_common.o
                0x08001d30                instancerxantdly
 .text.usleep   0x08001d48       0x3c ..\obj\unistd.o
                0x08001d48                usleep
 .text.__get_MSP
                0x08001d84       0x10 ..\obj\core_cm3.o
                0x08001d84                __get_MSP
 .text.SystemInit
                0x08001d94       0x78 ..\obj\system_stm32f10x.o
                0x08001d94                SystemInit
 .text.SetSysClock
                0x08001e0c        0xc ..\obj\system_stm32f10x.o
 .text.SetSysClockTo72
                0x08001e18      0x138 ..\obj\system_stm32f10x.o
 .text.dwt_initialise
                0x08001f50      0x20c ..\obj\deca_device.o
                0x08001f50                dwt_initialise
 .text.dwt_getldotune
                0x0800215c       0x18 ..\obj\deca_device.o
                0x0800215c                dwt_getldotune
 .text.dwt_getpartid
                0x08002174       0x18 ..\obj\deca_device.o
                0x08002174                dwt_getpartid
 .text.dwt_readdevid
                0x0800218c       0x14 ..\obj\deca_device.o
                0x0800218c                dwt_readdevid
 .text.dwt_configuretxrf
                0x080021a0       0x28 ..\obj\deca_device.o
                0x080021a0                dwt_configuretxrf
 .text.dwt_getotptxpower
                0x080021c8       0x3c ..\obj\deca_device.o
                0x080021c8                dwt_getotptxpower
 .text.dwt_configure
                0x08002204      0x338 ..\obj\deca_device.o
                0x08002204                dwt_configure
 .text.dwt_setrxantennadelay
                0x0800253c       0x2c ..\obj\deca_device.o
                0x0800253c                dwt_setrxantennadelay
 .text.dwt_settxantennadelay
                0x08002568       0x28 ..\obj\deca_device.o
                0x08002568                dwt_settxantennadelay
 .text.dwt_readantennadelay
                0x08002590       0x2c ..\obj\deca_device.o
                0x08002590                dwt_readantennadelay
 .text.dwt_writetxdata
                0x080025bc       0x20 ..\obj\deca_device.o
                0x080025bc                dwt_writetxdata
 .text.dwt_writetxfctrl
                0x080025dc       0x1c ..\obj\deca_device.o
                0x080025dc                dwt_writetxfctrl
 .text.dwt_readrxdata
                0x080025f8       0x14 ..\obj\deca_device.o
                0x080025f8                dwt_readrxdata
 .text.dwt_readtxtimestamp
                0x0800260c        0xc ..\obj\deca_device.o
                0x0800260c                dwt_readtxtimestamp
 .text.dwt_readrxtimestamp
                0x08002618        0xc ..\obj\deca_device.o
                0x08002618                dwt_readrxtimestamp
 .text.dwt_writetodevice
                0x08002624       0x58 ..\obj\deca_device.o
                0x08002624                dwt_writetodevice
 .text.dwt_readfromdevice
                0x0800267c       0x54 ..\obj\deca_device.o
                0x0800267c                dwt_readfromdevice
 .text.dwt_read32bitoffsetreg
                0x080026d0       0x44 ..\obj\deca_device.o
                0x080026d0                dwt_read32bitoffsetreg
 .text.dwt_read16bitoffsetreg
                0x08002714       0x30 ..\obj\deca_device.o
                0x08002714                dwt_read16bitoffsetreg
 .text.dwt_write16bitoffsetreg
                0x08002744       0x20 ..\obj\deca_device.o
                0x08002744                dwt_write16bitoffsetreg
 .text.dwt_write32bitoffsetreg
                0x08002764       0x30 ..\obj\deca_device.o
                0x08002764                dwt_write32bitoffsetreg
 .text.dwt_enableframefilter
                0x08002794       0x40 ..\obj\deca_device.o
                0x08002794                dwt_enableframefilter
 .text.dwt_setpanid
                0x080027d4        0xc ..\obj\deca_device.o
                0x080027d4                dwt_setpanid
 .text.dwt_seteui
                0x080027e0        0xc ..\obj\deca_device.o
                0x080027e0                dwt_seteui
 .text.dwt_geteui
                0x080027ec        0xc ..\obj\deca_device.o
                0x080027ec                dwt_geteui
 .text._dwt_otpread
                0x080027f8       0x4c ..\obj\deca_device.o
                0x080027f8                _dwt_otpread
 .text._dwt_aonarrayupload
                0x08002844       0x30 ..\obj\deca_device.o
                0x08002844                _dwt_aonarrayupload
 .text.dwt_entersleep
                0x08002874        0x4 ..\obj\deca_device.o
                0x08002874                dwt_entersleep
 .text.dwt_configuresleep
                0x08002878       0x24 ..\obj\deca_device.o
                0x08002878                dwt_configuresleep
 .text.dwt_entersleepaftertx
                0x0800289c       0x30 ..\obj\deca_device.o
                0x0800289c                dwt_entersleepaftertx
 .text._dwt_configlde
                0x080028cc       0x3c ..\obj\deca_device.o
                0x080028cc                _dwt_configlde
 .text._dwt_loaducodefromrom
                0x08002908       0x40 ..\obj\deca_device.o
                0x08002908                _dwt_loaducodefromrom
 .text.dwt_loadopsettabfromotp
                0x08002948       0x38 ..\obj\deca_device.o
                0x08002948                dwt_loadopsettabfromotp
 .text.dwt_setrxaftertxdelay
                0x08002980       0x24 ..\obj\deca_device.o
                0x08002980                dwt_setrxaftertxdelay
 .text.dwt_setcallbacks
                0x080029a4        0xc ..\obj\deca_device.o
                0x080029a4                dwt_setcallbacks
 .text.dwt_isr  0x080029b0      0x2b0 ..\obj\deca_device.o
                0x080029b0                dwt_isr
 .text.dwt_setleds
                0x08002c60       0xc4 ..\obj\deca_device.o
                0x08002c60                dwt_setleds
 .text._dwt_enableclocks
                0x08002d24       0xe4 ..\obj\deca_device.o
                0x08002d24                _dwt_enableclocks
 .text._dwt_disablesequencing
                0x08002e08       0x18 ..\obj\deca_device.o
                0x08002e08                _dwt_disablesequencing
 .text.dwt_setdelayedtrxtime
                0x08002e20        0xc ..\obj\deca_device.o
                0x08002e20                dwt_setdelayedtrxtime
 .text.dwt_starttx
                0x08002e2c       0xa4 ..\obj\deca_device.o
                0x08002e2c                dwt_starttx
 .text.dwt_checkoverrun
                0x08002ed0       0x10 ..\obj\deca_device.o
                0x08002ed0                dwt_checkoverrun
 .text.dwt_forcetrxoff
                0x08002ee0       0x64 ..\obj\deca_device.o
                0x08002ee0                dwt_forcetrxoff
 .text.dwt_syncrxbufptrs
                0x08002f44       0x38 ..\obj\deca_device.o
                0x08002f44                dwt_syncrxbufptrs
 .text.dwt_rxenable
                0x08002f7c       0x64 ..\obj\deca_device.o
                0x08002f7c                dwt_rxenable
 .text.dwt_setrxtimeout
                0x08002fe0       0x5c ..\obj\deca_device.o
                0x08002fe0                dwt_setrxtimeout
 .text.dwt_setinterrupt
                0x0800303c       0x34 ..\obj\deca_device.o
                0x0800303c                dwt_setinterrupt
 .text.dwt_configeventcounters
                0x08003070       0x34 ..\obj\deca_device.o
                0x08003070                dwt_configeventcounters
 .text.dwt_rxreset
                0x080030a4       0x30 ..\obj\deca_device.o
                0x080030a4                dwt_rxreset
 .text.dwt_softreset
                0x080030d4       0x7c ..\obj\deca_device.o
                0x080030d4                dwt_softreset
 .text.dwt_xtaltrim
                0x08003150       0x38 ..\obj\deca_device.o
                0x08003150                dwt_xtaltrim
 .text.writetospi_serial
                0x08003188       0x74 ..\obj\deca_spi.o
                0x08003188                writetospi_serial
 .text.readfromspi_serial
                0x080031fc       0x7c ..\obj\deca_spi.o
                0x080031fc                readfromspi_serial
 .text.writetoLCD
                0x08003278       0xa0 ..\obj\deca_spi.o
                0x08003278                writetoLCD
 .text.GPIO_Init
                0x08003318      0x178 ..\obj\stm32f10x_gpio.o
                0x08003318                GPIO_Init
 .text.GPIO_ReadInputDataBit
                0x08003490       0x34 ..\obj\stm32f10x_gpio.o
                0x08003490                GPIO_ReadInputDataBit
 .text.GPIO_SetBits
                0x080034c4       0x1c ..\obj\stm32f10x_gpio.o
                0x080034c4                GPIO_SetBits
 .text.GPIO_ResetBits
                0x080034e0       0x1c ..\obj\stm32f10x_gpio.o
                0x080034e0                GPIO_ResetBits
 .text.GPIO_PinRemapConfig
                0x080034fc       0xe0 ..\obj\stm32f10x_gpio.o
                0x080034fc                GPIO_PinRemapConfig
 .text.GPIO_EXTILineConfig
                0x080035dc       0x7c ..\obj\stm32f10x_gpio.o
                0x080035dc                GPIO_EXTILineConfig
 .text.NVIC_EnableIRQ
                0x08003658       0x30 ..\obj\main.o
 .text.NVIC_DisableIRQ
                0x08003688       0x34 ..\obj\main.o
 .text.decarangingmode
                0x080036bc       0x4c ..\obj\main.o
                0x080036bc                decarangingmode
 .text.inittestapplication
                0x08003708      0x1a8 ..\obj\main.o
                0x08003708                inittestapplication
 .text.process_dwRSTn_irq
                0x080038b0        0xc ..\obj\main.o
                0x080038b0                process_dwRSTn_irq
 .text.process_deca_irq
                0x080038bc       0x1c ..\obj\main.o
                0x080038bc                process_deca_irq
 .text.initLCD  0x080038d8       0x68 ..\obj\main.o
                0x080038d8                initLCD
 .text.main     0x08003940      0x688 ..\obj\main.o
                0x08003940                main
 .text.RCC_DeInit
                0x08003fc8       0x70 ..\obj\stm32f10x_rcc.o
                0x08003fc8                RCC_DeInit
 .text.RCC_HSEConfig
                0x08004038       0x5c ..\obj\stm32f10x_rcc.o
                0x08004038                RCC_HSEConfig
 .text.RCC_WaitForHSEStartUp
                0x08004094       0x50 ..\obj\stm32f10x_rcc.o
                0x08004094                RCC_WaitForHSEStartUp
 .text.RCC_PLLConfig
                0x080040e4       0x3c ..\obj\stm32f10x_rcc.o
                0x080040e4                RCC_PLLConfig
 .text.RCC_PLLCmd
                0x08004120       0x20 ..\obj\stm32f10x_rcc.o
                0x08004120                RCC_PLLCmd
 .text.RCC_PREDIV1Config
                0x08004140       0x40 ..\obj\stm32f10x_rcc.o
                0x08004140                RCC_PREDIV1Config
 .text.RCC_PREDIV2Config
                0x08004180       0x38 ..\obj\stm32f10x_rcc.o
                0x08004180                RCC_PREDIV2Config
 .text.RCC_PLL2Config
                0x080041b8       0x38 ..\obj\stm32f10x_rcc.o
                0x080041b8                RCC_PLL2Config
 .text.RCC_PLL2Cmd
                0x080041f0       0x20 ..\obj\stm32f10x_rcc.o
                0x080041f0                RCC_PLL2Cmd
 .text.RCC_SYSCLKConfig
                0x08004210       0x38 ..\obj\stm32f10x_rcc.o
                0x08004210                RCC_SYSCLKConfig
 .text.RCC_GetSYSCLKSource
                0x08004248       0x20 ..\obj\stm32f10x_rcc.o
                0x08004248                RCC_GetSYSCLKSource
 .text.RCC_HCLKConfig
                0x08004268       0x38 ..\obj\stm32f10x_rcc.o
                0x08004268                RCC_HCLKConfig
 .text.RCC_PCLK1Config
                0x080042a0       0x38 ..\obj\stm32f10x_rcc.o
                0x080042a0                RCC_PCLK1Config
 .text.RCC_PCLK2Config
                0x080042d8       0x38 ..\obj\stm32f10x_rcc.o
                0x080042d8                RCC_PCLK2Config
 .text.RCC_ADCCLKConfig
                0x08004310       0x38 ..\obj\stm32f10x_rcc.o
                0x08004310                RCC_ADCCLKConfig
 .text.RCC_GetClocksFreq
                0x08004348      0x1cc ..\obj\stm32f10x_rcc.o
                0x08004348                RCC_GetClocksFreq
 .text.RCC_APB2PeriphClockCmd
                0x08004514       0x3c ..\obj\stm32f10x_rcc.o
                0x08004514                RCC_APB2PeriphClockCmd
 .text.RCC_APB1PeriphClockCmd
                0x08004550       0x3c ..\obj\stm32f10x_rcc.o
                0x08004550                RCC_APB1PeriphClockCmd
 .text.RCC_APB2PeriphResetCmd
                0x0800458c       0x3c ..\obj\stm32f10x_rcc.o
                0x0800458c                RCC_APB2PeriphResetCmd
 .text.RCC_APB1PeriphResetCmd
                0x080045c8       0x3c ..\obj\stm32f10x_rcc.o
                0x080045c8                RCC_APB1PeriphResetCmd
 .text.RCC_GetFlagStatus
                0x08004604       0x74 ..\obj\stm32f10x_rcc.o
                0x08004604                RCC_GetFlagStatus
 .text.Reset_Handler
                0x08004678       0x50 ..\obj\startup_stm32f10x_cl.o
                0x08004678                Reset_Handler
 .text.Default_Handler
                0x080046c8        0x4 ..\obj\startup_stm32f10x_cl.o
                0x080046c8                EXTI2_IRQHandler
                0x080046c8                TIM1_CC_IRQHandler
                0x080046c8                TIM6_IRQHandler
                0x080046c8                PVD_IRQHandler
                0x080046c8                CAN2_RX1_IRQHandler
                0x080046c8                I2C2_EV_IRQHandler
                0x080046c8                CAN1_RX0_IRQHandler
                0x080046c8                CAN2_SCE_IRQHandler
                0x080046c8                ADC1_2_IRQHandler
                0x080046c8                SPI1_IRQHandler
                0x080046c8                TAMPER_IRQHandler
                0x080046c8                CAN2_RX0_IRQHandler
                0x080046c8                DMA2_Channel2_IRQHandler
                0x080046c8                DMA1_Channel4_IRQHandler
                0x080046c8                USART3_IRQHandler
                0x080046c8                DMA1_Channel7_IRQHandler
                0x080046c8                CAN1_RX1_IRQHandler
                0x080046c8                UART5_IRQHandler
                0x080046c8                TIM4_IRQHandler
                0x080046c8                DMA2_Channel1_IRQHandler
                0x080046c8                I2C1_EV_IRQHandler
                0x080046c8                DMA1_Channel6_IRQHandler
                0x080046c8                UART4_IRQHandler
                0x080046c8                DMA2_Channel4_IRQHandler
                0x080046c8                TIM3_IRQHandler
                0x080046c8                RCC_IRQHandler
                0x080046c8                TIM1_TRG_COM_IRQHandler
                0x080046c8                DMA1_Channel1_IRQHandler
                0x080046c8                Default_Handler
                0x080046c8                TIM7_IRQHandler
                0x080046c8                CAN2_TX_IRQHandler
                0x080046c8                TIM5_IRQHandler
                0x080046c8                ETH_WKUP_IRQHandler
                0x080046c8                SPI2_IRQHandler
                0x080046c8                CAN1_TX_IRQHandler
                0x080046c8                DMA2_Channel5_IRQHandler
                0x080046c8                DMA1_Channel5_IRQHandler
                0x080046c8                EXTI4_IRQHandler
                0x080046c8                DMA1_Channel3_IRQHandler
                0x080046c8                ETH_IRQHandler
                0x080046c8                TIM1_UP_IRQHandler
                0x080046c8                WWDG_IRQHandler
                0x080046c8                TIM2_IRQHandler
                0x080046c8                OTG_FS_WKUP_IRQHandler
                0x080046c8                TIM1_BRK_IRQHandler
                0x080046c8                EXTI1_IRQHandler
                0x080046c8                RTCAlarm_IRQHandler
                0x080046c8                USART2_IRQHandler
                0x080046c8                I2C2_ER_IRQHandler
                0x080046c8                DMA1_Channel2_IRQHandler
                0x080046c8                CAN1_SCE_IRQHandler
                0x080046c8                FLASH_IRQHandler
                0x080046c8                USART1_IRQHandler
                0x080046c8                OTG_FS_IRQHandler
                0x080046c8                SPI3_IRQHandler
                0x080046c8                I2C1_ER_IRQHandler
                0x080046c8                DMA2_Channel3_IRQHandler
 .text.instanceconfigframeheader
                0x080046cc       0x44 ..\obj\instance.o
                0x080046cc                instanceconfigframeheader
 .text.setupmacframedata
                0x08004710       0x20 ..\obj\instance.o
                0x08004710                setupmacframedata
 .text.instancerxon
                0x08004730       0x48 ..\obj\instance.o
                0x08004730                instancerxon
 .text.instancesendpacket
                0x08004778       0x4c ..\obj\instance.o
                0x08004778                instancesendpacket
 .text.testapprun_s
                0x080047c4     0x10e8 ..\obj\instance.o
                0x080047c4                testapprun_s
 .text.instance_init_s
                0x080058ac       0x84 ..\obj\instance.o
                0x080058ac                instance_init_s
 .text.instance_init_timings
                0x08005930      0x378 ..\obj\instance.o
                0x08005930                instance_init_timings
 .text.instance_get_addr
                0x08005ca8      0x1b8 ..\obj\instance.o
                0x08005ca8                instance_get_addr
 .text.instance_get_tagaddr
                0x08005e60      0x1b8 ..\obj\instance.o
                0x08005e60                instance_get_tagaddr
 .text.instance_get_anchaddr
                0x08006018      0x1b8 ..\obj\instance.o
                0x08006018                instance_get_anchaddr
 .text.EXTI_Init
                0x080061d0       0xdc ..\obj\stm32f10x_exti.o
                0x080061d0                EXTI_Init
 .text.EXTI_ClearITPendingBit
                0x080062ac       0x1c ..\obj\stm32f10x_exti.o
                0x080062ac                EXTI_ClearITPendingBit
 .text.NVIC_EnableIRQ
                0x080062c8       0x30 ..\obj\deca_mutex.o
 .text.NVIC_DisableIRQ
                0x080062f8       0x34 ..\obj\deca_mutex.o
 .text.decamutexon
                0x0800632c       0x28 ..\obj\deca_mutex.o
                0x0800632c                decamutexon
 .text.decamutexoff
                0x08006354       0x1c ..\obj\deca_mutex.o
                0x08006354                decamutexoff
 .text._write   0x08006370       0x44 ..\obj\syscalls.o
                0x08006370                _write
 .text._sbrk    0x080063b4       0x70 ..\obj\syscalls.o
                0x080063b4                _sbrk
 .text._times_r
                0x08006424       0x38 ..\obj\syscalls.o
                0x08006424                _times_r
 .text.FLASH_SetLatency
                0x0800645c       0x38 ..\obj\stm32f10x_flash.o
                0x0800645c                FLASH_SetLatency
 .text.FLASH_PrefetchBufferCmd
                0x08006494       0x30 ..\obj\stm32f10x_flash.o
                0x08006494                FLASH_PrefetchBufferCmd
 .text.NMI_Handler
                0x080064c4        0xc ..\obj\stm32f10x_it.o
                0x080064c4                NMI_Handler
 .text.pop_registers_from_fault_stack
                0x080064d0       0x3c ..\obj\stm32f10x_it.o
                0x080064d0                pop_registers_from_fault_stack
 .text.HardFault_Handler
                0x0800650c       0x20 ..\obj\stm32f10x_it.o
                0x0800650c                HardFault_Handler
 .text.MemManage_Handler
                0x0800652c        0x8 ..\obj\stm32f10x_it.o
                0x0800652c                MemManage_Handler
 .text.BusFault_Handler
                0x08006534        0x8 ..\obj\stm32f10x_it.o
                0x08006534                BusFault_Handler
 .text.UsageFault_Handler
                0x0800653c        0x8 ..\obj\stm32f10x_it.o
                0x0800653c                UsageFault_Handler
 .text.SVC_Handler
                0x08006544        0xc ..\obj\stm32f10x_it.o
                0x08006544                SVC_Handler
 .text.DebugMon_Handler
                0x08006550        0xc ..\obj\stm32f10x_it.o
                0x08006550                DebugMon_Handler
 .text.PendSV_Handler
                0x0800655c        0xc ..\obj\stm32f10x_it.o
                0x0800655c                PendSV_Handler
 .text.RTC_IRQHandler
                0x08006568       0x1c ..\obj\stm32f10x_it.o
                0x08006568                RTC_IRQHandler
 .text.SysTick_Handler
                0x08006584       0x1c ..\obj\stm32f10x_it.o
                0x08006584                SysTick_Handler
 .text.EXTI15_10_IRQHandler
                0x080065a0       0x10 ..\obj\stm32f10x_it.o
                0x080065a0                EXTI15_10_IRQHandler
 .text.EXTI0_IRQHandler
                0x080065b0       0x10 ..\obj\stm32f10x_it.o
                0x080065b0                EXTI0_IRQHandler
 .text.EXTI3_IRQHandler
                0x080065c0       0x10 ..\obj\stm32f10x_it.o
                0x080065c0                EXTI3_IRQHandler
 .text.EXTI9_5_IRQHandler
                0x080065d0       0x10 ..\obj\stm32f10x_it.o
                0x080065d0                EXTI9_5_IRQHandler
 .text.NVIC_SetPriority
                0x080065e0       0x54 ..\obj\port.o
 .text.SysTick_Config
                0x08006634       0x44 ..\obj\port.o
 .text.No_Configuration
                0x08006678       0x14 ..\obj\port.o
                0x08006678                No_Configuration
 .text.portGetTickCnt
                0x0800668c       0x18 ..\obj\port.o
                0x0800668c                portGetTickCnt
 .text.SysTick_Configuration
                0x080066a4       0x38 ..\obj\port.o
                0x080066a4                SysTick_Configuration
 .text.NVIC_Configuration
                0x080066dc       0x68 ..\obj\port.o
                0x080066dc                NVIC_Configuration
 .text.EXTI_GetITEnStatus
                0x08006744       0x3c ..\obj\port.o
                0x08006744                EXTI_GetITEnStatus
 .text.RCC_Configuration
                0x08006780       0xd4 ..\obj\port.o
                0x08006780                RCC_Configuration
 .text.USART_Configuration
                0x08006854       0x10 ..\obj\port.o
                0x08006854                USART_Configuration
 .text.SPI_ConfigFastRate
                0x08006864       0x58 ..\obj\port.o
                0x08006864                SPI_ConfigFastRate
 .text.SPI_Configuration
                0x080068bc       0xa8 ..\obj\port.o
                0x080068bc                SPI_Configuration
 .text.SPI2_Configuration
                0x08006964       0xe0 ..\obj\port.o
                0x08006964                SPI2_Configuration
 .text.GPIO_Configuration
                0x08006a44       0xc0 ..\obj\port.o
                0x08006a44                GPIO_Configuration
 .text.reset_DW1000
                0x08006b04       0x4c ..\obj\port.o
                0x08006b04                reset_DW1000
 .text.setup_DW1000RSTnIRQ
                0x08006b50       0xa4 ..\obj\port.o
                0x08006b50                setup_DW1000RSTnIRQ
 .text.led_off  0x08006bf4       0x70 ..\obj\port.o
                0x08006bf4                led_off
 .text.led_on   0x08006c64       0x70 ..\obj\port.o
                0x08006c64                led_on
 .text.peripherals_init
                0x08006cd4       0x24 ..\obj\port.o
                0x08006cd4                peripherals_init
 .text.spi_peripheral_init
                0x08006cf8       0x28 ..\obj\port.o
                0x08006cf8                spi_peripheral_init
 .text.NVIC_PriorityGroupConfig
                0x08006d20       0x24 ..\obj\misc.o
                0x08006d20                NVIC_PriorityGroupConfig
 .text.NVIC_Init
                0x08006d44       0xc0 ..\obj\misc.o
                0x08006d44                NVIC_Init
 .text.SPI_I2S_DeInit
                0x08006e04       0x74 ..\obj\stm32f10x_spi.o
                0x08006e04                SPI_I2S_DeInit
 .text.SPI_Init
                0x08006e78       0x88 ..\obj\stm32f10x_spi.o
                0x08006e78                SPI_Init
 .text.SPI_Cmd  0x08006f00       0x40 ..\obj\stm32f10x_spi.o
                0x08006f00                SPI_Cmd
 .text.SPI_I2S_SendData
                0x08006f40       0x1c ..\obj\stm32f10x_spi.o
                0x08006f40                SPI_I2S_SendData
 .text.SPI_I2S_ReceiveData
                0x08006f5c       0x1c ..\obj\stm32f10x_spi.o
                0x08006f5c                SPI_I2S_ReceiveData
 .text.SPI_SSOutputCmd
                0x08006f78       0x40 ..\obj\stm32f10x_spi.o
                0x08006f78                SPI_SSOutputCmd
 .text.SPI_I2S_GetFlagStatus
                0x08006fb8       0x38 ..\obj\stm32f10x_spi.o
                0x08006fb8                SPI_I2S_GetFlagStatus
 .text.dwt_getrangebias
                0x08006ff0      0x198 ..\obj\deca_range_tables.o
                0x08006ff0                dwt_getrangebias
 .text          0x08007188      0x370 c:/coocox/gcc_arm_based/4.8_2014q3/bin/../lib/gcc/arm-none-eabi/4.8.4/armv7-m\libgcc.a(_arm_addsubdf3.o)
                0x08007188                __aeabi_drsub
                0x08007190                __aeabi_dsub
                0x08007190                __subdf3
                0x08007194                __aeabi_dadd
                0x08007194                __adddf3
                0x0800740c                __floatunsidf
                0x0800740c                __aeabi_ui2d
                0x0800742c                __floatsidf
                0x0800742c                __aeabi_i2d
                0x08007450                __aeabi_f2d
                0x08007450                __extendsfdf2
                0x0800748c                __floatundidf
                0x0800748c                __aeabi_ul2d
                0x0800749c                __floatdidf
                0x0800749c                __aeabi_l2d
 .text          0x080074f8      0x424 c:/coocox/gcc_arm_based/4.8_2014q3/bin/../lib/gcc/arm-none-eabi/4.8.4/armv7-m\libgcc.a(_arm_muldivdf3.o)
                0x080074f8                __aeabi_dmul
                0x080074f8                __muldf3
                0x0800774c                __divdf3
                0x0800774c                __aeabi_ddiv
 .text          0x0800791c      0x110 c:/coocox/gcc_arm_based/4.8_2014q3/bin/../lib/gcc/arm-none-eabi/4.8.4/armv7-m\libgcc.a(_arm_cmpdf2.o)
                0x0800791c                __gtdf2
                0x0800791c                __gedf2
                0x08007924                __ltdf2
                0x08007924                __ledf2
                0x0800792c                __nedf2
                0x0800792c                __eqdf2
                0x0800792c                __cmpdf2
                0x080079a8                __aeabi_cdrcmple
                0x080079b8                __aeabi_cdcmpeq
                0x080079b8                __aeabi_cdcmple
                0x080079c8                __aeabi_dcmpeq
                0x080079dc                __aeabi_dcmplt
                0x080079f0                __aeabi_dcmple
                0x08007a04                __aeabi_dcmpge
                0x08007a18                __aeabi_dcmpgt
 .text          0x08007a2c       0x50 c:/coocox/gcc_arm_based/4.8_2014q3/bin/../lib/gcc/arm-none-eabi/4.8.4/armv7-m\libgcc.a(_arm_fixdfsi.o)
                0x08007a2c                __aeabi_d2iz
                0x08007a2c                __fixdfsi
 .text          0x08007a7c       0x40 c:/coocox/gcc_arm_based/4.8_2014q3/bin/../lib/gcc/arm-none-eabi/4.8.4/armv7-m\libgcc.a(_arm_fixunsdfsi.o)
                0x08007a7c                __aeabi_d2uiz
                0x08007a7c                __fixunsdfsi
 .text          0x08007abc       0xa0 c:/coocox/gcc_arm_based/4.8_2014q3/bin/../lib/gcc/arm-none-eabi/4.8.4/armv7-m\libgcc.a(_arm_truncdfsf2.o)
                0x08007abc                __truncdfsf2
                0x08007abc                __aeabi_d2f
 .text          0x08007b5c      0x21c c:/coocox/gcc_arm_based/4.8_2014q3/bin/../lib/gcc/arm-none-eabi/4.8.4/armv7-m\libgcc.a(_arm_addsubsf3.o)
                0x08007b5c                __aeabi_frsub
                0x08007b64                __subsf3
                0x08007b64                __aeabi_fsub
                0x08007b68                __aeabi_fadd
                0x08007b68                __addsf3
                0x08007cc8                __aeabi_ui2f
                0x08007cc8                __floatunsisf
                0x08007cd0                __aeabi_i2f
                0x08007cd0                __floatsisf
                0x08007cec                __aeabi_ul2f
                0x08007cec                __floatundisf
                0x08007cfc                __aeabi_l2f
                0x08007cfc                __floatdisf
 .text          0x08007d78       0x30 c:/coocox/gcc_arm_based/4.8_2014q3/bin/../lib/gcc/arm-none-eabi/4.8.4/armv7-m\libgcc.a(_fixdfdi.o)
                0x08007d78                __fixdfdi
                0x08007d78                __aeabi_d2lz
 .text          0x08007da8       0x44 c:/coocox/gcc_arm_based/4.8_2014q3/bin/../lib/gcc/arm-none-eabi/4.8.4/armv7-m\libgcc.a(_fixunsdfdi.o)
                0x08007da8                __fixunsdfdi
                0x08007da8                __aeabi_d2ulz
 .text.clock    0x08007dec       0x2c c:/coocox/gcc_arm_based/4.8_2014q3/bin/../lib/gcc/arm-none-eabi/4.8.4/../../../../arm-none-eabi/lib/armv7-m\libc.a(lib_a-clock.o)
                0x08007dec                clock
 .text.__libc_init_array
                0x08007e18       0x50 c:/coocox/gcc_arm_based/4.8_2014q3/bin/../lib/gcc/arm-none-eabi/4.8.4/../../../../arm-none-eabi/lib/armv7-m\libc.a(lib_a-init.o)
                0x08007e18                __libc_init_array
 .text.memcmp   0x08007e68       0x68 c:/coocox/gcc_arm_based/4.8_2014q3/bin/../lib/gcc/arm-none-eabi/4.8.4/../../../../arm-none-eabi/lib/armv7-m\libc.a(lib_a-memcmp.o)
                0x08007e68                memcmp
 .text          0x08007ed0       0xec c:/coocox/gcc_arm_based/4.8_2014q3/bin/../lib/gcc/arm-none-eabi/4.8.4/../../../../arm-none-eabi/lib/armv7-m\libc.a(lib_a-memcpy.o)
                0x08007ed0                memcpy
 .text.memset   0x08007fbc       0x94 c:/coocox/gcc_arm_based/4.8_2014q3/bin/../lib/gcc/arm-none-eabi/4.8.4/../../../../arm-none-eabi/lib/armv7-m\libc.a(lib_a-memset.o)
                0x08007fbc                memset
 .text.sprintf  0x08008050       0x4c c:/coocox/gcc_arm_based/4.8_2014q3/bin/../lib/gcc/arm-none-eabi/4.8.4/../../../../arm-none-eabi/lib/armv7-m\libc.a(lib_a-sprintf.o)
                0x08008050                sprintf
 .text.strlen   0x0800809c       0x60 c:/coocox/gcc_arm_based/4.8_2014q3/bin/../lib/gcc/arm-none-eabi/4.8.4/../../../../arm-none-eabi/lib/armv7-m\libc.a(lib_a-strlen.o)
                0x0800809c                strlen
 .text._svfprintf_r
                0x080080fc     0x14e0 c:/coocox/gcc_arm_based/4.8_2014q3/bin/../lib/gcc/arm-none-eabi/4.8.4/../../../../arm-none-eabi/lib/armv7-m\libc.a(lib_a-svfprintf.o)
                0x080080fc                _svfprintf_r
 .text.startup.register_fini
                0x080095dc       0x14 c:/coocox/gcc_arm_based/4.8_2014q3/bin/../lib/gcc/arm-none-eabi/4.8.4/../../../../arm-none-eabi/lib/armv7-m\libc.a(lib_a-__call_atexit.o)
 .text.atexit   0x080095f0        0xc c:/coocox/gcc_arm_based/4.8_2014q3/bin/../lib/gcc/arm-none-eabi/4.8.4/../../../../arm-none-eabi/lib/armv7-m\libc.a(lib_a-atexit.o)
                0x080095f0                atexit
 .text.quorem   0x080095fc      0x134 c:/coocox/gcc_arm_based/4.8_2014q3/bin/../lib/gcc/arm-none-eabi/4.8.4/../../../../arm-none-eabi/lib/armv7-m\libc.a(lib_a-dtoa.o)
 .text._dtoa_r  0x08009730      0xe38 c:/coocox/gcc_arm_based/4.8_2014q3/bin/../lib/gcc/arm-none-eabi/4.8.4/../../../../arm-none-eabi/lib/armv7-m\libc.a(lib_a-dtoa.o)
                0x08009730                _dtoa_r
 .text.__libc_fini_array
                0x0800a568       0x30 c:/coocox/gcc_arm_based/4.8_2014q3/bin/../lib/gcc/arm-none-eabi/4.8.4/../../../../arm-none-eabi/lib/armv7-m\libc.a(lib_a-fini.o)
                0x0800a568                __libc_fini_array
 .text._malloc_trim_r
                0x0800a598       0x9c c:/coocox/gcc_arm_based/4.8_2014q3/bin/../lib/gcc/arm-none-eabi/4.8.4/../../../../arm-none-eabi/lib/armv7-m\libc.a(lib_a-freer.o)
                0x0800a598                _malloc_trim_r
 .text._free_r  0x0800a634      0x198 c:/coocox/gcc_arm_based/4.8_2014q3/bin/../lib/gcc/arm-none-eabi/4.8.4/../../../../arm-none-eabi/lib/armv7-m\libc.a(lib_a-freer.o)
                0x0800a634                _free_r
 .text._localeconv_r
                0x0800a7cc        0x8 c:/coocox/gcc_arm_based/4.8_2014q3/bin/../lib/gcc/arm-none-eabi/4.8.4/../../../../arm-none-eabi/lib/armv7-m\libc.a(lib_a-locale.o)
                0x0800a7cc                _localeconv_r
 .text._malloc_r
                0x0800a7d4      0x538 c:/coocox/gcc_arm_based/4.8_2014q3/bin/../lib/gcc/arm-none-eabi/4.8.4/../../../../arm-none-eabi/lib/armv7-m\libc.a(lib_a-mallocr.o)
                0x0800a7d4                _malloc_r
 .text.memchr   0x0800ad0c       0x94 c:/coocox/gcc_arm_based/4.8_2014q3/bin/../lib/gcc/arm-none-eabi/4.8.4/../../../../arm-none-eabi/lib/armv7-m\libc.a(lib_a-memchr-stub.o)
                0x0800ad0c                memchr
 .text.memmove  0x0800ada0       0xcc c:/coocox/gcc_arm_based/4.8_2014q3/bin/../lib/gcc/arm-none-eabi/4.8.4/../../../../arm-none-eabi/lib/armv7-m\libc.a(lib_a-memmove.o)
                0x0800ada0                memmove
 .text.__malloc_lock
                0x0800ae6c        0x4 c:/coocox/gcc_arm_based/4.8_2014q3/bin/../lib/gcc/arm-none-eabi/4.8.4/../../../../arm-none-eabi/lib/armv7-m\libc.a(lib_a-mlock.o)
                0x0800ae6c                __malloc_lock
 .text.__malloc_unlock
                0x0800ae70        0x4 c:/coocox/gcc_arm_based/4.8_2014q3/bin/../lib/gcc/arm-none-eabi/4.8.4/../../../../arm-none-eabi/lib/armv7-m\libc.a(lib_a-mlock.o)
                0x0800ae70                __malloc_unlock
 .text._Balloc  0x0800ae74       0x4c c:/coocox/gcc_arm_based/4.8_2014q3/bin/../lib/gcc/arm-none-eabi/4.8.4/../../../../arm-none-eabi/lib/armv7-m\libc.a(lib_a-mprec.o)
                0x0800ae74                _Balloc
 .text._Bfree   0x0800aec0       0x14 c:/coocox/gcc_arm_based/4.8_2014q3/bin/../lib/gcc/arm-none-eabi/4.8.4/../../../../arm-none-eabi/lib/armv7-m\libc.a(lib_a-mprec.o)
                0x0800aec0                _Bfree
 .text.__multadd
                0x0800aed4       0x94 c:/coocox/gcc_arm_based/4.8_2014q3/bin/../lib/gcc/arm-none-eabi/4.8.4/../../../../arm-none-eabi/lib/armv7-m\libc.a(lib_a-mprec.o)
                0x0800aed4                __multadd
 .text.__hi0bits
                0x0800af68       0x40 c:/coocox/gcc_arm_based/4.8_2014q3/bin/../lib/gcc/arm-none-eabi/4.8.4/../../../../arm-none-eabi/lib/armv7-m\libc.a(lib_a-mprec.o)
                0x0800af68                __hi0bits
 .text.__lo0bits
                0x0800afa8       0x5c c:/coocox/gcc_arm_based/4.8_2014q3/bin/../lib/gcc/arm-none-eabi/4.8.4/../../../../arm-none-eabi/lib/armv7-m\libc.a(lib_a-mprec.o)
                0x0800afa8                __lo0bits
 .text.__i2b    0x0800b004       0x14 c:/coocox/gcc_arm_based/4.8_2014q3/bin/../lib/gcc/arm-none-eabi/4.8.4/../../../../arm-none-eabi/lib/armv7-m\libc.a(lib_a-mprec.o)
                0x0800b004                __i2b
 .text.__multiply
                0x0800b018      0x13c c:/coocox/gcc_arm_based/4.8_2014q3/bin/../lib/gcc/arm-none-eabi/4.8.4/../../../../arm-none-eabi/lib/armv7-m\libc.a(lib_a-mprec.o)
                0x0800b018                __multiply
 .text.__pow5mult
                0x0800b154       0x9c c:/coocox/gcc_arm_based/4.8_2014q3/bin/../lib/gcc/arm-none-eabi/4.8.4/../../../../arm-none-eabi/lib/armv7-m\libc.a(lib_a-mprec.o)
                0x0800b154                __pow5mult
 .text.__lshift
                0x0800b1f0       0xbc c:/coocox/gcc_arm_based/4.8_2014q3/bin/../lib/gcc/arm-none-eabi/4.8.4/../../../../arm-none-eabi/lib/armv7-m\libc.a(lib_a-mprec.o)
                0x0800b1f0                __lshift
 .text.__mcmp   0x0800b2ac       0x48 c:/coocox/gcc_arm_based/4.8_2014q3/bin/../lib/gcc/arm-none-eabi/4.8.4/../../../../arm-none-eabi/lib/armv7-m\libc.a(lib_a-mprec.o)
                0x0800b2ac                __mcmp
 .text.__mdiff  0x0800b2f4       0xd8 c:/coocox/gcc_arm_based/4.8_2014q3/bin/../lib/gcc/arm-none-eabi/4.8.4/../../../../arm-none-eabi/lib/armv7-m\libc.a(lib_a-mprec.o)
                0x0800b2f4                __mdiff
 .text.__d2b    0x0800b3cc       0xbc c:/coocox/gcc_arm_based/4.8_2014q3/bin/../lib/gcc/arm-none-eabi/4.8.4/../../../../arm-none-eabi/lib/armv7-m\libc.a(lib_a-mprec.o)
                0x0800b3cc                __d2b
 .text._realloc_r
                0x0800b488      0x3c0 c:/coocox/gcc_arm_based/4.8_2014q3/bin/../lib/gcc/arm-none-eabi/4.8.4/../../../../arm-none-eabi/lib/armv7-m\libc.a(lib_a-reallocr.o)
                0x0800b488                _realloc_r
 .text.__fpclassifyd
                0x0800b848       0x50 c:/coocox/gcc_arm_based/4.8_2014q3/bin/../lib/gcc/arm-none-eabi/4.8.4/../../../../arm-none-eabi/lib/armv7-m\libc.a(lib_a-s_fpclassify.o)
                0x0800b848                __fpclassifyd
 .text._sbrk_r  0x0800b898       0x24 c:/coocox/gcc_arm_based/4.8_2014q3/bin/../lib/gcc/arm-none-eabi/4.8.4/../../../../arm-none-eabi/lib/armv7-m\libc.a(lib_a-sbrkr.o)
                0x0800b898                _sbrk_r
 .text.__ssprint_r
                0x0800b8bc      0x100 c:/coocox/gcc_arm_based/4.8_2014q3/bin/../lib/gcc/arm-none-eabi/4.8.4/../../../../arm-none-eabi/lib/armv7-m\libc.a(lib_a-svfiprintf.o)
                0x0800b8bc                __ssprint_r
 .text.__register_exitproc
                0x0800b9bc       0xa8 c:/coocox/gcc_arm_based/4.8_2014q3/bin/../lib/gcc/arm-none-eabi/4.8.4/../../../../arm-none-eabi/lib/armv7-m\libc.a(lib_a-__atexit.o)
                0x0800b9bc                __register_exitproc
 .text._calloc_r
                0x0800ba64       0x60 c:/coocox/gcc_arm_based/4.8_2014q3/bin/../lib/gcc/arm-none-eabi/4.8.4/../../../../arm-none-eabi/lib/armv7-m\libc.a(lib_a-callocr.o)
                0x0800ba64                _calloc_r
 .text          0x0800bac4       0x2c c:/coocox/gcc_arm_based/4.8_2014q3/bin/../lib/gcc/arm-none-eabi/4.8.4/armv7-m\libgcc.a(_aeabi_uldivmod.o)
                0x0800bac4                __aeabi_uldivmod
 .text          0x0800baf0       0x60 c:/coocox/gcc_arm_based/4.8_2014q3/bin/../lib/gcc/arm-none-eabi/4.8.4/armv7-m\libgcc.a(bpabi.o)
                0x0800baf0                __gnu_ldivmod_helper
                0x0800bb20                __gnu_uldivmod_helper
 .text          0x0800bb50        0x4 c:/coocox/gcc_arm_based/4.8_2014q3/bin/../lib/gcc/arm-none-eabi/4.8.4/armv7-m\libgcc.a(_dvmd_tls.o)
                0x0800bb50                __aeabi_idiv0
                0x0800bb50                __aeabi_ldiv0
 .text          0x0800bb54      0x2a0 c:/coocox/gcc_arm_based/4.8_2014q3/bin/../lib/gcc/arm-none-eabi/4.8.4/armv7-m\libgcc.a(_divdi3.o)
                0x0800bb54                __divdi3
 .text          0x0800bdf4      0x290 c:/coocox/gcc_arm_based/4.8_2014q3/bin/../lib/gcc/arm-none-eabi/4.8.4/armv7-m\libgcc.a(_udivdi3.o)
                0x0800bdf4                __udivdi3
 *(.init)
 .init          0x0800c084        0x4 c:/coocox/gcc_arm_based/4.8_2014q3/bin/../lib/gcc/arm-none-eabi/4.8.4/armv7-m/crti.o
                0x0800c084                _init
 .init          0x0800c088        0x8 c:/coocox/gcc_arm_based/4.8_2014q3/bin/../lib/gcc/arm-none-eabi/4.8.4/armv7-m/crtn.o
 *(.fini)
 .fini          0x0800c090        0x4 c:/coocox/gcc_arm_based/4.8_2014q3/bin/../lib/gcc/arm-none-eabi/4.8.4/armv7-m/crti.o
                0x0800c090                _fini
 .fini          0x0800c094        0x8 c:/coocox/gcc_arm_based/4.8_2014q3/bin/../lib/gcc/arm-none-eabi/4.8.4/armv7-m/crtn.o
 *crtbegin.o(.ctors)
 *crtbegin?.o(.ctors)
 *(EXCLUDE_FILE(*crtend.o *crtend?.o) .ctors)
 *(SORT(.ctors.*))
 *(.ctors)
 *crtbegin.o(.dtors)
 *crtbegin?.o(.dtors)
 *(EXCLUDE_FILE(*crtend.o *crtend?.o) .dtors)
 *(SORT(.dtors.*))
 *(.dtors)
 *(.rodata*)
 .rodata.rfDelays
                0x0800c09c        0x4 ..\obj\instance_calib.o
                0x0800c09c                rfDelays
 .rodata.txSpectrumConfig
                0x0800c0a0       0x60 ..\obj\instance_calib.o
                0x0800c0a0                txSpectrumConfig
 .rodata        0x0800c100      0x1b0 ..\obj\main.o
 .rodata.data_len_bytes.9586
                0x0800c2b0       0x14 ..\obj\instance.o
 .rodata        0x0800c2c4       0x24 ..\obj\syscalls.o
 .rodata.chan_idx
                0x0800c2e8        0x8 ..\obj\deca_params_init.o
                0x0800c2e8                chan_idx
 .rodata.tx_config
                0x0800c2f0       0x18 ..\obj\deca_params_init.o
                0x0800c2f0                tx_config
 .rodata.pll2_config
                0x0800c308       0x20 ..\obj\deca_params_init.o
                0x0800c308                pll2_config
 .rodata.pll2calcfg
                0x0800c328        0x1 ..\obj\deca_params_init.o
                0x0800c328                pll2calcfg
 *fill*         0x0800c329        0x3 
 .rodata.rx_config
                0x0800c32c        0x4 ..\obj\deca_params_init.o
                0x0800c32c                rx_config
 .rodata.agc_config
                0x0800c330        0x8 ..\obj\deca_params_init.o
                0x0800c330                agc_config
 .rodata.dwnsSFDlen
                0x0800c338        0x4 ..\obj\deca_params_init.o
                0x0800c338                dwnsSFDlen
 .rodata.sftsh  0x0800c33c        0xc ..\obj\deca_params_init.o
                0x0800c33c                sftsh
 .rodata.dtune1
                0x0800c348        0x4 ..\obj\deca_params_init.o
                0x0800c348                dtune1
 .rodata.digital_bb_config
                0x0800c34c       0x20 ..\obj\deca_params_init.o
                0x0800c34c                digital_bb_config
 .rodata.lde_replicaCoeff
                0x0800c36c       0x34 ..\obj\deca_params_init.o
                0x0800c36c                lde_replicaCoeff
 .rodata.chan_idxnb
                0x0800c3a0        0x8 ..\obj\deca_range_tables.o
                0x0800c3a0                chan_idxnb
 .rodata.chan_idxwb
                0x0800c3a8        0x8 ..\obj\deca_range_tables.o
                0x0800c3a8                chan_idxwb
 .rodata.range25cm16PRFnb
                0x0800c3b0       0x94 ..\obj\deca_range_tables.o
                0x0800c3b0                range25cm16PRFnb
 .rodata.range25cm16PRFwb
                0x0800c444       0x88 ..\obj\deca_range_tables.o
                0x0800c444                range25cm16PRFwb
 .rodata.range25cm64PRFnb
                0x0800c4cc       0x68 ..\obj\deca_range_tables.o
                0x0800c4cc                range25cm64PRFnb
 .rodata.range25cm64PRFwb
                0x0800c534       0x78 ..\obj\deca_range_tables.o
                0x0800c534                range25cm64PRFwb
 .rodata.str1.4
                0x0800c5ac        0x2 c:/coocox/gcc_arm_based/4.8_2014q3/bin/../lib/gcc/arm-none-eabi/4.8.4/../../../../arm-none-eabi/lib/armv7-m\libc.a(lib_a-impure.o)
                                  0x4 (size before relaxing)
 *fill*         0x0800c5ae        0x2 
 .rodata._global_impure_ptr
                0x0800c5b0        0x4 c:/coocox/gcc_arm_based/4.8_2014q3/bin/../lib/gcc/arm-none-eabi/4.8.4/../../../../arm-none-eabi/lib/armv7-m\libc.a(lib_a-impure.o)
                0x0800c5b0                _global_impure_ptr
 .rodata.zeroes.6763
                0x0800c5b4       0x10 c:/coocox/gcc_arm_based/4.8_2014q3/bin/../lib/gcc/arm-none-eabi/4.8.4/../../../../arm-none-eabi/lib/armv7-m\libc.a(lib_a-svfprintf.o)
 .rodata.str1.4
                0x0800c5c4       0x42 c:/coocox/gcc_arm_based/4.8_2014q3/bin/../lib/gcc/arm-none-eabi/4.8.4/../../../../arm-none-eabi/lib/armv7-m\libc.a(lib_a-svfprintf.o)
                                 0x44 (size before relaxing)
 *fill*         0x0800c606        0x2 
 .rodata.blanks.6762
                0x0800c608       0x10 c:/coocox/gcc_arm_based/4.8_2014q3/bin/../lib/gcc/arm-none-eabi/4.8.4/../../../../arm-none-eabi/lib/armv7-m\libc.a(lib_a-svfprintf.o)
 .rodata.str1.4
                0x0800c618       0x10 c:/coocox/gcc_arm_based/4.8_2014q3/bin/../lib/gcc/arm-none-eabi/4.8.4/../../../../arm-none-eabi/lib/armv7-m\libc.a(lib_a-dtoa.o)
                                 0x14 (size before relaxing)
 .rodata.str1.4
                0x0800c628        0xc c:/coocox/gcc_arm_based/4.8_2014q3/bin/../lib/gcc/arm-none-eabi/4.8.4/../../../../arm-none-eabi/lib/armv7-m\libc.a(lib_a-locale.o)
                                 0x14 (size before relaxing)
 *fill*         0x0800c634        0x4 
 .rodata.__mprec_tens
                0x0800c638       0xc8 c:/coocox/gcc_arm_based/4.8_2014q3/bin/../lib/gcc/arm-none-eabi/4.8.4/../../../../arm-none-eabi/lib/armv7-m\libc.a(lib_a-mprec.o)
                0x0800c638                __mprec_tens
 .rodata.__mprec_bigtens
                0x0800c700       0x28 c:/coocox/gcc_arm_based/4.8_2014q3/bin/../lib/gcc/arm-none-eabi/4.8.4/../../../../arm-none-eabi/lib/armv7-m\libc.a(lib_a-mprec.o)
                0x0800c700                __mprec_bigtens
 .rodata.p05.5269
                0x0800c728        0xc c:/coocox/gcc_arm_based/4.8_2014q3/bin/../lib/gcc/arm-none-eabi/4.8.4/../../../../arm-none-eabi/lib/armv7-m\libc.a(lib_a-mprec.o)
 *(.eh_fram e*)

.eh_frame       0x0800c734        0x0
 .eh_frame      0x0800c734        0x0 c:/coocox/gcc_arm_based/4.8_2014q3/bin/../lib/gcc/arm-none-eabi/4.8.4/armv7-m/crtbegin.o

.glue_7         0x0800c734        0x0
 .glue_7        0x00000000        0x0 linker stubs

.glue_7t        0x0800c734        0x0
 .glue_7t       0x00000000        0x0 linker stubs

.vfp11_veneer   0x0800c734        0x0
 .vfp11_veneer  0x00000000        0x0 linker stubs

.v4_bx          0x0800c734        0x0
 .v4_bx         0x00000000        0x0 linker stubs

.iplt           0x0800c734        0x0
 .iplt          0x00000000        0x0 c:/coocox/gcc_arm_based/4.8_2014q3/bin/../lib/gcc/arm-none-eabi/4.8.4/armv7-m/crtbegin.o

.ARM.extab
 *(.ARM.extab* .gnu.linkonce.armextab.*)
                0x0800c734                __exidx_start = .

.ARM.exidx      0x0800c734        0x8
 *(.ARM.exidx* .gnu.linkonce.armexidx.*)
 .ARM.exidx     0x0800c734        0x8 c:/coocox/gcc_arm_based/4.8_2014q3/bin/../lib/gcc/arm-none-eabi/4.8.4/armv7-m\libgcc.a(_divdi3.o)
 .ARM.exidx     0x0800c73c        0x0 c:/coocox/gcc_arm_based/4.8_2014q3/bin/../lib/gcc/arm-none-eabi/4.8.4/armv7-m\libgcc.a(_udivdi3.o)
                                  0x8 (size before relaxing)
                0x0800c73c                __exidx_end = .
                0x0800c73c                __etext = .
                0x0800c73c                _sidata = __etext

.rel.dyn        0x0800c73c        0x0
 .rel.iplt      0x00000000        0x0 c:/coocox/gcc_arm_based/4.8_2014q3/bin/../lib/gcc/arm-none-eabi/4.8.4/armv7-m/crtbegin.o

.data           0x20000000      0x8fc load address 0x0800c73c
                0x20000000                __data_start__ = .
                0x20000000                _sdata = __data_start__
 *(vtable)
 *(.data*)
 .data.anchorNum
                0x20000000        0x1 ..\obj\instance_common.o
                0x20000000                anchorNum
 *fill*         0x20000001        0x3 
 .data.SystemCoreClock
                0x20000004        0x4 ..\obj\system_stm32f10x.o
                0x20000004                SystemCoreClock
 .data.instance_mode
                0x20000008        0x4 ..\obj\main.o
                0x20000008                instance_mode
 .data.s1switch
                0x2000000c        0x1 ..\obj\main.o
                0x2000000c                s1switch
 *fill*         0x2000000d        0x3 
 .data.chConfig
                0x20000010       0x50 ..\obj\main.o
                0x20000010                chConfig
 .data.APBAHBPrescTable
                0x20000060       0x10 ..\obj\stm32f10x_rcc.o
 .data.ADCPrescTable
                0x20000070        0x4 ..\obj\stm32f10x_rcc.o
 *fill*         0x20000074        0x4 
 .data.impure_data
                0x20000078      0x428 c:/coocox/gcc_arm_based/4.8_2014q3/bin/../lib/gcc/arm-none-eabi/4.8.4/../../../../arm-none-eabi/lib/armv7-m\libc.a(lib_a-impure.o)
 .data._impure_ptr
                0x200004a0        0x4 c:/coocox/gcc_arm_based/4.8_2014q3/bin/../lib/gcc/arm-none-eabi/4.8.4/../../../../arm-none-eabi/lib/armv7-m\libc.a(lib_a-impure.o)
                0x200004a0                _impure_ptr
 .data.lconv    0x200004a4       0x38 c:/coocox/gcc_arm_based/4.8_2014q3/bin/../lib/gcc/arm-none-eabi/4.8.4/../../../../arm-none-eabi/lib/armv7-m\libc.a(lib_a-locale.o)
 .data.__malloc_av_
                0x200004dc      0x408 c:/coocox/gcc_arm_based/4.8_2014q3/bin/../lib/gcc/arm-none-eabi/4.8.4/../../../../arm-none-eabi/lib/armv7-m\libc.a(lib_a-mallocr.o)
                0x200004dc                __malloc_av_
 .data.__malloc_trim_threshold
                0x200008e4        0x4 c:/coocox/gcc_arm_based/4.8_2014q3/bin/../lib/gcc/arm-none-eabi/4.8.4/../../../../arm-none-eabi/lib/armv7-m\libc.a(lib_a-mallocr.o)
                0x200008e4                __malloc_trim_threshold
 .data.__malloc_sbrk_base
                0x200008e8        0x4 c:/coocox/gcc_arm_based/4.8_2014q3/bin/../lib/gcc/arm-none-eabi/4.8.4/../../../../arm-none-eabi/lib/armv7-m\libc.a(lib_a-mallocr.o)
                0x200008e8                __malloc_sbrk_base
                0x200008ec                . = ALIGN (0x4)
                0x200008ec                PROVIDE (__preinit_array_start, .)
 *(.preinit_array)
                0x200008ec                PROVIDE (__preinit_array_end, .)
                0x200008ec                . = ALIGN (0x4)
                0x200008ec                PROVIDE (__init_array_start, .)
 *(SORT(.init_array.*))
 .init_array.00000
                0x200008ec        0x4 c:/coocox/gcc_arm_based/4.8_2014q3/bin/../lib/gcc/arm-none-eabi/4.8.4/../../../../arm-none-eabi/lib/armv7-m\libc.a(lib_a-__call_atexit.o)
 *(.init_array)
 .init_array    0x200008f0        0x4 c:/coocox/gcc_arm_based/4.8_2014q3/bin/../lib/gcc/arm-none-eabi/4.8.4/armv7-m/crtbegin.o
                0x200008f4                PROVIDE (__init_array_end, .)
                0x200008f4                . = ALIGN (0x4)
                0x200008f4                PROVIDE (__fini_array_start, .)
 *(SORT(.fini_array.*))
 *(.fini_array)
 .fini_array    0x200008f4        0x4 c:/coocox/gcc_arm_based/4.8_2014q3/bin/../lib/gcc/arm-none-eabi/4.8.4/armv7-m/crtbegin.o
                0x200008f8                PROVIDE (__fini_array_end, .)
 *(.jcr*)
 .jcr           0x200008f8        0x0 c:/coocox/gcc_arm_based/4.8_2014q3/bin/../lib/gcc/arm-none-eabi/4.8.4/armv7-m/crtbegin.o
 .jcr           0x200008f8        0x4 c:/coocox/gcc_arm_based/4.8_2014q3/bin/../lib/gcc/arm-none-eabi/4.8.4/armv7-m/crtend.o
                0x200008fc                . = ALIGN (0x4)
                0x200008fc                __data_end__ = .
                0x200008fc                _edata = __data_end__

.igot.plt       0x200008fc        0x0 load address 0x0800d038
 .igot.plt      0x00000000        0x0 c:/coocox/gcc_arm_based/4.8_2014q3/bin/../lib/gcc/arm-none-eabi/4.8.4/armv7-m/crtbegin.o

.bss            0x20000900      0x8f8 load address 0x0800d040
                0x20000900                . = ALIGN (0x4)
                0x20000900                __bss_start__ = .
                0x20000900                _sbss = __bss_start__
 *(.bss*)
 .bss           0x20000900       0x1c c:/coocox/gcc_arm_based/4.8_2014q3/bin/../lib/gcc/arm-none-eabi/4.8.4/armv7-m/crtbegin.o
 *fill*         0x2000091c        0x4 
 .bss.inst_idist
                0x20000920        0x8 ..\obj\instance_common.o
                0x20000920                inst_idist
 .bss.inst_idistraw
                0x20000928        0x8 ..\obj\instance_common.o
                0x20000928                inst_idistraw
 .bss.inst_adist
                0x20000930        0x8 ..\obj\instance_common.o
                0x20000930                inst_adist
 .bss.inst_ldist
                0x20000938        0x8 ..\obj\instance_common.o
                0x20000938                inst_ldist
 .bss.dw1000local
                0x20000940       0x80 ..\obj\deca_device.o
 .bss.dr_mode   0x200009c0        0x4 ..\obj\main.o
                0x200009c0                dr_mode
 .bss.ranging   0x200009c4        0x4 ..\obj\main.o
                0x200009c4                ranging
 .bss.heap_end.8846
                0x200009c8        0x4 ..\obj\syscalls.o
 .bss.__malloc_max_total_mem
                0x200009cc        0x4 c:/coocox/gcc_arm_based/4.8_2014q3/bin/../lib/gcc/arm-none-eabi/4.8.4/../../../../arm-none-eabi/lib/armv7-m\libc.a(lib_a-mallocr.o)
                0x200009cc                __malloc_max_total_mem
 .bss.__malloc_max_sbrked_mem
                0x200009d0        0x4 c:/coocox/gcc_arm_based/4.8_2014q3/bin/../lib/gcc/arm-none-eabi/4.8.4/../../../../arm-none-eabi/lib/armv7-m\libc.a(lib_a-mallocr.o)
                0x200009d0                __malloc_max_sbrked_mem
 .bss.__malloc_top_pad
                0x200009d4        0x4 c:/coocox/gcc_arm_based/4.8_2014q3/bin/../lib/gcc/arm-none-eabi/4.8.4/../../../../arm-none-eabi/lib/armv7-m\libc.a(lib_a-mallocr.o)
                0x200009d4                __malloc_top_pad
 .bss.__malloc_current_mallinfo
                0x200009d8       0x28 c:/coocox/gcc_arm_based/4.8_2014q3/bin/../lib/gcc/arm-none-eabi/4.8.4/../../../../arm-none-eabi/lib/armv7-m\libc.a(lib_a-mallocr.o)
                0x200009d8                __malloc_current_mallinfo
 *(COMMON)
 COMMON         0x20000a00      0x71c ..\obj\instance_common.o
                0x20000a00                dw_event_g
                0x20000a98                instance_data
                0x20001118                instance_localdata
 COMMON         0x2000111c       0xd4 ..\obj\main.o
                0x2000111c                tagaddr
                0x20001120                dataseq
                0x20001184                dataseq1
                0x200011e8                chan
                0x200011ec                ancaddr
 COMMON         0x200011f0        0x4 ..\obj\stm32f10x_it.o
                0x200011f0                time32_incr
 COMMON         0x200011f4        0x4 c:/coocox/gcc_arm_based/4.8_2014q3/bin/../lib/gcc/arm-none-eabi/4.8.4/../../../../arm-none-eabi/lib/armv7-m\libc.a(lib_a-reent.o)
                0x200011f4                errno
                0x200011f8                . = ALIGN (0x4)
                0x200011f8                __bss_end__ = .
                0x200011f8                _ebss = __bss_end__

.heap           0x200011f8        0x0
                0x200011f8                __end__ = .
                0x200011f8                _end = __end__
                0x200011f8                end = __end__
 *(.heap*)
                0x200011f8                __HeapLimit = .

.co_stack       0x200011f8        0x0
                0x200011f8                . = ALIGN (0x8)
 *(.co_stack .co_stack.*)
                0x20010000                __StackTop = (ORIGIN (ram) + 0x10000)
                0x20010000                __StackLimit = (__StackTop - SIZEOF (.co_stack))
                0x20010000                PROVIDE (__stack, __StackTop)
                0x00000001                ASSERT ((__StackLimit >= __HeapLimit), region ram  overflowed with stack)
LOAD ..\obj\stm32f10x_rtc.o
LOAD ..\obj\usb_core.o
LOAD ..\obj\instance_common.o
LOAD ..\obj\stm32f10x_tim.o
LOAD ..\obj\unistd.o
LOAD ..\obj\core_cm3.o
LOAD ..\obj\usbd_usr.o
LOAD ..\obj\deca_usb_bsp_evk1000.o
LOAD ..\obj\instance_calib.o
LOAD ..\obj\stm32f10x_dbgmcu.o
LOAD ..\obj\system_stm32f10x.o
LOAD ..\obj\deca_device.o
LOAD ..\obj\deca_spi.o
LOAD ..\obj\stm32f10x_fsmc.o
LOAD ..\obj\stm32f10x_pwr.o
LOAD ..\obj\stm32f10x_can.o
LOAD ..\obj\stm32f10x_gpio.o
LOAD ..\obj\stm32f10x_dac.o
LOAD ..\obj\usbd_core.o
LOAD ..\obj\main.o
LOAD ..\obj\stm32f10x_crc.o
LOAD ..\obj\stm32f10x_rcc.o
LOAD ..\obj\startup_stm32f10x_cl.o
LOAD ..\obj\instance.o
LOAD ..\obj\stm32f10x_exti.o
LOAD ..\obj\stm32f10x_adc.o
LOAD ..\obj\usbd_desc.o
LOAD ..\obj\deca_mutex.o
LOAD ..\obj\stm32f10x_usart.o
LOAD ..\obj\deca_usb.o
LOAD ..\obj\dma_spi.o
LOAD ..\obj\syscalls.o
LOAD ..\obj\stm32f10x_flash.o
LOAD ..\obj\stm32f10x_it.o
LOAD ..\obj\stm32f10x_cec.o
LOAD ..\obj\usbd_req.o
LOAD ..\obj\port.o
LOAD ..\obj\usb_dcd_int.o
LOAD ..\obj\stm32f10x_sdio.o
LOAD ..\obj\usbd_cdc_core.o
LOAD ..\obj\stm32f10x_dma.o
LOAD ..\obj\usb_hcd.o
LOAD ..\obj\misc.o
LOAD ..\obj\usb_dcd.o
LOAD ..\obj\stm32f10x_wwdg.o
LOAD ..\obj\stm32f10x_spi.o
LOAD ..\obj\stm32f10x_i2c.o
LOAD ..\obj\deca_params_init.o
LOAD ..\obj\usbd_ioreq.o
LOAD ..\obj\deca_range_tables.o
LOAD ..\obj\stm32f10x_bkp.o
LOAD ..\obj\usb_hcd_int.o
LOAD ..\obj\stm32f10x_iwdg.o
LOAD c:/coocox/gcc_arm_based/4.8_2014q3/bin/../lib/gcc/arm-none-eabi/4.8.4/../../../../arm-none-eabi/lib/armv7-m\libm.a
LOAD c:/coocox/gcc_arm_based/4.8_2014q3/bin/../lib/gcc/arm-none-eabi/4.8.4/armv7-m\libgcc.a
LOAD c:/coocox/gcc_arm_based/4.8_2014q3/bin/../lib/gcc/arm-none-eabi/4.8.4/../../../../arm-none-eabi/lib/armv7-m\libc.a
LOAD c:/coocox/gcc_arm_based/4.8_2014q3/bin/../lib/gcc/arm-none-eabi/4.8.4/../../../../arm-none-eabi/lib/armv7-m\libstdc++.a
START GROUP
LOAD c:/coocox/gcc_arm_based/4.8_2014q3/bin/../lib/gcc/arm-none-eabi/4.8.4/armv7-m\libgcc.a
LOAD c:/coocox/gcc_arm_based/4.8_2014q3/bin/../lib/gcc/arm-none-eabi/4.8.4/../../../../arm-none-eabi/lib/armv7-m\libg.a
LOAD c:/coocox/gcc_arm_based/4.8_2014q3/bin/../lib/gcc/arm-none-eabi/4.8.4/../../../../arm-none-eabi/lib/armv7-m\libc.a
END GROUP
LOAD c:/coocox/gcc_arm_based/4.8_2014q3/bin/../lib/gcc/arm-none-eabi/4.8.4/armv7-m/crtend.o
LOAD c:/coocox/gcc_arm_based/4.8_2014q3/bin/../lib/gcc/arm-none-eabi/4.8.4/armv7-m/crtn.o
OUTPUT(EVK1000.elf elf32-littlearm)

.ARM.attributes
                0x00000000       0x29
 .ARM.attributes
                0x00000000       0x1d c:/coocox/gcc_arm_based/4.8_2014q3/bin/../lib/gcc/arm-none-eabi/4.8.4/armv7-m/crti.o
 .ARM.attributes
                0x0000001d       0x2d c:/coocox/gcc_arm_based/4.8_2014q3/bin/../lib/gcc/arm-none-eabi/4.8.4/armv7-m/crtbegin.o
 .ARM.attributes
                0x0000004a       0x33 ..\obj\stm32f10x_rtc.o
 .ARM.attributes
                0x0000007d       0x33 ..\obj\instance_common.o
 .ARM.attributes
                0x000000b0       0x33 ..\obj\unistd.o
 .ARM.attributes
                0x000000e3       0x33 ..\obj\core_cm3.o
 .ARM.attributes
                0x00000116       0x33 ..\obj\instance_calib.o
 .ARM.attributes
                0x00000149       0x33 ..\obj\system_stm32f10x.o
 .ARM.attributes
                0x0000017c       0x33 ..\obj\deca_device.o
 .ARM.attributes
                0x000001af       0x33 ..\obj\deca_spi.o
 .ARM.attributes
                0x000001e2       0x33 ..\obj\stm32f10x_gpio.o
 .ARM.attributes
                0x00000215       0x33 ..\obj\main.o
 .ARM.attributes
                0x00000248       0x33 ..\obj\stm32f10x_rcc.o
 .ARM.attributes
                0x0000027b       0x21 ..\obj\startup_stm32f10x_cl.o
 .ARM.attributes
                0x0000029c       0x33 ..\obj\instance.o
 .ARM.attributes
                0x000002cf       0x33 ..\obj\stm32f10x_exti.o
 .ARM.attributes
                0x00000302       0x33 ..\obj\deca_mutex.o
 .ARM.attributes
                0x00000335       0x33 ..\obj\syscalls.o
 .ARM.attributes
                0x00000368       0x33 ..\obj\stm32f10x_flash.o
 .ARM.attributes
                0x0000039b       0x33 ..\obj\stm32f10x_it.o
 .ARM.attributes
                0x000003ce       0x33 ..\obj\port.o
 .ARM.attributes
                0x00000401       0x33 ..\obj\misc.o
 .ARM.attributes
                0x00000434       0x33 ..\obj\stm32f10x_spi.o
 .ARM.attributes
                0x00000467       0x33 ..\obj\deca_params_init.o
 .ARM.attributes
                0x0000049a       0x33 ..\obj\deca_range_tables.o
 .ARM.attributes
                0x000004cd       0x1d c:/coocox/gcc_arm_based/4.8_2014q3/bin/../lib/gcc/arm-none-eabi/4.8.4/armv7-m\libgcc.a(_arm_addsubdf3.o)
 .ARM.attributes
                0x000004ea       0x1d c:/coocox/gcc_arm_based/4.8_2014q3/bin/../lib/gcc/arm-none-eabi/4.8.4/armv7-m\libgcc.a(_arm_muldivdf3.o)
 .ARM.attributes
                0x00000507       0x1d c:/coocox/gcc_arm_based/4.8_2014q3/bin/../lib/gcc/arm-none-eabi/4.8.4/armv7-m\libgcc.a(_arm_cmpdf2.o)
 .ARM.attributes
                0x00000524       0x1d c:/coocox/gcc_arm_based/4.8_2014q3/bin/../lib/gcc/arm-none-eabi/4.8.4/armv7-m\libgcc.a(_arm_fixdfsi.o)
 .ARM.attributes
                0x00000541       0x1d c:/coocox/gcc_arm_based/4.8_2014q3/bin/../lib/gcc/arm-none-eabi/4.8.4/armv7-m\libgcc.a(_arm_fixunsdfsi.o)
 .ARM.attributes
                0x0000055e       0x1d c:/coocox/gcc_arm_based/4.8_2014q3/bin/../lib/gcc/arm-none-eabi/4.8.4/armv7-m\libgcc.a(_arm_truncdfsf2.o)
 .ARM.attributes
                0x0000057b       0x1d c:/coocox/gcc_arm_based/4.8_2014q3/bin/../lib/gcc/arm-none-eabi/4.8.4/armv7-m\libgcc.a(_arm_addsubsf3.o)
 .ARM.attributes
                0x00000598       0x2d c:/coocox/gcc_arm_based/4.8_2014q3/bin/../lib/gcc/arm-none-eabi/4.8.4/armv7-m\libgcc.a(_fixdfdi.o)
 .ARM.attributes
                0x000005c5       0x2d c:/coocox/gcc_arm_based/4.8_2014q3/bin/../lib/gcc/arm-none-eabi/4.8.4/armv7-m\libgcc.a(_fixunsdfdi.o)
 .ARM.attributes
                0x000005f2       0x2d c:/coocox/gcc_arm_based/4.8_2014q3/bin/../lib/gcc/arm-none-eabi/4.8.4/../../../../arm-none-eabi/lib/armv7-m\libc.a(lib_a-clock.o)
 .ARM.attributes
                0x0000061f       0x2d c:/coocox/gcc_arm_based/4.8_2014q3/bin/../lib/gcc/arm-none-eabi/4.8.4/../../../../arm-none-eabi/lib/armv7-m\libc.a(lib_a-impure.o)
 .ARM.attributes
                0x0000064c       0x2d c:/coocox/gcc_arm_based/4.8_2014q3/bin/../lib/gcc/arm-none-eabi/4.8.4/../../../../arm-none-eabi/lib/armv7-m\libc.a(lib_a-init.o)
 .ARM.attributes
                0x00000679       0x2d c:/coocox/gcc_arm_based/4.8_2014q3/bin/../lib/gcc/arm-none-eabi/4.8.4/../../../../arm-none-eabi/lib/armv7-m\libc.a(lib_a-memcmp.o)
 .ARM.attributes
                0x000006a6       0x1b c:/coocox/gcc_arm_based/4.8_2014q3/bin/../lib/gcc/arm-none-eabi/4.8.4/../../../../arm-none-eabi/lib/armv7-m\libc.a(lib_a-memcpy.o)
 .ARM.attributes
                0x000006c1       0x2d c:/coocox/gcc_arm_based/4.8_2014q3/bin/../lib/gcc/arm-none-eabi/4.8.4/../../../../arm-none-eabi/lib/armv7-m\libc.a(lib_a-memset.o)
 .ARM.attributes
                0x000006ee       0x2d c:/coocox/gcc_arm_based/4.8_2014q3/bin/../lib/gcc/arm-none-eabi/4.8.4/../../../../arm-none-eabi/lib/armv7-m\libc.a(lib_a-reent.o)
 .ARM.attributes
                0x0000071b       0x2d c:/coocox/gcc_arm_based/4.8_2014q3/bin/../lib/gcc/arm-none-eabi/4.8.4/../../../../arm-none-eabi/lib/armv7-m\libc.a(lib_a-sprintf.o)
 .ARM.attributes
                0x00000748       0x2d c:/coocox/gcc_arm_based/4.8_2014q3/bin/../lib/gcc/arm-none-eabi/4.8.4/../../../../arm-none-eabi/lib/armv7-m\libc.a(lib_a-strlen.o)
 .ARM.attributes
                0x00000775       0x2d c:/coocox/gcc_arm_based/4.8_2014q3/bin/../lib/gcc/arm-none-eabi/4.8.4/../../../../arm-none-eabi/lib/armv7-m\libc.a(lib_a-svfprintf.o)
 .ARM.attributes
                0x000007a2       0x2d c:/coocox/gcc_arm_based/4.8_2014q3/bin/../lib/gcc/arm-none-eabi/4.8.4/../../../../arm-none-eabi/lib/armv7-m\libc.a(lib_a-__call_atexit.o)
 .ARM.attributes
                0x000007cf       0x2d c:/coocox/gcc_arm_based/4.8_2014q3/bin/../lib/gcc/arm-none-eabi/4.8.4/../../../../arm-none-eabi/lib/armv7-m\libc.a(lib_a-atexit.o)
 .ARM.attributes
                0x000007fc       0x2d c:/coocox/gcc_arm_based/4.8_2014q3/bin/../lib/gcc/arm-none-eabi/4.8.4/../../../../arm-none-eabi/lib/armv7-m\libc.a(lib_a-dtoa.o)
 .ARM.attributes
                0x00000829       0x2d c:/coocox/gcc_arm_based/4.8_2014q3/bin/../lib/gcc/arm-none-eabi/4.8.4/../../../../arm-none-eabi/lib/armv7-m\libc.a(lib_a-fini.o)
 .ARM.attributes
                0x00000856       0x2d c:/coocox/gcc_arm_based/4.8_2014q3/bin/../lib/gcc/arm-none-eabi/4.8.4/../../../../arm-none-eabi/lib/armv7-m\libc.a(lib_a-freer.o)
 .ARM.attributes
                0x00000883       0x2d c:/coocox/gcc_arm_based/4.8_2014q3/bin/../lib/gcc/arm-none-eabi/4.8.4/../../../../arm-none-eabi/lib/armv7-m\libc.a(lib_a-locale.o)
 .ARM.attributes
                0x000008b0       0x2d c:/coocox/gcc_arm_based/4.8_2014q3/bin/../lib/gcc/arm-none-eabi/4.8.4/../../../../arm-none-eabi/lib/armv7-m\libc.a(lib_a-mallocr.o)
 .ARM.attributes
                0x000008dd       0x2d c:/coocox/gcc_arm_based/4.8_2014q3/bin/../lib/gcc/arm-none-eabi/4.8.4/../../../../arm-none-eabi/lib/armv7-m\libc.a(lib_a-memchr-stub.o)
 .ARM.attributes
                0x0000090a       0x2d c:/coocox/gcc_arm_based/4.8_2014q3/bin/../lib/gcc/arm-none-eabi/4.8.4/../../../../arm-none-eabi/lib/armv7-m\libc.a(lib_a-memmove.o)
 .ARM.attributes
                0x00000937       0x2d c:/coocox/gcc_arm_based/4.8_2014q3/bin/../lib/gcc/arm-none-eabi/4.8.4/../../../../arm-none-eabi/lib/armv7-m\libc.a(lib_a-mlock.o)
 .ARM.attributes
                0x00000964       0x2d c:/coocox/gcc_arm_based/4.8_2014q3/bin/../lib/gcc/arm-none-eabi/4.8.4/../../../../arm-none-eabi/lib/armv7-m\libc.a(lib_a-mprec.o)
 .ARM.attributes
                0x00000991       0x2d c:/coocox/gcc_arm_based/4.8_2014q3/bin/../lib/gcc/arm-none-eabi/4.8.4/../../../../arm-none-eabi/lib/armv7-m\libc.a(lib_a-reallocr.o)
 .ARM.attributes
                0x000009be       0x2d c:/coocox/gcc_arm_based/4.8_2014q3/bin/../lib/gcc/arm-none-eabi/4.8.4/../../../../arm-none-eabi/lib/armv7-m\libc.a(lib_a-s_fpclassify.o)
 .ARM.attributes
                0x000009eb       0x2d c:/coocox/gcc_arm_based/4.8_2014q3/bin/../lib/gcc/arm-none-eabi/4.8.4/../../../../arm-none-eabi/lib/armv7-m\libc.a(lib_a-sbrkr.o)
 .ARM.attributes
                0x00000a18       0x2d c:/coocox/gcc_arm_based/4.8_2014q3/bin/../lib/gcc/arm-none-eabi/4.8.4/../../../../arm-none-eabi/lib/armv7-m\libc.a(lib_a-svfiprintf.o)
 .ARM.attributes
                0x00000a45       0x2d c:/coocox/gcc_arm_based/4.8_2014q3/bin/../lib/gcc/arm-none-eabi/4.8.4/../../../../arm-none-eabi/lib/armv7-m\libc.a(lib_a-__atexit.o)
 .ARM.attributes
                0x00000a72       0x2d c:/coocox/gcc_arm_based/4.8_2014q3/bin/../lib/gcc/arm-none-eabi/4.8.4/../../../../arm-none-eabi/lib/armv7-m\libc.a(lib_a-callocr.o)
 .ARM.attributes
                0x00000a9f       0x1d c:/coocox/gcc_arm_based/4.8_2014q3/bin/../lib/gcc/arm-none-eabi/4.8.4/armv7-m\libgcc.a(_aeabi_uldivmod.o)
 .ARM.attributes
                0x00000abc       0x2d c:/coocox/gcc_arm_based/4.8_2014q3/bin/../lib/gcc/arm-none-eabi/4.8.4/armv7-m\libgcc.a(bpabi.o)
 .ARM.attributes
                0x00000ae9       0x1d c:/coocox/gcc_arm_based/4.8_2014q3/bin/../lib/gcc/arm-none-eabi/4.8.4/armv7-m\libgcc.a(_dvmd_tls.o)
 .ARM.attributes
                0x00000b06       0x2d c:/coocox/gcc_arm_based/4.8_2014q3/bin/../lib/gcc/arm-none-eabi/4.8.4/armv7-m\libgcc.a(_divdi3.o)
 .ARM.attributes
                0x00000b33       0x2d c:/coocox/gcc_arm_based/4.8_2014q3/bin/../lib/gcc/arm-none-eabi/4.8.4/armv7-m\libgcc.a(_udivdi3.o)
 .ARM.attributes
                0x00000b60       0x2d c:/coocox/gcc_arm_based/4.8_2014q3/bin/../lib/gcc/arm-none-eabi/4.8.4/armv7-m/crtend.o
 .ARM.attributes
                0x00000b8d       0x1d c:/coocox/gcc_arm_based/4.8_2014q3/bin/../lib/gcc/arm-none-eabi/4.8.4/armv7-m/crtn.o

.comment        0x00000000       0x70
 .comment       0x00000000       0x70 ..\obj\stm32f10x_rtc.o
                                 0x71 (size before relaxing)
 .comment       0x00000000       0x71 ..\obj\instance_common.o
 .comment       0x00000000       0x71 ..\obj\unistd.o
 .comment       0x00000000       0x71 ..\obj\core_cm3.o
 .comment       0x00000000       0x71 ..\obj\instance_calib.o
 .comment       0x00000000       0x71 ..\obj\system_stm32f10x.o
 .comment       0x00000000       0x71 ..\obj\deca_device.o
 .comment       0x00000000       0x71 ..\obj\deca_spi.o
 .comment       0x00000000       0x71 ..\obj\stm32f10x_gpio.o
 .comment       0x00000000       0x71 ..\obj\main.o
 .comment       0x00000000       0x71 ..\obj\stm32f10x_rcc.o
 .comment       0x00000000       0x71 ..\obj\instance.o
 .comment       0x00000000       0x71 ..\obj\stm32f10x_exti.o
 .comment       0x00000000       0x71 ..\obj\deca_mutex.o
 .comment       0x00000000       0x71 ..\obj\syscalls.o
 .comment       0x00000000       0x71 ..\obj\stm32f10x_flash.o
 .comment       0x00000000       0x71 ..\obj\stm32f10x_it.o
 .comment       0x00000000       0x71 ..\obj\port.o
 .comment       0x00000000       0x71 ..\obj\misc.o
 .comment       0x00000000       0x71 ..\obj\stm32f10x_spi.o
 .comment       0x00000000       0x71 ..\obj\deca_params_init.o
 .comment       0x00000000       0x71 ..\obj\deca_range_tables.o

.debug_info     0x00000000     0xc442
 .debug_info    0x00000000      0x41e ..\obj\stm32f10x_rtc.o
 .debug_info    0x0000041e     0x1856 ..\obj\instance_common.o
 .debug_info    0x00001c74      0x126 ..\obj\unistd.o
 .debug_info    0x00001d9a      0x527 ..\obj\core_cm3.o
 .debug_info    0x000022c1      0xdd9 ..\obj\instance_calib.o
 .debug_info    0x0000309a      0x48a ..\obj\system_stm32f10x.o
 .debug_info    0x00003524     0x18ff ..\obj\deca_device.o
 .debug_info    0x00004e23      0x3f6 ..\obj\deca_spi.o
 .debug_info    0x00005219      0x6d1 ..\obj\stm32f10x_gpio.o
 .debug_info    0x000058ea     0x1530 ..\obj\main.o
 .debug_info    0x00006e1a      0xa7d ..\obj\stm32f10x_rcc.o
 .debug_info    0x00007897       0xb8 ..\obj\startup_stm32f10x_cl.o
 .debug_info    0x0000794f     0x12bb ..\obj\instance.o
 .debug_info    0x00008c0a      0x32b ..\obj\stm32f10x_exti.o
 .debug_info    0x00008f35      0x454 ..\obj\deca_mutex.o
 .debug_info    0x00009389      0x51e ..\obj\syscalls.o
 .debug_info    0x000098a7      0x79b ..\obj\stm32f10x_flash.o
 .debug_info    0x0000a042      0x282 ..\obj\stm32f10x_it.o
 .debug_info    0x0000a2c4      0xe81 ..\obj\port.o
 .debug_info    0x0000b145      0x4e9 ..\obj\misc.o
 .debug_info    0x0000b62e      0x993 ..\obj\stm32f10x_spi.o
 .debug_info    0x0000bfc1      0x268 ..\obj\deca_params_init.o
 .debug_info    0x0000c229      0x219 ..\obj\deca_range_tables.o

.debug_abbrev   0x00000000     0x2385
 .debug_abbrev  0x00000000      0x18d ..\obj\stm32f10x_rtc.o
 .debug_abbrev  0x0000018d      0x33a ..\obj\instance_common.o
 .debug_abbrev  0x000004c7       0x98 ..\obj\unistd.o
 .debug_abbrev  0x0000055f       0xac ..\obj\core_cm3.o
 .debug_abbrev  0x0000060b      0x1b2 ..\obj\instance_calib.o
 .debug_abbrev  0x000007bd      0x177 ..\obj\system_stm32f10x.o
 .debug_abbrev  0x00000934      0x292 ..\obj\deca_device.o
 .debug_abbrev  0x00000bc6      0x157 ..\obj\deca_spi.o
 .debug_abbrev  0x00000d1d      0x1c8 ..\obj\stm32f10x_gpio.o
 .debug_abbrev  0x00000ee5      0x2b9 ..\obj\main.o
 .debug_abbrev  0x0000119e      0x1ba ..\obj\stm32f10x_rcc.o
 .debug_abbrev  0x00001358       0x12 ..\obj\startup_stm32f10x_cl.o
 .debug_abbrev  0x0000136a      0x29f ..\obj\instance.o
 .debug_abbrev  0x00001609      0x151 ..\obj\stm32f10x_exti.o
 .debug_abbrev  0x0000175a      0x144 ..\obj\deca_mutex.o
 .debug_abbrev  0x0000189e      0x157 ..\obj\syscalls.o
 .debug_abbrev  0x000019f5      0x18b ..\obj\stm32f10x_flash.o
 .debug_abbrev  0x00001b80      0x108 ..\obj\stm32f10x_it.o
 .debug_abbrev  0x00001c88      0x2e8 ..\obj\port.o
 .debug_abbrev  0x00001f70      0x154 ..\obj\misc.o
 .debug_abbrev  0x000020c4      0x17e ..\obj\stm32f10x_spi.o
 .debug_abbrev  0x00002242       0x79 ..\obj\deca_params_init.o
 .debug_abbrev  0x000022bb       0xca ..\obj\deca_range_tables.o

.debug_aranges  0x00000000      0xe38
 .debug_aranges
                0x00000000       0x88 ..\obj\stm32f10x_rtc.o
 .debug_aranges
                0x00000088      0x190 ..\obj\instance_common.o
 .debug_aranges
                0x00000218       0x28 ..\obj\unistd.o
 .debug_aranges
                0x00000240       0xc8 ..\obj\core_cm3.o
 .debug_aranges
                0x00000308       0x38 ..\obj\instance_calib.o
 .debug_aranges
                0x00000340       0x38 ..\obj\system_stm32f10x.o
 .debug_aranges
                0x00000378      0x2c0 ..\obj\deca_device.o
 .debug_aranges
                0x00000638       0x40 ..\obj\deca_spi.o
 .debug_aranges
                0x00000678       0xa8 ..\obj\stm32f10x_gpio.o
 .debug_aranges
                0x00000720       0x68 ..\obj\main.o
 .debug_aranges
                0x00000788      0x160 ..\obj\stm32f10x_rcc.o
 .debug_aranges
                0x000008e8       0x28 ..\obj\startup_stm32f10x_cl.o
 .debug_aranges
                0x00000910       0x70 ..\obj\instance.o
 .debug_aranges
                0x00000980       0x58 ..\obj\stm32f10x_exti.o
 .debug_aranges
                0x000009d8       0x38 ..\obj\deca_mutex.o
 .debug_aranges
                0x00000a10       0x70 ..\obj\syscalls.o
 .debug_aranges
                0x00000a80       0xf8 ..\obj\stm32f10x_flash.o
 .debug_aranges
                0x00000b78       0x90 ..\obj\stm32f10x_it.o
 .debug_aranges
                0x00000c08       0xe8 ..\obj\port.o
 .debug_aranges
                0x00000cf0       0x40 ..\obj\misc.o
 .debug_aranges
                0x00000d30       0xd0 ..\obj\stm32f10x_spi.o
 .debug_aranges
                0x00000e00       0x18 ..\obj\deca_params_init.o
 .debug_aranges
                0x00000e18       0x20 ..\obj\deca_range_tables.o

.debug_ranges   0x00000000      0xd38
 .debug_ranges  0x00000000       0x78 ..\obj\stm32f10x_rtc.o
 .debug_ranges  0x00000078      0x180 ..\obj\instance_common.o
 .debug_ranges  0x000001f8       0x18 ..\obj\unistd.o
 .debug_ranges  0x00000210       0xb8 ..\obj\core_cm3.o
 .debug_ranges  0x000002c8       0x28 ..\obj\instance_calib.o
 .debug_ranges  0x000002f0       0x28 ..\obj\system_stm32f10x.o
 .debug_ranges  0x00000318      0x308 ..\obj\deca_device.o
 .debug_ranges  0x00000620       0x30 ..\obj\deca_spi.o
 .debug_ranges  0x00000650       0x98 ..\obj\stm32f10x_gpio.o
 .debug_ranges  0x000006e8       0x58 ..\obj\main.o
 .debug_ranges  0x00000740      0x150 ..\obj\stm32f10x_rcc.o
 .debug_ranges  0x00000890       0x20 ..\obj\startup_stm32f10x_cl.o
 .debug_ranges  0x000008b0       0x78 ..\obj\instance.o
 .debug_ranges  0x00000928       0x48 ..\obj\stm32f10x_exti.o
 .debug_ranges  0x00000970       0x28 ..\obj\deca_mutex.o
 .debug_ranges  0x00000998       0x60 ..\obj\syscalls.o
 .debug_ranges  0x000009f8       0xe8 ..\obj\stm32f10x_flash.o
 .debug_ranges  0x00000ae0       0x80 ..\obj\stm32f10x_it.o
 .debug_ranges  0x00000b60       0xd8 ..\obj\port.o
 .debug_ranges  0x00000c38       0x30 ..\obj\misc.o
 .debug_ranges  0x00000c68       0xc0 ..\obj\stm32f10x_spi.o
 .debug_ranges  0x00000d28       0x10 ..\obj\deca_range_tables.o

.debug_line     0x00000000     0x4fb9
 .debug_line    0x00000000      0x2d8 ..\obj\stm32f10x_rtc.o
 .debug_line    0x000002d8      0x722 ..\obj\instance_common.o
 .debug_line    0x000009fa       0xd5 ..\obj\unistd.o
 .debug_line    0x00000acf      0x2af ..\obj\core_cm3.o
 .debug_line    0x00000d7e      0x221 ..\obj\instance_calib.o
 .debug_line    0x00000f9f      0x21a ..\obj\system_stm32f10x.o
 .debug_line    0x000011b9      0xbbf ..\obj\deca_device.o
 .debug_line    0x00001d78      0x2b3 ..\obj\deca_spi.o
 .debug_line    0x0000202b      0x3c7 ..\obj\stm32f10x_gpio.o
 .debug_line    0x000023f2      0x3e8 ..\obj\main.o
 .debug_line    0x000027da      0x58f ..\obj\stm32f10x_rcc.o
 .debug_line    0x00002d69       0xc6 ..\obj\startup_stm32f10x_cl.o
 .debug_line    0x00002e2f      0x53c ..\obj\instance.o
 .debug_line    0x0000336b      0x2bd ..\obj\stm32f10x_exti.o
 .debug_line    0x00003628      0x21b ..\obj\deca_mutex.o
 .debug_line    0x00003843      0x266 ..\obj\syscalls.o
 .debug_line    0x00003aa9      0x4f2 ..\obj\stm32f10x_flash.o
 .debug_line    0x00003f9b      0x2ba ..\obj\stm32f10x_it.o
 .debug_line    0x00004255      0x565 ..\obj\port.o
 .debug_line    0x000047ba      0x25d ..\obj\misc.o
 .debug_line    0x00004a17      0x449 ..\obj\stm32f10x_spi.o
 .debug_line    0x00004e60       0x87 ..\obj\deca_params_init.o
 .debug_line    0x00004ee7       0xd2 ..\obj\deca_range_tables.o

.debug_str      0x00000000     0x42f0
 .debug_str     0x00000000      0x365 ..\obj\stm32f10x_rtc.o
                                0x3cd (size before relaxing)
 .debug_str     0x00000365      0xd98 ..\obj\instance_common.o
                                0xfd0 (size before relaxing)
 .debug_str     0x000010fd       0x4e ..\obj\unistd.o
                                0x1d2 (size before relaxing)
 .debug_str     0x0000114b      0x180 ..\obj\core_cm3.o
                                0x2ff (size before relaxing)
 .debug_str     0x000012cb       0x94 ..\obj\instance_calib.o
                                0xa45 (size before relaxing)
 .debug_str     0x0000135f      0x1c1 ..\obj\system_stm32f10x.o
                                0x352 (size before relaxing)
 .debug_str     0x00001520      0xa5f ..\obj\deca_device.o
                                0xd74 (size before relaxing)
 .debug_str     0x00001f7f       0xf1 ..\obj\deca_spi.o
                                0x351 (size before relaxing)
 .debug_str     0x00002070      0x37e ..\obj\stm32f10x_gpio.o
                                0x544 (size before relaxing)
 .debug_str     0x000023ee      0x5d0 ..\obj\main.o
                               0x1059 (size before relaxing)
 .debug_str     0x000029be      0x501 ..\obj\stm32f10x_rcc.o
                                0x78d (size before relaxing)
 .debug_str     0x00002ebf      0x20c ..\obj\instance.o
                                0xc65 (size before relaxing)
 .debug_str     0x000030cb      0x1e4 ..\obj\stm32f10x_exti.o
                                0x374 (size before relaxing)
 .debug_str     0x000032af       0x4d ..\obj\deca_mutex.o
                                0x647 (size before relaxing)
 .debug_str     0x000032fc      0x1be ..\obj\syscalls.o
                                0x389 (size before relaxing)
 .debug_str     0x000034ba      0x419 ..\obj\stm32f10x_flash.o
                                0x613 (size before relaxing)
 .debug_str     0x000038d3      0x1b3 ..\obj\stm32f10x_it.o
                                0x364 (size before relaxing)
 .debug_str     0x00003a86      0x379 ..\obj\port.o
                                0xd31 (size before relaxing)
 .debug_str     0x00003dff      0x116 ..\obj\misc.o
                                0x3e3 (size before relaxing)
 .debug_str     0x00003f15      0x2d0 ..\obj\stm32f10x_spi.o
                                0x675 (size before relaxing)
 .debug_str     0x000041e5       0x3c ..\obj\deca_params_init.o
                                0x25b (size before relaxing)
 .debug_str     0x00004221       0xcf ..\obj\deca_range_tables.o
                                0x256 (size before relaxing)

.debug_frame    0x00000000     0x3408
 .debug_frame   0x00000000      0x194 ..\obj\stm32f10x_rtc.o
 .debug_frame   0x00000194      0x56c ..\obj\instance_common.o
 .debug_frame   0x00000700       0x50 ..\obj\unistd.o
 .debug_frame   0x00000750      0x248 ..\obj\core_cm3.o
 .debug_frame   0x00000998       0x90 ..\obj\instance_calib.o
 .debug_frame   0x00000a28       0x80 ..\obj\system_stm32f10x.o
 .debug_frame   0x00000aa8      0x884 ..\obj\deca_device.o
 .debug_frame   0x0000132c       0xac ..\obj\deca_spi.o
 .debug_frame   0x000013d8      0x210 ..\obj\stm32f10x_gpio.o
 .debug_frame   0x000015e8      0x13c ..\obj\main.o
 .debug_frame   0x00001724      0x484 ..\obj\stm32f10x_rcc.o
 .debug_frame   0x00001ba8      0x188 ..\obj\instance.o
 .debug_frame   0x00001d30       0xec ..\obj\stm32f10x_exti.o
 .debug_frame   0x00001e1c       0x88 ..\obj\deca_mutex.o
 .debug_frame   0x00001ea4      0x14c ..\obj\syscalls.o
 .debug_frame   0x00001ff0      0x338 ..\obj\stm32f10x_flash.o
 .debug_frame   0x00002328      0x190 ..\obj\stm32f10x_it.o
 .debug_frame   0x000024b8      0x30c ..\obj\port.o
 .debug_frame   0x000027c4       0x9c ..\obj\misc.o
 .debug_frame   0x00002860      0x29c ..\obj\stm32f10x_spi.o
 .debug_frame   0x00002afc       0x30 ..\obj\deca_range_tables.o
 .debug_frame   0x00002b2c       0x2c c:/coocox/gcc_arm_based/4.8_2014q3/bin/../lib/gcc/arm-none-eabi/4.8.4/armv7-m\libgcc.a(_fixdfdi.o)
 .debug_frame   0x00002b58       0x2c c:/coocox/gcc_arm_based/4.8_2014q3/bin/../lib/gcc/arm-none-eabi/4.8.4/armv7-m\libgcc.a(_fixunsdfdi.o)
 .debug_frame   0x00002b84       0x28 c:/coocox/gcc_arm_based/4.8_2014q3/bin/../lib/gcc/arm-none-eabi/4.8.4/../../../../arm-none-eabi/lib/armv7-m\libc.a(lib_a-clock.o)
 .debug_frame   0x00002bac       0x2c c:/coocox/gcc_arm_based/4.8_2014q3/bin/../lib/gcc/arm-none-eabi/4.8.4/../../../../arm-none-eabi/lib/armv7-m\libc.a(lib_a-init.o)
 .debug_frame   0x00002bd8       0x2c c:/coocox/gcc_arm_based/4.8_2014q3/bin/../lib/gcc/arm-none-eabi/4.8.4/../../../../arm-none-eabi/lib/armv7-m\libc.a(lib_a-memcmp.o)
 .debug_frame   0x00002c04       0x2c c:/coocox/gcc_arm_based/4.8_2014q3/bin/../lib/gcc/arm-none-eabi/4.8.4/../../../../arm-none-eabi/lib/armv7-m\libc.a(lib_a-memset.o)
 .debug_frame   0x00002c30       0x48 c:/coocox/gcc_arm_based/4.8_2014q3/bin/../lib/gcc/arm-none-eabi/4.8.4/../../../../arm-none-eabi/lib/armv7-m\libc.a(lib_a-reent.o)
 .debug_frame   0x00002c78       0x64 c:/coocox/gcc_arm_based/4.8_2014q3/bin/../lib/gcc/arm-none-eabi/4.8.4/../../../../arm-none-eabi/lib/armv7-m\libc.a(lib_a-sprintf.o)
 .debug_frame   0x00002cdc       0x20 c:/coocox/gcc_arm_based/4.8_2014q3/bin/../lib/gcc/arm-none-eabi/4.8.4/../../../../arm-none-eabi/lib/armv7-m\libc.a(lib_a-strlen.o)
 .debug_frame   0x00002cfc       0x3c c:/coocox/gcc_arm_based/4.8_2014q3/bin/../lib/gcc/arm-none-eabi/4.8.4/../../../../arm-none-eabi/lib/armv7-m\libc.a(lib_a-svfprintf.o)
 .debug_frame   0x00002d38       0x48 c:/coocox/gcc_arm_based/4.8_2014q3/bin/../lib/gcc/arm-none-eabi/4.8.4/../../../../arm-none-eabi/lib/armv7-m\libc.a(lib_a-__call_atexit.o)
 .debug_frame   0x00002d80       0x20 c:/coocox/gcc_arm_based/4.8_2014q3/bin/../lib/gcc/arm-none-eabi/4.8.4/../../../../arm-none-eabi/lib/armv7-m\libc.a(lib_a-atexit.o)
 .debug_frame   0x00002da0       0x64 c:/coocox/gcc_arm_based/4.8_2014q3/bin/../lib/gcc/arm-none-eabi/4.8.4/../../../../arm-none-eabi/lib/armv7-m\libc.a(lib_a-dtoa.o)
 .debug_frame   0x00002e04       0x2c c:/coocox/gcc_arm_based/4.8_2014q3/bin/../lib/gcc/arm-none-eabi/4.8.4/../../../../arm-none-eabi/lib/armv7-m\libc.a(lib_a-fini.o)
 .debug_frame   0x00002e30       0x50 c:/coocox/gcc_arm_based/4.8_2014q3/bin/../lib/gcc/arm-none-eabi/4.8.4/../../../../arm-none-eabi/lib/armv7-m\libc.a(lib_a-freer.o)
 .debug_frame   0x00002e80       0x98 c:/coocox/gcc_arm_based/4.8_2014q3/bin/../lib/gcc/arm-none-eabi/4.8.4/../../../../arm-none-eabi/lib/armv7-m\libc.a(lib_a-locale.o)
 .debug_frame   0x00002f18       0x38 c:/coocox/gcc_arm_based/4.8_2014q3/bin/../lib/gcc/arm-none-eabi/4.8.4/../../../../arm-none-eabi/lib/armv7-m\libc.a(lib_a-mallocr.o)
 .debug_frame   0x00002f50       0x2c c:/coocox/gcc_arm_based/4.8_2014q3/bin/../lib/gcc/arm-none-eabi/4.8.4/../../../../arm-none-eabi/lib/armv7-m\libc.a(lib_a-memchr-stub.o)
 .debug_frame   0x00002f7c       0x2c c:/coocox/gcc_arm_based/4.8_2014q3/bin/../lib/gcc/arm-none-eabi/4.8.4/../../../../arm-none-eabi/lib/armv7-m\libc.a(lib_a-memmove.o)
 .debug_frame   0x00002fa8       0x30 c:/coocox/gcc_arm_based/4.8_2014q3/bin/../lib/gcc/arm-none-eabi/4.8.4/../../../../arm-none-eabi/lib/armv7-m\libc.a(lib_a-mlock.o)
 .debug_frame   0x00002fd8      0x228 c:/coocox/gcc_arm_based/4.8_2014q3/bin/../lib/gcc/arm-none-eabi/4.8.4/../../../../arm-none-eabi/lib/armv7-m\libc.a(lib_a-mprec.o)
 .debug_frame   0x00003200       0x38 c:/coocox/gcc_arm_based/4.8_2014q3/bin/../lib/gcc/arm-none-eabi/4.8.4/../../../../arm-none-eabi/lib/armv7-m\libc.a(lib_a-reallocr.o)
 .debug_frame   0x00003238       0x28 c:/coocox/gcc_arm_based/4.8_2014q3/bin/../lib/gcc/arm-none-eabi/4.8.4/../../../../arm-none-eabi/lib/armv7-m\libc.a(lib_a-s_fpclassify.o)
 .debug_frame   0x00003260       0x2c c:/coocox/gcc_arm_based/4.8_2014q3/bin/../lib/gcc/arm-none-eabi/4.8.4/../../../../arm-none-eabi/lib/armv7-m\libc.a(lib_a-sbrkr.o)
 .debug_frame   0x0000328c       0x64 c:/coocox/gcc_arm_based/4.8_2014q3/bin/../lib/gcc/arm-none-eabi/4.8.4/../../../../arm-none-eabi/lib/armv7-m\libc.a(lib_a-svfiprintf.o)
 .debug_frame   0x000032f0       0x30 c:/coocox/gcc_arm_based/4.8_2014q3/bin/../lib/gcc/arm-none-eabi/4.8.4/../../../../arm-none-eabi/lib/armv7-m\libc.a(lib_a-__atexit.o)
 .debug_frame   0x00003320       0x28 c:/coocox/gcc_arm_based/4.8_2014q3/bin/../lib/gcc/arm-none-eabi/4.8.4/../../../../arm-none-eabi/lib/armv7-m\libc.a(lib_a-callocr.o)
 .debug_frame   0x00003348       0x58 c:/coocox/gcc_arm_based/4.8_2014q3/bin/../lib/gcc/arm-none-eabi/4.8.4/armv7-m\libgcc.a(bpabi.o)
 .debug_frame   0x000033a0       0x34 c:/coocox/gcc_arm_based/4.8_2014q3/bin/../lib/gcc/arm-none-eabi/4.8.4/armv7-m\libgcc.a(_divdi3.o)
 .debug_frame   0x000033d4       0x34 c:/coocox/gcc_arm_based/4.8_2014q3/bin/../lib/gcc/arm-none-eabi/4.8.4/armv7-m\libgcc.a(_udivdi3.o)
