Archive member included because of file (symbol)

c:/coocox/gcc_arm_based/4.8_2014q3/bin/../lib/gcc/arm-none-eabi/4.8.4/armv7-m\libgcc.a(_arm_addsubdf3.o)
                              ..\obj\instance_common.o (__aeabi_dsub)
c:/coocox/gcc_arm_based/4.8_2014q3/bin/../lib/gcc/arm-none-eabi/4.8.4/armv7-m\libgcc.a(_arm_muldivdf3.o)
                              ..\obj\instance_common.o (__aeabi_dmul)
c:/coocox/gcc_arm_based/4.8_2014q3/bin/../lib/gcc/arm-none-eabi/4.8.4/armv7-m\libgcc.a(_arm_cmpdf2.o)
                              ..\obj\instance_common.o (__aeabi_dcmplt)
c:/coocox/gcc_arm_based/4.8_2014q3/bin/../lib/gcc/arm-none-eabi/4.8.4/armv7-m\libgcc.a(_arm_fixdfsi.o)
                              ..\obj\main.o (__aeabi_d2iz)
c:/coocox/gcc_arm_based/4.8_2014q3/bin/../lib/gcc/arm-none-eabi/4.8.4/armv7-m\libgcc.a(_arm_fixunsdfsi.o)
                              ..\obj\instance_common.o (__aeabi_d2uiz)
c:/coocox/gcc_arm_based/4.8_2014q3/bin/../lib/gcc/arm-none-eabi/4.8.4/armv7-m\libgcc.a(_arm_truncdfsf2.o)
                              ..\obj\instance_common.o (__aeabi_d2f)
c:/coocox/gcc_arm_based/4.8_2014q3/bin/../lib/gcc/arm-none-eabi/4.8.4/armv7-m\libgcc.a(_arm_addsubsf3.o)
                              ..\obj\deca_range_tables.o (__aeabi_i2f)
c:/coocox/gcc_arm_based/4.8_2014q3/bin/../lib/gcc/arm-none-eabi/4.8.4/armv7-m\libgcc.a(_fixdfdi.o)
                              ..\obj\instance.o (__aeabi_d2lz)
c:/coocox/gcc_arm_based/4.8_2014q3/bin/../lib/gcc/arm-none-eabi/4.8.4/armv7-m\libgcc.a(_fixunsdfdi.o)
                              ..\obj\instance_common.o (__aeabi_d2ulz)
c:/coocox/gcc_arm_based/4.8_2014q3/bin/../lib/gcc/arm-none-eabi/4.8.4/../../../../arm-none-eabi/lib/armv7-m\libc.a(lib_a-clock.o)
                              ..\obj\unistd.o (clock)
c:/coocox/gcc_arm_based/4.8_2014q3/bin/../lib/gcc/arm-none-eabi/4.8.4/../../../../arm-none-eabi/lib/armv7-m\libc.a(lib_a-exit.o)
                              c:/coocox/gcc_arm_based/4.8_2014q3/bin/../lib/gcc/arm-none-eabi/4.8.4/../../../../arm-none-eabi/lib/armv7-m/crt0.o (exit)
c:/coocox/gcc_arm_based/4.8_2014q3/bin/../lib/gcc/arm-none-eabi/4.8.4/../../../../arm-none-eabi/lib/armv7-m\libc.a(lib_a-impure.o)
                              c:/coocox/gcc_arm_based/4.8_2014q3/bin/../lib/gcc/arm-none-eabi/4.8.4/../../../../arm-none-eabi/lib/armv7-m\libc.a(lib_a-exit.o) (_global_impure_ptr)
c:/coocox/gcc_arm_based/4.8_2014q3/bin/../lib/gcc/arm-none-eabi/4.8.4/../../../../arm-none-eabi/lib/armv7-m\libc.a(lib_a-init.o)
                              c:/coocox/gcc_arm_based/4.8_2014q3/bin/../lib/gcc/arm-none-eabi/4.8.4/../../../../arm-none-eabi/lib/armv7-m/crt0.o (__libc_init_array)
c:/coocox/gcc_arm_based/4.8_2014q3/bin/../lib/gcc/arm-none-eabi/4.8.4/../../../../arm-none-eabi/lib/armv7-m\libc.a(lib_a-memcmp.o)
                              ..\obj\instance_common.o (memcmp)
c:/coocox/gcc_arm_based/4.8_2014q3/bin/../lib/gcc/arm-none-eabi/4.8.4/../../../../arm-none-eabi/lib/armv7-m\libc.a(lib_a-memcpy.o)
                              ..\obj\instance_common.o (memcpy)
c:/coocox/gcc_arm_based/4.8_2014q3/bin/../lib/gcc/arm-none-eabi/4.8.4/../../../../arm-none-eabi/lib/armv7-m\libc.a(lib_a-memset.o)
                              c:/coocox/gcc_arm_based/4.8_2014q3/bin/../lib/gcc/arm-none-eabi/4.8.4/../../../../arm-none-eabi/lib/armv7-m/crt0.o (memset)
c:/coocox/gcc_arm_based/4.8_2014q3/bin/../lib/gcc/arm-none-eabi/4.8.4/../../../../arm-none-eabi/lib/armv7-m\libc.a(lib_a-puts.o)
                              ..\obj\deca_device.o (puts)
c:/coocox/gcc_arm_based/4.8_2014q3/bin/../lib/gcc/arm-none-eabi/4.8.4/../../../../arm-none-eabi/lib/armv7-m\libc.a(lib_a-reent.o)
                              ..\obj\syscalls.o (errno)
c:/coocox/gcc_arm_based/4.8_2014q3/bin/../lib/gcc/arm-none-eabi/4.8.4/../../../../arm-none-eabi/lib/armv7-m\libc.a(lib_a-sprintf.o)
                              ..\obj\main.o (sprintf)
c:/coocox/gcc_arm_based/4.8_2014q3/bin/../lib/gcc/arm-none-eabi/4.8.4/../../../../arm-none-eabi/lib/armv7-m\libc.a(lib_a-strlen.o)
                              c:/coocox/gcc_arm_based/4.8_2014q3/bin/../lib/gcc/arm-none-eabi/4.8.4/../../../../arm-none-eabi/lib/armv7-m\libc.a(lib_a-puts.o) (strlen)
c:/coocox/gcc_arm_based/4.8_2014q3/bin/../lib/gcc/arm-none-eabi/4.8.4/../../../../arm-none-eabi/lib/armv7-m\libc.a(lib_a-svfprintf.o)
                              c:/coocox/gcc_arm_based/4.8_2014q3/bin/../lib/gcc/arm-none-eabi/4.8.4/../../../../arm-none-eabi/lib/armv7-m\libc.a(lib_a-sprintf.o) (_svfprintf_r)
c:/coocox/gcc_arm_based/4.8_2014q3/bin/../lib/gcc/arm-none-eabi/4.8.4/../../../../arm-none-eabi/lib/armv7-m\libc.a(lib_a-__call_atexit.o)
                              c:/coocox/gcc_arm_based/4.8_2014q3/bin/../lib/gcc/arm-none-eabi/4.8.4/../../../../arm-none-eabi/lib/armv7-m\libc.a(lib_a-exit.o) (__call_exitprocs)
c:/coocox/gcc_arm_based/4.8_2014q3/bin/../lib/gcc/arm-none-eabi/4.8.4/../../../../arm-none-eabi/lib/armv7-m\libc.a(lib_a-atexit.o)
[...]
Memory Configuration

Name             Origin             Length             Attributes
rom              0x08000000         0x00040000         xr
ram              0x20000000         0x00010000         xrw
*default*        0x00000000         0xffffffff

Linker script and memory map

LOAD c:/coocox/gcc_arm_based/4.8_2014q3/bin/../lib/gcc/arm-none-eabi/4.8.4/armv7-m/crti.o
LOAD c:/coocox/gcc_arm_based/4.8_2014q3/bin/../lib/gcc/arm-none-eabi/4.8.4/armv7-m/crtbegin.o
LOAD c:/coocox/gcc_arm_based/4.8_2014q3/bin/../lib/gcc/arm-none-eabi/4.8.4/../../../../arm-none-eabi/lib/armv7-m/crt0.o
                0x20010000                _eram = 0x20010000

.text           0x08000000    0x10c24
 *(.isr_vector)
 .isr_vector    0x08000000      0x1e4 ..\obj\startup_stm32f10x_cl.o
                0x08000000                g_pfnVectors
 *(.text*)
 .text          0x080001e4       0x54 c:/coocox/gcc_arm_based/4.8_2014q3/bin/../lib/gcc/arm-none-eabi/4.8.4/armv7-m/crtbegin.o
 .text.RTC_WaitForLastTask
                0x08000238       0x20 ..\obj\stm32f10x_rtc.o
                0x08000238                RTC_WaitForLastTask
 .text.RTC_GetITStatus
                0x08000258       0x50 ..\obj\stm32f10x_rtc.o
                0x08000258                RTC_GetITStatus
 .text.RTC_ClearITPendingBit
                0x080002a8       0x2c ..\obj\stm32f10x_rtc.o
                0x080002a8                RTC_ClearITPendingBit
 .text.USB_OTG_EnableCommonInt
                0x080002d4       0x44 ..\obj\usb_core.o
 .text.USB_OTG_CoreReset
                0x08000318       0x8c ..\obj\usb_core.o
 .text.USB_OTG_WritePacket
                0x080003a4       0x70 ..\obj\usb_core.o
                0x080003a4                USB_OTG_WritePacket
 .text.USB_OTG_ReadPacket
                0x08000414       0x58 ..\obj\usb_core.o
                0x08000414                USB_OTG_ReadPacket
 .text.USB_OTG_SelectCore
                0x0800046c      0x174 ..\obj\usb_core.o
                0x0800046c                USB_OTG_SelectCore
 .text.USB_OTG_CoreInit
                0x080005e0      0x13c ..\obj\usb_core.o
                0x080005e0                USB_OTG_CoreInit
 .text.USB_OTG_EnableGlobalInt
                0x0800071c       0x38 ..\obj\usb_core.o
                0x0800071c                USB_OTG_EnableGlobalInt
 .text.USB_OTG_DisableGlobalInt
                0x08000754       0x38 ..\obj\usb_core.o
                0x08000754                USB_OTG_DisableGlobalInt
 .text.USB_OTG_FlushTxFifo
                0x0800078c       0x74 ..\obj\usb_core.o
                0x0800078c                USB_OTG_FlushTxFifo
 .text.USB_OTG_FlushRxFifo
                0x08000800       0x60 ..\obj\usb_core.o
                0x08000800                USB_OTG_FlushRxFifo
 .text.USB_OTG_SetCurrentMode
                0x08000860       0x60 ..\obj\usb_core.o
                0x08000860                USB_OTG_SetCurrentMode
 .text.USB_OTG_GetMode
                0x080008c0       0x20 ..\obj\usb_core.o
                0x080008c0                USB_OTG_GetMode
 .text.USB_OTG_IsDeviceMode
                0x080008e0       0x24 ..\obj\usb_core.o
                0x080008e0                USB_OTG_IsDeviceMode
 .text.USB_OTG_ReadCoreItr
                0x08000904       0x30 ..\obj\usb_core.o
                0x08000904                USB_OTG_ReadCoreItr
 .text.USB_OTG_InitDevSpeed
                0x08000934       0x38 ..\obj\usb_core.o
                0x08000934                USB_OTG_InitDevSpeed
 .text.USB_OTG_CoreInitDev
                0x0800096c      0x27c ..\obj\usb_core.o
                0x0800096c                USB_OTG_CoreInitDev
 .text.USB_OTG_EnableDevInt
                0x08000be8       0x98 ..\obj\usb_core.o
                0x08000be8                USB_OTG_EnableDevInt
 .text.USB_OTG_GetDeviceSpeed
                0x08000c80       0x48 ..\obj\usb_core.o
                0x08000c80                USB_OTG_GetDeviceSpeed
 .text.USB_OTG_EP0Activate
                0x08000cc8       0x78 ..\obj\usb_core.o
                0x08000cc8                USB_OTG_EP0Activate
 .text.USB_OTG_EPActivate
                0x08000d40       0xdc ..\obj\usb_core.o
                0x08000d40                USB_OTG_EPActivate
 .text.USB_OTG_EPDeactivate
                0x08000e1c       0x8c ..\obj\usb_core.o
                0x08000e1c                USB_OTG_EPDeactivate
 .text.USB_OTG_EPStartXfer
                0x08000ea8      0x280 ..\obj\usb_core.o
                0x08000ea8                USB_OTG_EPStartXfer
 .text.USB_OTG_EP0StartXfer
                0x08001128      0x1d4 ..\obj\usb_core.o
                0x08001128                USB_OTG_EP0StartXfer
 .text.USB_OTG_EPSetStall
                0x080012fc       0x88 ..\obj\usb_core.o
                0x080012fc                USB_OTG_EPSetStall
 .text.USB_OTG_EPClearStall
                0x08001384       0x78 ..\obj\usb_core.o
                0x08001384                USB_OTG_EPClearStall
 .text.USB_OTG_ReadDevAllOutEp_itr
                0x080013fc       0x2c ..\obj\usb_core.o
                0x080013fc                USB_OTG_ReadDevAllOutEp_itr
 .text.USB_OTG_ReadDevOutEP_itr
                0x08001428       0x38 ..\obj\usb_core.o
                0x08001428                USB_OTG_ReadDevOutEP_itr
 .text.USB_OTG_ReadDevAllInEPItr
                0x08001460       0x2c ..\obj\usb_core.o
                0x08001460                USB_OTG_ReadDevAllInEPItr
 .text.USB_OTG_EP0_OutStart
                0x0800148c       0x70 ..\obj\usb_core.o
                0x0800148c                USB_OTG_EP0_OutStart
 .text.USB_OTG_UngateClock
                0x080014fc       0x54 ..\obj\usb_core.o
                0x080014fc                USB_OTG_UngateClock
 .text.convertmicrosectodevicetimeu
                0x08001550       0x60 ..\obj\instance_common.o
                0x08001550                convertmicrosectodevicetimeu
 .text.convertdevicetimetosec
                0x080015b0       0x50 ..\obj\instance_common.o
                0x080015b0                convertdevicetimetosec
 .text.reportTOF
                0x08001600      0x2b8 ..\obj\instance_common.o
                0x08001600                reportTOF
 .text.instaddtagtolist
                0x080018b8       0xb0 ..\obj\instance_common.o
                0x080018b8                instaddtagtolist
 .text.instcleartaglist
                0x08001968       0x94 ..\obj\instance_common.o
                0x08001968                instcleartaglist
 .text.instancesetrole
                0x080019fc       0x20 ..\obj\instance_common.o
                0x080019fc                instancesetrole
 .text.instancenewrange
                0x08001a1c       0x2c ..\obj\instance_common.o
                0x08001a1c                instancenewrange
 .text.instancenewrangeancadd
                0x08001a48       0x18 ..\obj\instance_common.o
                0x08001a48                instancenewrangeancadd
 .text.instancenewrangetagadd
                0x08001a60       0x18 ..\obj\instance_common.o
                0x08001a60                instancenewrangetagadd
 .text.instanceanchorwaiting
                0x08001a78       0x18 ..\obj\instance_common.o
                0x08001a78                instanceanchorwaiting
 .text.instancesleeping
                0x08001a90       0x2c ..\obj\instance_common.o
                0x08001a90                instancesleeping
 .text.instanceclearcounts
                0x08001abc      0x154 ..\obj\instance_common.o
                0x08001abc                instanceclearcounts
 .text.instance_init
                0x08001c10      0x190 ..\obj\instance_common.o
                0x08001c10                instance_init
 .text.instancereaddeviceid
                0x08001da0       0x10 ..\obj\instance_common.o
                0x08001da0                instancereaddeviceid
 .text.instance_config
                0x08001db0      0x344 ..\obj\instance_common.o
                0x08001db0                instance_config
 .text.instancesettagsleepdelay
                0x080020f4       0x44 ..\obj\instance_common.o
                0x080020f4                instancesettagsleepdelay
 .text.instance_get_lcount
                0x08002138       0x20 ..\obj\instance_common.o
                0x08002138                instance_get_lcount
 .text.instance_get_idist
                0x08002158       0x28 ..\obj\instance_common.o
                0x08002158                instance_get_idist
 .text.instance_get_idistraw
                0x08002180       0x28 ..\obj\instance_common.o
                0x08002180                instance_get_idistraw
 .text.instance_get_adist
                0x080021a8       0x28 ..\obj\instance_common.o
                0x080021a8                instance_get_adist
 .text.inst_processrxtimeout
                0x080021d0       0x74 ..\obj\instance_common.o
                0x080021d0                inst_processrxtimeout
 .text.instance_txcallback
                0x08002244      0x180 ..\obj\instance_common.o
                0x08002244                instance_txcallback
 .text.instance_rxcallback
                0x080023c4      0x534 ..\obj\instance_common.o
                0x080023c4                instance_rxcallback
 .text.instance_peekevent
                0x080028f8       0x4c ..\obj\instance_common.o
                0x080028f8                instance_peekevent
 .text.instance_putevent
                0x08002944       0xfc ..\obj\instance_common.o
                0x08002944                instance_putevent
 .text.instance_getevent
                0x08002a40      0x22c ..\obj\instance_common.o
                0x08002a40                instance_getevent
 .text.instance_clearevents
                0x08002c6c       0x94 ..\obj\instance_common.o
                0x08002c6c                instance_clearevents
 .text.instance_setapprun
                0x08002d00       0x24 ..\obj\instance_common.o
                0x08002d00                instance_setapprun
 .text.instance_run
                0x08002d24      0x20c ..\obj\instance_common.o
                0x08002d24                instance_run
 .text.instance_notify_DW1000_inIDLE
                0x08002f30       0x20 ..\obj\instance_common.o
                0x08002f30                instance_notify_DW1000_inIDLE
 .text.instanceconfigantennadelays
                0x08002f50       0x30 ..\obj\instance_common.o
                0x08002f50                instanceconfigantennadelays
 .text.instancesetantennadelays
                0x08002f80       0x30 ..\obj\instance_common.o
                0x08002f80                instancesetantennadelays
 .text.instancetxantdly
                0x08002fb0       0x18 ..\obj\instance_common.o
                0x08002fb0                instancetxantdly
 .text.instancerxantdly
                0x08002fc8       0x18 ..\obj\instance_common.o
                0x08002fc8                instancerxantdly
 .text.usleep   0x08002fe0       0x3c ..\obj\unistd.o
                0x08002fe0                usleep
 .text.__get_MSP
                0x0800301c       0x10 ..\obj\core_cm3.o
                0x0800301c                __get_MSP
 .text.USBD_USR_Init
                0x0800302c        0xc ..\obj\usbd_usr.o
                0x0800302c                USBD_USR_Init
 .text.USBD_USR_DeviceReset
                0x08003038       0x20 ..\obj\usbd_usr.o
                0x08003038                USBD_USR_DeviceReset
 .text.USBD_USR_DeviceConfigured
                0x08003058        0xc ..\obj\usbd_usr.o
                0x08003058                USBD_USR_DeviceConfigured
 .text.USBD_USR_DeviceSuspended
                0x08003064        0xc ..\obj\usbd_usr.o
                0x08003064                USBD_USR_DeviceSuspended
 .text.USBD_USR_DeviceResumed
                0x08003070        0xc ..\obj\usbd_usr.o
                0x08003070                USBD_USR_DeviceResumed
 .text.USBD_USR_DeviceConnected
                0x0800307c        0xc ..\obj\usbd_usr.o
                0x0800307c                USBD_USR_DeviceConnected
 .text.USBD_USR_DeviceDisconnected
                0x08003088        0xc ..\obj\usbd_usr.o
                0x08003088                USBD_USR_DeviceDisconnected
 .text.USB_OTG_BSP_Init
                0x08003094       0x6c ..\obj\deca_usb_bsp_evk1000.o
                0x08003094                USB_OTG_BSP_Init
 .text.USB_OTG_BSP_EnableInterrupt
                0x08003100       0x30 ..\obj\deca_usb_bsp_evk1000.o
                0x08003100                USB_OTG_BSP_EnableInterrupt
 .text.USB_OTG_BSP_uDelay
                0x08003130       0x48 ..\obj\deca_usb_bsp_evk1000.o
                0x08003130                USB_OTG_BSP_uDelay
 .text.USB_OTG_BSP_mDelay
                0x08003178       0x20 ..\obj\deca_usb_bsp_evk1000.o
                0x08003178                USB_OTG_BSP_mDelay
 .text.SystemInit
                0x08003198       0x78 ..\obj\system_stm32f10x.o
                0x08003198                SystemInit
 .text.SetSysClock
                0x08003210        0xc ..\obj\system_stm32f10x.o
 .text.SetSysClockTo72
                0x0800321c      0x138 ..\obj\system_stm32f10x.o
 .text.dwt_initialise
                0x08003354      0x20c ..\obj\deca_device.o
                0x08003354                dwt_initialise
 .text.dwt_getldotune
                0x08003560       0x18 ..\obj\deca_device.o
                0x08003560                dwt_getldotune
 .text.dwt_getpartid
                0x08003578       0x18 ..\obj\deca_device.o
                0x08003578                dwt_getpartid
 .text.dwt_getlotid
                0x08003590       0x18 ..\obj\deca_device.o
                0x08003590                dwt_getlotid
 .text.dwt_readdevid
                0x080035a8       0x14 ..\obj\deca_device.o
                0x080035a8                dwt_readdevid
 .text.dwt_configuretxrf
                0x080035bc       0x28 ..\obj\deca_device.o
                0x080035bc                dwt_configuretxrf
 .text.dwt_getotptxpower
                0x080035e4       0x3c ..\obj\deca_device.o
                0x080035e4                dwt_getotptxpower
 .text.dwt_configure
                0x08003620      0x338 ..\obj\deca_device.o
                0x08003620                dwt_configure
 .text.dwt_setrxantennadelay
                0x08003958       0x2c ..\obj\deca_device.o
                0x08003958                dwt_setrxantennadelay
 .text.dwt_settxantennadelay
                0x08003984       0x28 ..\obj\deca_device.o
                0x08003984                dwt_settxantennadelay
 .text.dwt_readantennadelay
                0x080039ac       0x2c ..\obj\deca_device.o
                0x080039ac                dwt_readantennadelay
 .text.dwt_writetxdata
                0x080039d8       0x20 ..\obj\deca_device.o
                0x080039d8                dwt_writetxdata
 .text.dwt_writetxfctrl
                0x080039f8       0x1c ..\obj\deca_device.o
                0x080039f8                dwt_writetxfctrl
 .text.dwt_readrxdata
                0x08003a14       0x14 ..\obj\deca_device.o
                0x08003a14                dwt_readrxdata
 .text.dwt_readtxtimestamp
                0x08003a28        0xc ..\obj\deca_device.o
                0x08003a28                dwt_readtxtimestamp
 .text.dwt_readrxtimestamp
                0x08003a34        0xc ..\obj\deca_device.o
                0x08003a34                dwt_readrxtimestamp
 .text.dwt_writetodevice
                0x08003a40       0x58 ..\obj\deca_device.o
                0x08003a40                dwt_writetodevice
 .text.dwt_readfromdevice
                0x08003a98       0x54 ..\obj\deca_device.o
                0x08003a98                dwt_readfromdevice
 .text.dwt_read32bitoffsetreg
                0x08003aec       0x44 ..\obj\deca_device.o
                0x08003aec                dwt_read32bitoffsetreg
 .text.dwt_read16bitoffsetreg
                0x08003b30       0x30 ..\obj\deca_device.o
                0x08003b30                dwt_read16bitoffsetreg
 .text.dwt_write16bitoffsetreg
                0x08003b60       0x20 ..\obj\deca_device.o
                0x08003b60                dwt_write16bitoffsetreg
 .text.dwt_write32bitoffsetreg
                0x08003b80       0x30 ..\obj\deca_device.o
                0x08003b80                dwt_write32bitoffsetreg
 .text.dwt_enableframefilter
                0x08003bb0       0x40 ..\obj\deca_device.o
                0x08003bb0                dwt_enableframefilter
 .text.dwt_setpanid
                0x08003bf0        0xc ..\obj\deca_device.o
                0x08003bf0                dwt_setpanid
 .text.dwt_seteui
                0x08003bfc        0xc ..\obj\deca_device.o
                0x08003bfc                dwt_seteui
 .text.dwt_geteui
                0x08003c08        0xc ..\obj\deca_device.o
                0x08003c08                dwt_geteui
 .text._dwt_otpread
                0x08003c14       0x4c ..\obj\deca_device.o
                0x08003c14                _dwt_otpread
 .text._dwt_aonarrayupload
                0x08003c60       0x30 ..\obj\deca_device.o
                0x08003c60                _dwt_aonarrayupload
 .text.dwt_entersleep
                0x08003c90        0x4 ..\obj\deca_device.o
                0x08003c90                dwt_entersleep
 .text.dwt_configuresleep
                0x08003c94       0x24 ..\obj\deca_device.o
                0x08003c94                dwt_configuresleep
 .text.dwt_entersleepaftertx
                0x08003cb8       0x30 ..\obj\deca_device.o
                0x08003cb8                dwt_entersleepaftertx
 .text._dwt_configlde
                0x08003ce8       0x3c ..\obj\deca_device.o
                0x08003ce8                _dwt_configlde
 .text._dwt_loaducodefromrom
                0x08003d24       0x40 ..\obj\deca_device.o
                0x08003d24                _dwt_loaducodefromrom
 .text.dwt_loadopsettabfromotp
                0x08003d64       0x38 ..\obj\deca_device.o
                0x08003d64                dwt_loadopsettabfromotp
 .text.dwt_setrxaftertxdelay
                0x08003d9c       0x24 ..\obj\deca_device.o
                0x08003d9c                dwt_setrxaftertxdelay
 .text.dwt_setcallbacks
                0x08003dc0        0xc ..\obj\deca_device.o
                0x08003dc0                dwt_setcallbacks
 .text.dwt_isr  0x08003dcc      0x2b0 ..\obj\deca_device.o
                0x08003dcc                dwt_isr
 .text.dwt_setleds
                0x0800407c       0xc4 ..\obj\deca_device.o
                0x0800407c                dwt_setleds
 .text._dwt_enableclocks
                0x08004140       0xe4 ..\obj\deca_device.o
                0x08004140                _dwt_enableclocks
 .text._dwt_disablesequencing
                0x08004224       0x18 ..\obj\deca_device.o
                0x08004224                _dwt_disablesequencing
 .text.dwt_setdelayedtrxtime
                0x0800423c        0xc ..\obj\deca_device.o
                0x0800423c                dwt_setdelayedtrxtime
 .text.dwt_starttx
                0x08004248       0xa4 ..\obj\deca_device.o
                0x08004248                dwt_starttx
 .text.dwt_checkoverrun
                0x080042ec       0x10 ..\obj\deca_device.o
                0x080042ec                dwt_checkoverrun
 .text.dwt_forcetrxoff
                0x080042fc       0x64 ..\obj\deca_device.o
                0x080042fc                dwt_forcetrxoff
 .text.dwt_syncrxbufptrs
                0x08004360       0x38 ..\obj\deca_device.o
                0x08004360                dwt_syncrxbufptrs
 .text.dwt_rxenable
                0x08004398       0x64 ..\obj\deca_device.o
                0x08004398                dwt_rxenable
 .text.dwt_setrxtimeout
                0x080043fc       0x5c ..\obj\deca_device.o
                0x080043fc                dwt_setrxtimeout
 .text.dwt_setinterrupt
                0x08004458       0x34 ..\obj\deca_device.o
                0x08004458                dwt_setinterrupt
 .text.dwt_configeventcounters
                0x0800448c       0x34 ..\obj\deca_device.o
                0x0800448c                dwt_configeventcounters
 .text.dwt_rxreset
                0x080044c0       0x30 ..\obj\deca_device.o
                0x080044c0                dwt_rxreset
 .text.dwt_softreset
                0x080044f0       0x7c ..\obj\deca_device.o
                0x080044f0                dwt_softreset
 .text.dwt_xtaltrim
                0x0800456c       0x38 ..\obj\deca_device.o
                0x0800456c                dwt_xtaltrim
 .text.writetospi_serial
                0x080045a4       0x74 ..\obj\deca_spi.o
                0x080045a4                writetospi_serial
 .text.readfromspi_serial
                0x08004618       0x7c ..\obj\deca_spi.o
                0x08004618                readfromspi_serial
 .text.writetoLCD
                0x08004694       0xa0 ..\obj\deca_spi.o
                0x08004694                writetoLCD
 .text.GPIO_Init
                0x08004734      0x178 ..\obj\stm32f10x_gpio.o
                0x08004734                GPIO_Init
 .text.GPIO_ReadInputDataBit
                0x080048ac       0x34 ..\obj\stm32f10x_gpio.o
                0x080048ac                GPIO_ReadInputDataBit
 .text.GPIO_SetBits
                0x080048e0       0x1c ..\obj\stm32f10x_gpio.o
                0x080048e0                GPIO_SetBits
 .text.GPIO_ResetBits
                0x080048fc       0x1c ..\obj\stm32f10x_gpio.o
                0x080048fc                GPIO_ResetBits
 .text.GPIO_PinRemapConfig
                0x08004918       0xe0 ..\obj\stm32f10x_gpio.o
                0x08004918                GPIO_PinRemapConfig
 .text.GPIO_EXTILineConfig
                0x080049f8       0x7c ..\obj\stm32f10x_gpio.o
                0x080049f8                GPIO_EXTILineConfig
 .text.USBD_Init
                0x08004a74       0x8c ..\obj\usbd_core.o
                0x08004a74                USBD_Init
 .text.USBD_DeInit
                0x08004b00       0x18 ..\obj\usbd_core.o
                0x08004b00                USBD_DeInit
 .text.USBD_SetupStage
                0x08004b18       0x6c ..\obj\usbd_core.o
 .text.USBD_DataOutStage
                0x08004b84       0xd0 ..\obj\usbd_core.o
 .text.USBD_DataInStage
                0x08004c54      0x11c ..\obj\usbd_core.o
 .text.USBD_RunTestMode
                0x08004d70       0x24 ..\obj\usbd_core.o
 .text.USBD_Reset
                0x08004d94       0x44 ..\obj\usbd_core.o
 .text.USBD_Resume
                0x08004dd8       0x30 ..\obj\usbd_core.o
 .text.USBD_Suspend
                0x08004e08       0x30 ..\obj\usbd_core.o
 .text.USBD_SOF
                0x08004e38       0x2c ..\obj\usbd_core.o
 .text.USBD_SetCfg
                0x08004e64       0x30 ..\obj\usbd_core.o
                0x08004e64                USBD_SetCfg
 .text.USBD_ClrCfg
                0x08004e94       0x28 ..\obj\usbd_core.o
                0x08004e94                USBD_ClrCfg
 .text.USBD_IsoINIncomplete
                0x08004ebc       0x20 ..\obj\usbd_core.o
 .text.USBD_IsoOUTIncomplete
                0x08004edc       0x20 ..\obj\usbd_core.o
 .text.NVIC_EnableIRQ
                0x08004efc       0x30 ..\obj\main.o
 .text.NVIC_DisableIRQ
                0x08004f2c       0x34 ..\obj\main.o
 .text.decarangingmode
                0x08004f60       0x4c ..\obj\main.o
                0x08004f60                decarangingmode
 .text.inittestapplication
                0x08004fac      0x1a8 ..\obj\main.o
                0x08004fac                inittestapplication
 .text.process_dwRSTn_irq
                0x08005154        0xc ..\obj\main.o
                0x08005154                process_dwRSTn_irq
 .text.process_deca_irq
                0x08005160       0x1c ..\obj\main.o
                0x08005160                process_deca_irq
 .text.initLCD  0x0800517c       0x68 ..\obj\main.o
                0x0800517c                initLCD
 .text.test_application_run
                0x080051e4      0x20c ..\obj\main.o
                0x080051e4                test_application_run
 .text.setLCDline1
                0x080053f0       0x64 ..\obj\main.o
                0x080053f0                setLCDline1
 .text.main     0x08005454      0x810 ..\obj\main.o
                0x08005454                main
 .text.RCC_DeInit
                0x08005c64       0x70 ..\obj\stm32f10x_rcc.o
                0x08005c64                RCC_DeInit
 .text.RCC_HSEConfig
                0x08005cd4       0x5c ..\obj\stm32f10x_rcc.o
                0x08005cd4                RCC_HSEConfig
 .text.RCC_WaitForHSEStartUp
                0x08005d30       0x50 ..\obj\stm32f10x_rcc.o
                0x08005d30                RCC_WaitForHSEStartUp
 .text.RCC_PLLConfig
                0x08005d80       0x3c ..\obj\stm32f10x_rcc.o
                0x08005d80                RCC_PLLConfig
 .text.RCC_PLLCmd
                0x08005dbc       0x20 ..\obj\stm32f10x_rcc.o
                0x08005dbc                RCC_PLLCmd
 .text.RCC_PREDIV1Config
                0x08005ddc       0x40 ..\obj\stm32f10x_rcc.o
                0x08005ddc                RCC_PREDIV1Config
 .text.RCC_PREDIV2Config
                0x08005e1c       0x38 ..\obj\stm32f10x_rcc.o
                0x08005e1c                RCC_PREDIV2Config
 .text.RCC_PLL2Config
                0x08005e54       0x38 ..\obj\stm32f10x_rcc.o
                0x08005e54                RCC_PLL2Config
 .text.RCC_PLL2Cmd
                0x08005e8c       0x20 ..\obj\stm32f10x_rcc.o
                0x08005e8c                RCC_PLL2Cmd
 .text.RCC_SYSCLKConfig
                0x08005eac       0x38 ..\obj\stm32f10x_rcc.o
                0x08005eac                RCC_SYSCLKConfig
 .text.RCC_GetSYSCLKSource
                0x08005ee4       0x20 ..\obj\stm32f10x_rcc.o
                0x08005ee4                RCC_GetSYSCLKSource
 .text.RCC_HCLKConfig
                0x08005f04       0x38 ..\obj\stm32f10x_rcc.o
                0x08005f04                RCC_HCLKConfig
 .text.RCC_PCLK1Config
                0x08005f3c       0x38 ..\obj\stm32f10x_rcc.o
                0x08005f3c                RCC_PCLK1Config
 .text.RCC_PCLK2Config
                0x08005f74       0x38 ..\obj\stm32f10x_rcc.o
                0x08005f74                RCC_PCLK2Config
 .text.RCC_ADCCLKConfig
                0x08005fac       0x38 ..\obj\stm32f10x_rcc.o
                0x08005fac                RCC_ADCCLKConfig
 .text.RCC_GetClocksFreq
                0x08005fe4      0x1cc ..\obj\stm32f10x_rcc.o
                0x08005fe4                RCC_GetClocksFreq
 .text.RCC_AHBPeriphClockCmd
                0x080061b0       0x3c ..\obj\stm32f10x_rcc.o
                0x080061b0                RCC_AHBPeriphClockCmd
 .text.RCC_APB2PeriphClockCmd
                0x080061ec       0x3c ..\obj\stm32f10x_rcc.o
                0x080061ec                RCC_APB2PeriphClockCmd
 .text.RCC_APB1PeriphClockCmd
                0x08006228       0x3c ..\obj\stm32f10x_rcc.o
                0x08006228                RCC_APB1PeriphClockCmd
 .text.RCC_APB2PeriphResetCmd
                0x08006264       0x3c ..\obj\stm32f10x_rcc.o
                0x08006264                RCC_APB2PeriphResetCmd
 .text.RCC_APB1PeriphResetCmd
                0x080062a0       0x3c ..\obj\stm32f10x_rcc.o
                0x080062a0                RCC_APB1PeriphResetCmd
 .text.RCC_GetFlagStatus
                0x080062dc       0x74 ..\obj\stm32f10x_rcc.o
                0x080062dc                RCC_GetFlagStatus
 .text.Reset_Handler
                0x08006350       0x50 ..\obj\startup_stm32f10x_cl.o
                0x08006350                Reset_Handler
 .text.Default_Handler
                0x080063a0        0x4 ..\obj\startup_stm32f10x_cl.o
                0x080063a0                EXTI2_IRQHandler
                0x080063a0                TIM1_CC_IRQHandler
                0x080063a0                TIM6_IRQHandler
                0x080063a0                PVD_IRQHandler
                0x080063a0                CAN2_RX1_IRQHandler
                0x080063a0                I2C2_EV_IRQHandler
                0x080063a0                CAN1_RX0_IRQHandler
                0x080063a0                CAN2_SCE_IRQHandler
                0x080063a0                ADC1_2_IRQHandler
                0x080063a0                SPI1_IRQHandler
                0x080063a0                TAMPER_IRQHandler
                0x080063a0                CAN2_RX0_IRQHandler
                0x080063a0                DMA2_Channel2_IRQHandler
                0x080063a0                DMA1_Channel4_IRQHandler
                0x080063a0                USART3_IRQHandler
                0x080063a0                DMA1_Channel7_IRQHandler
                0x080063a0                CAN1_RX1_IRQHandler
                0x080063a0                UART5_IRQHandler
                0x080063a0                TIM4_IRQHandler
                0x080063a0                DMA2_Channel1_IRQHandler
                0x080063a0                I2C1_EV_IRQHandler
                0x080063a0                DMA1_Channel6_IRQHandler
                0x080063a0                UART4_IRQHandler
                0x080063a0                DMA2_Channel4_IRQHandler
                0x080063a0                TIM3_IRQHandler
                0x080063a0                RCC_IRQHandler
                0x080063a0                TIM1_TRG_COM_IRQHandler
                0x080063a0                DMA1_Channel1_IRQHandler
                0x080063a0                Default_Handler
                0x080063a0                TIM7_IRQHandler
                0x080063a0                CAN2_TX_IRQHandler
                0x080063a0                TIM5_IRQHandler
                0x080063a0                ETH_WKUP_IRQHandler
                0x080063a0                SPI2_IRQHandler
                0x080063a0                CAN1_TX_IRQHandler
                0x080063a0                DMA2_Channel5_IRQHandler
                0x080063a0                DMA1_Channel5_IRQHandler
                0x080063a0                EXTI4_IRQHandler
                0x080063a0                DMA1_Channel3_IRQHandler
                0x080063a0                ETH_IRQHandler
                0x080063a0                TIM1_UP_IRQHandler
                0x080063a0                WWDG_IRQHandler
                0x080063a0                TIM2_IRQHandler
                0x080063a0                TIM1_BRK_IRQHandler
                0x080063a0                EXTI1_IRQHandler
                0x080063a0                RTCAlarm_IRQHandler
                0x080063a0                USART2_IRQHandler
                0x080063a0                I2C2_ER_IRQHandler
                0x080063a0                DMA1_Channel2_IRQHandler
                0x080063a0                CAN1_SCE_IRQHandler
                0x080063a0                FLASH_IRQHandler
                0x080063a0                USART1_IRQHandler
                0x080063a0                SPI3_IRQHandler
                0x080063a0                I2C1_ER_IRQHandler
                0x080063a0                DMA2_Channel3_IRQHandler
 .text.instanceconfigframeheader
                0x080063a4       0x44 ..\obj\instance.o
                0x080063a4                instanceconfigframeheader
 .text.setupmacframedata
                0x080063e8       0x20 ..\obj\instance.o
                0x080063e8                setupmacframedata
 .text.instancerxon
                0x08006408       0x48 ..\obj\instance.o
                0x08006408                instancerxon
 .text.instancesendpacket
                0x08006450       0x4c ..\obj\instance.o
                0x08006450                instancesendpacket
 .text.testapprun_s
                0x0800649c     0x1084 ..\obj\instance.o
                0x0800649c                testapprun_s
 .text.instance_init_s
                0x08007520       0x84 ..\obj\instance.o
                0x08007520                instance_init_s
 *fill*         0x080075a4        0x4 
 .text.instance_init_timings
                0x080075a8      0x378 ..\obj\instance.o
                0x080075a8                instance_init_timings
 .text.instance_get_addr
                0x08007920      0x1b8 ..\obj\instance.o
                0x08007920                instance_get_addr
 .text.instance_get_tagaddr
                0x08007ad8      0x1b8 ..\obj\instance.o
                0x08007ad8                instance_get_tagaddr
 .text.instance_get_anchaddr
                0x08007c90      0x1b8 ..\obj\instance.o
                0x08007c90                instance_get_anchaddr
 .text.EXTI_Init
                0x08007e48       0xdc ..\obj\stm32f10x_exti.o
                0x08007e48                EXTI_Init
 .text.EXTI_ClearITPendingBit
                0x08007f24       0x1c ..\obj\stm32f10x_exti.o
                0x08007f24                EXTI_ClearITPendingBit
 .text.USBD_USR_DeviceDescriptor
                0x08007f40       0x24 ..\obj\usbd_desc.o
                0x08007f40                USBD_USR_DeviceDescriptor
 .text.USBD_USR_LangIDStrDescriptor
                0x08007f64       0x24 ..\obj\usbd_desc.o
                0x08007f64                USBD_USR_LangIDStrDescriptor
 .text.USBD_USR_ProductStrDescriptor
                0x08007f88       0x40 ..\obj\usbd_desc.o
                0x08007f88                USBD_USR_ProductStrDescriptor
 .text.USBD_USR_ManufacturerStrDescriptor
                0x08007fc8       0x28 ..\obj\usbd_desc.o
                0x08007fc8                USBD_USR_ManufacturerStrDescriptor
 .text.USBD_USR_SerialStrDescriptor
                0x08007ff0       0x40 ..\obj\usbd_desc.o
                0x08007ff0                USBD_USR_SerialStrDescriptor
 .text.USBD_USR_ConfigStrDescriptor
                0x08008030       0x3c ..\obj\usbd_desc.o
                0x08008030                USBD_USR_ConfigStrDescriptor
 .text.USBD_USR_InterfaceStrDescriptor
                0x0800806c       0x3c ..\obj\usbd_desc.o
                0x0800806c                USBD_USR_InterfaceStrDescriptor
 .text.NVIC_EnableIRQ
                0x080080a8       0x30 ..\obj\deca_mutex.o
 .text.NVIC_DisableIRQ
                0x080080d8       0x34 ..\obj\deca_mutex.o
 .text.decamutexon
                0x0800810c       0x28 ..\obj\deca_mutex.o
                0x0800810c                decamutexon
 .text.decamutexoff
                0x08008134       0x1c ..\obj\deca_mutex.o
                0x08008134                decamutexoff
 .text.NVIC_EnableIRQ
                0x08008150       0x30 ..\obj\deca_usb.o
 .text.NVIC_DisableIRQ
                0x08008180       0x34 ..\obj\deca_usb.o
 .text.DW_VCP_Init
                0x080081b4       0x10 ..\obj\deca_usb.o
                0x080081b4                DW_VCP_Init
 .text.DW_VCP_DeInit
                0x080081c4       0x10 ..\obj\deca_usb.o
                0x080081c4                DW_VCP_DeInit
 .text.DW_VCP_Ctrl
                0x080081d4       0x1c ..\obj\deca_usb.o
                0x080081d4                DW_VCP_Ctrl
 .text.DW_VCP_DataTx
                0x080081f0       0x74 ..\obj\deca_usb.o
                0x080081f0                DW_VCP_DataTx
 .text.DW_VCP_DataRx
                0x08008264      0x168 ..\obj\deca_usb.o
                0x08008264                DW_VCP_DataRx
 .text.configSPIspeed
                0x080083cc       0x38 ..\obj\deca_usb.o
                0x080083cc                configSPIspeed
 .text.process_usbmessage
                0x08008404      0x344 ..\obj\deca_usb.o
                0x08008404                process_usbmessage
 .text.send_usbmessage
                0x08008748       0x48 ..\obj\deca_usb.o
                0x08008748                send_usbmessage
 .text.usb_printconfig
                0x08008790       0x2c ..\obj\deca_usb.o
                0x08008790                usb_printconfig
 .text.usb_init
                0x080087bc       0x8c ..\obj\deca_usb.o
                0x080087bc                usb_init
 .text.usb_run  0x08008848       0x90 ..\obj\deca_usb.o
                0x08008848                usb_run
 .text._write   0x080088d8       0x44 ..\obj\syscalls.o
                0x080088d8                _write
 .text._sbrk    0x0800891c       0x70 ..\obj\syscalls.o
                0x0800891c                _sbrk
 .text._times_r
                0x0800898c       0x38 ..\obj\syscalls.o
                0x0800898c                _times_r
 .text.FLASH_SetLatency
                0x080089c4       0x38 ..\obj\stm32f10x_flash.o
                0x080089c4                FLASH_SetLatency
 .text.FLASH_PrefetchBufferCmd
                0x080089fc       0x30 ..\obj\stm32f10x_flash.o
                0x080089fc                FLASH_PrefetchBufferCmd
 .text.NMI_Handler
                0x08008a2c        0xc ..\obj\stm32f10x_it.o
                0x08008a2c                NMI_Handler
 .text.pop_registers_from_fault_stack
                0x08008a38       0x3c ..\obj\stm32f10x_it.o
                0x08008a38                pop_registers_from_fault_stack
 .text.HardFault_Handler
                0x08008a74       0x20 ..\obj\stm32f10x_it.o
                0x08008a74                HardFault_Handler
 .text.MemManage_Handler
                0x08008a94        0x8 ..\obj\stm32f10x_it.o
                0x08008a94                MemManage_Handler
 .text.BusFault_Handler
                0x08008a9c        0x8 ..\obj\stm32f10x_it.o
                0x08008a9c                BusFault_Handler
 .text.UsageFault_Handler
                0x08008aa4        0x8 ..\obj\stm32f10x_it.o
                0x08008aa4                UsageFault_Handler
 .text.SVC_Handler
                0x08008aac        0xc ..\obj\stm32f10x_it.o
                0x08008aac                SVC_Handler
 .text.DebugMon_Handler
                0x08008ab8        0xc ..\obj\stm32f10x_it.o
                0x08008ab8                DebugMon_Handler
 .text.PendSV_Handler
                0x08008ac4        0xc ..\obj\stm32f10x_it.o
                0x08008ac4                PendSV_Handler
 .text.RTC_IRQHandler
                0x08008ad0       0x1c ..\obj\stm32f10x_it.o
                0x08008ad0                RTC_IRQHandler
 .text.SysTick_Handler
                0x08008aec       0x1c ..\obj\stm32f10x_it.o
                0x08008aec                SysTick_Handler
 .text.EXTI15_10_IRQHandler
                0x08008b08       0x10 ..\obj\stm32f10x_it.o
                0x08008b08                EXTI15_10_IRQHandler
 .text.EXTI0_IRQHandler
                0x08008b18       0x10 ..\obj\stm32f10x_it.o
                0x08008b18                EXTI0_IRQHandler
 .text.EXTI3_IRQHandler
                0x08008b28       0x10 ..\obj\stm32f10x_it.o
                0x08008b28                EXTI3_IRQHandler
 .text.EXTI9_5_IRQHandler
                0x08008b38       0x10 ..\obj\stm32f10x_it.o
                0x08008b38                EXTI9_5_IRQHandler
 .text.OTG_FS_WKUP_IRQHandler
                0x08008b48       0x34 ..\obj\stm32f10x_it.o
                0x08008b48                OTG_FS_WKUP_IRQHandler
 .text.OTG_FS_IRQHandler
                0x08008b7c       0x10 ..\obj\stm32f10x_it.o
                0x08008b7c                OTG_FS_IRQHandler
 .text.USBD_StdDevReq
                0x08008b8c       0xa0 ..\obj\usbd_req.o
                0x08008b8c                USBD_StdDevReq
 .text.USBD_StdItfReq
                0x08008c2c       0x68 ..\obj\usbd_req.o
                0x08008c2c                USBD_StdItfReq
 .text.USBD_StdEPReq
                0x08008c94      0x1b0 ..\obj\usbd_req.o
                0x08008c94                USBD_StdEPReq
 .text.USBD_GetDescriptor
                0x08008e44      0x1b8 ..\obj\usbd_req.o
 .text.USBD_SetAddress
                0x08008ffc       0x7c ..\obj\usbd_req.o
 .text.USBD_SetConfig
                0x08009078       0xf4 ..\obj\usbd_req.o
 .text.USBD_GetConfig
                0x0800916c       0x60 ..\obj\usbd_req.o
 .text.USBD_GetStatus
                0x080091cc       0x54 ..\obj\usbd_req.o
 .text.USBD_SetFeature
                0x08009220       0xd8 ..\obj\usbd_req.o
 .text.USBD_ClrFeature
                0x080092f8       0x50 ..\obj\usbd_req.o
 .text.USBD_ParseSetupRequest
                0x08009348       0x8c ..\obj\usbd_req.o
                0x08009348                USBD_ParseSetupRequest
 .text.USBD_CtlError
                0x080093d4       0x28 ..\obj\usbd_req.o
                0x080093d4                USBD_CtlError
 .text.USBD_GetString
                0x080093fc       0x7c ..\obj\usbd_req.o
                0x080093fc                USBD_GetString
 .text.USBD_GetLen
                0x08009478       0x30 ..\obj\usbd_req.o
 .text.NVIC_SetPriority
                0x080094a8       0x54 ..\obj\port.o
 .text.SysTick_Config
                0x080094fc       0x44 ..\obj\port.o
 .text.No_Configuration
                0x08009540       0x14 ..\obj\port.o
                0x08009540                No_Configuration
 .text.portGetTickCnt
                0x08009554       0x18 ..\obj\port.o
                0x08009554                portGetTickCnt
 .text.SysTick_Configuration
                0x0800956c       0x38 ..\obj\port.o
                0x0800956c                SysTick_Configuration
 .text.NVIC_DisableDECAIRQ
                0x080095a4       0x28 ..\obj\port.o
                0x080095a4                NVIC_DisableDECAIRQ
 .text.NVIC_Configuration
                0x080095cc       0x68 ..\obj\port.o
                0x080095cc                NVIC_Configuration
 .text.EXTI_GetITEnStatus
                0x08009634       0x3c ..\obj\port.o
                0x08009634                EXTI_GetITEnStatus
 .text.RCC_Configuration
                0x08009670       0xd4 ..\obj\port.o
                0x08009670                RCC_Configuration
 .text.USART_Configuration
                0x08009744       0x10 ..\obj\port.o
                0x08009744                USART_Configuration
 .text.SPI_ConfigFastRate
                0x08009754       0x58 ..\obj\port.o
                0x08009754                SPI_ConfigFastRate
 .text.SPI_Configuration
                0x080097ac       0xa8 ..\obj\port.o
                0x080097ac                SPI_Configuration
 .text.SPI2_Configuration
                0x08009854       0xe0 ..\obj\port.o
                0x08009854                SPI2_Configuration
 .text.GPIO_Configuration
                0x08009934       0xc0 ..\obj\port.o
                0x08009934                GPIO_Configuration
 .text.reset_DW1000
                0x080099f4       0x4c ..\obj\port.o
                0x080099f4                reset_DW1000
 .text.setup_DW1000RSTnIRQ
                0x08009a40       0xa4 ..\obj\port.o
                0x08009a40                setup_DW1000RSTnIRQ
 .text.is_button_low
                0x08009ae4       0x30 ..\obj\port.o
                0x08009ae4                is_button_low
 .text.is_switch_on
                0x08009b14       0x30 ..\obj\port.o
                0x08009b14                is_switch_on
 .text.led_off  0x08009b44       0x70 ..\obj\port.o
                0x08009b44                led_off
 .text.led_on   0x08009bb4       0x70 ..\obj\port.o
                0x08009bb4                led_on
 .text.peripherals_init
                0x08009c24       0x24 ..\obj\port.o
                0x08009c24                peripherals_init
 .text.spi_peripheral_init
                0x08009c48       0x28 ..\obj\port.o
                0x08009c48                spi_peripheral_init
 .text.USBD_OTG_ISR_Handler
                0x08009c70      0x15c ..\obj\usb_dcd_int.o
                0x08009c70                USBD_OTG_ISR_Handler
 .text.DCD_HandleResume_ISR
                0x08009dcc       0x80 ..\obj\usb_dcd_int.o
 .text.DCD_HandleUSBSuspend_ISR
                0x08009e4c       0xbc ..\obj\usb_dcd_int.o
 .text.DCD_HandleInEP_ISR
                0x08009f08      0x19c ..\obj\usb_dcd_int.o
 .text.DCD_HandleOutEP_ISR
                0x0800a0a4      0x150 ..\obj\usb_dcd_int.o
 .text.DCD_HandleSof_ISR
                0x0800a1f4       0x34 ..\obj\usb_dcd_int.o
 .text.DCD_HandleRxStatusQueueLevel_ISR
                0x0800a228      0x104 ..\obj\usb_dcd_int.o
 .text.DCD_WriteEmptyTxFifo
                0x0800a32c      0x110 ..\obj\usb_dcd_int.o
 .text.DCD_HandleUsbReset_ISR
                0x0800a43c      0x12c ..\obj\usb_dcd_int.o
 .text.DCD_HandleEnumDone_ISR
                0x0800a568       0x78 ..\obj\usb_dcd_int.o
 .text.DCD_IsoINIncomplete_ISR
                0x0800a5e0       0x34 ..\obj\usb_dcd_int.o
 .text.DCD_IsoOUTIncomplete_ISR
                0x0800a614       0x34 ..\obj\usb_dcd_int.o
 .text.DCD_ReadDevInEP
                0x0800a648       0x50 ..\obj\usb_dcd_int.o
 .text.usbd_cdc_Init
                0x0800a698       0x6c ..\obj\usbd_cdc_core.o
 .text.usbd_cdc_DeInit
                0x0800a704       0x38 ..\obj\usbd_cdc_core.o
 .text.usbd_cdc_Setup
                0x0800a73c      0x12c ..\obj\usbd_cdc_core.o
 .text.usbd_cdc_EP0_RxReady
                0x0800a868       0x44 ..\obj\usbd_cdc_core.o
 .text.usbd_cdc_DataIn
                0x0800a8ac       0xac ..\obj\usbd_cdc_core.o
 .text.usbd_cdc_DataOut
                0x0800a958       0x4c ..\obj\usbd_cdc_core.o
 .text.usbd_cdc_SOF
                0x0800a9a4       0x30 ..\obj\usbd_cdc_core.o
 .text.Handle_USBAsynchXfer
                0x0800a9d4       0xe4 ..\obj\usbd_cdc_core.o
 .text.USBD_cdc_GetCfgDesc
                0x0800aab8       0x24 ..\obj\usbd_cdc_core.o
 .text.NVIC_PriorityGroupConfig
                0x0800aadc       0x24 ..\obj\misc.o
                0x0800aadc                NVIC_PriorityGroupConfig
 .text.NVIC_Init
                0x0800ab00       0xc0 ..\obj\misc.o
                0x0800ab00                NVIC_Init
 .text.DCD_Init
                0x0800abc0      0x104 ..\obj\usb_dcd.o
                0x0800abc0                DCD_Init
 .text.DCD_EP_Open
                0x0800acc4       0xa0 ..\obj\usb_dcd.o
                0x0800acc4                DCD_EP_Open
 .text.DCD_EP_Close
                0x0800ad64       0x74 ..\obj\usb_dcd.o
                0x0800ad64                DCD_EP_Close
 .text.DCD_EP_PrepareRx
                0x0800add8       0x80 ..\obj\usb_dcd.o
                0x0800add8                DCD_EP_PrepareRx
 .text.DCD_EP_Tx
                0x0800ae58       0x78 ..\obj\usb_dcd.o
                0x0800ae58                DCD_EP_Tx
 .text.DCD_EP_Stall
                0x0800aed0       0x78 ..\obj\usb_dcd.o
                0x0800aed0                DCD_EP_Stall
 .text.DCD_EP_ClrStall
                0x0800af48       0x78 ..\obj\usb_dcd.o
                0x0800af48                DCD_EP_ClrStall
 .text.DCD_EP_Flush
                0x0800afc0       0x34 ..\obj\usb_dcd.o
                0x0800afc0                DCD_EP_Flush
 .text.DCD_EP_SetAddress
                0x0800aff4       0x3c ..\obj\usb_dcd.o
                0x0800aff4                DCD_EP_SetAddress
 .text.SPI_I2S_DeInit
                0x0800b030       0x74 ..\obj\stm32f10x_spi.o
                0x0800b030                SPI_I2S_DeInit
 .text.SPI_Init
                0x0800b0a4       0x88 ..\obj\stm32f10x_spi.o
                0x0800b0a4                SPI_Init
 .text.SPI_Cmd  0x0800b12c       0x40 ..\obj\stm32f10x_spi.o
                0x0800b12c                SPI_Cmd
 .text.SPI_I2S_SendData
                0x0800b16c       0x1c ..\obj\stm32f10x_spi.o
                0x0800b16c                SPI_I2S_SendData
 .text.SPI_I2S_ReceiveData
                0x0800b188       0x1c ..\obj\stm32f10x_spi.o
                0x0800b188                SPI_I2S_ReceiveData
 .text.SPI_SSOutputCmd
                0x0800b1a4       0x40 ..\obj\stm32f10x_spi.o
                0x0800b1a4                SPI_SSOutputCmd
 .text.SPI_I2S_GetFlagStatus
                0x0800b1e4       0x38 ..\obj\stm32f10x_spi.o
                0x0800b1e4                SPI_I2S_GetFlagStatus
 .text.USBD_CtlSendData
                0x0800b21c       0x40 ..\obj\usbd_ioreq.o
                0x0800b21c                USBD_CtlSendData
 .text.USBD_CtlContinueSendData
                0x0800b25c       0x28 ..\obj\usbd_ioreq.o
                0x0800b25c                USBD_CtlContinueSendData
 .text.USBD_CtlPrepareRx
                0x0800b284       0x40 ..\obj\usbd_ioreq.o
                0x0800b284                USBD_CtlPrepareRx
 .text.USBD_CtlContinueRx
                0x0800b2c4       0x28 ..\obj\usbd_ioreq.o
                0x0800b2c4                USBD_CtlContinueRx
 .text.USBD_CtlSendStatus
                0x0800b2ec       0x30 ..\obj\usbd_ioreq.o
                0x0800b2ec                USBD_CtlSendStatus
 .text.USBD_CtlReceiveStatus
                0x0800b31c       0x30 ..\obj\usbd_ioreq.o
                0x0800b31c                USBD_CtlReceiveStatus
 *fill*         0x0800b34c        0x4 
 .text.dwt_getrangebias
                0x0800b350      0x198 ..\obj\deca_range_tables.o
                0x0800b350                dwt_getrangebias
 .text          0x0800b4e8      0x370 c:/coocox/gcc_arm_based/4.8_2014q3/bin/../lib/gcc/arm-none-eabi/4.8.4/armv7-m\libgcc.a(_arm_addsubdf3.o)
                0x0800b4e8                __aeabi_drsub
                0x0800b4f0                __aeabi_dsub
                0x0800b4f0                __subdf3
                0x0800b4f4                __aeabi_dadd
                0x0800b4f4                __adddf3
                0x0800b76c                __floatunsidf
                0x0800b76c                __aeabi_ui2d
                0x0800b78c                __floatsidf
                0x0800b78c                __aeabi_i2d
                0x0800b7b0                __aeabi_f2d
                0x0800b7b0                __extendsfdf2
                0x0800b7ec                __floatundidf
                0x0800b7ec                __aeabi_ul2d
                0x0800b7fc                __floatdidf
                0x0800b7fc                __aeabi_l2d
 .text          0x0800b858      0x424 c:/coocox/gcc_arm_based/4.8_2014q3/bin/../lib/gcc/arm-none-eabi/4.8.4/armv7-m\libgcc.a(_arm_muldivdf3.o)
                0x0800b858                __aeabi_dmul
                0x0800b858                __muldf3
                0x0800baac                __divdf3
                0x0800baac                __aeabi_ddiv
 .text          0x0800bc7c      0x110 c:/coocox/gcc_arm_based/4.8_2014q3/bin/../lib/gcc/arm-none-eabi/4.8.4/armv7-m\libgcc.a(_arm_cmpdf2.o)
                0x0800bc7c                __gtdf2
                0x0800bc7c                __gedf2
                0x0800bc84                __ltdf2
                0x0800bc84                __ledf2
                0x0800bc8c                __nedf2
                0x0800bc8c                __eqdf2
                0x0800bc8c                __cmpdf2
                0x0800bd08                __aeabi_cdrcmple
                0x0800bd18                __aeabi_cdcmpeq
                0x0800bd18                __aeabi_cdcmple
                0x0800bd28                __aeabi_dcmpeq
                0x0800bd3c                __aeabi_dcmplt
                0x0800bd50                __aeabi_dcmple
                0x0800bd64                __aeabi_dcmpge
                0x0800bd78                __aeabi_dcmpgt
 .text          0x0800bd8c       0x50 c:/coocox/gcc_arm_based/4.8_2014q3/bin/../lib/gcc/arm-none-eabi/4.8.4/armv7-m\libgcc.a(_arm_fixdfsi.o)
                0x0800bd8c                __aeabi_d2iz
                0x0800bd8c                __fixdfsi
 .text          0x0800bddc       0x40 c:/coocox/gcc_arm_based/4.8_2014q3/bin/../lib/gcc/arm-none-eabi/4.8.4/armv7-m\libgcc.a(_arm_fixunsdfsi.o)
                0x0800bddc                __aeabi_d2uiz
                0x0800bddc                __fixunsdfsi
 .text          0x0800be1c       0xa0 c:/coocox/gcc_arm_based/4.8_2014q3/bin/../lib/gcc/arm-none-eabi/4.8.4/armv7-m\libgcc.a(_arm_truncdfsf2.o)
                0x0800be1c                __truncdfsf2
                0x0800be1c                __aeabi_d2f
 .text          0x0800bebc      0x21c c:/coocox/gcc_arm_based/4.8_2014q3/bin/../lib/gcc/arm-none-eabi/4.8.4/armv7-m\libgcc.a(_arm_addsubsf3.o)
                0x0800bebc                __aeabi_frsub
                0x0800bec4                __subsf3
                0x0800bec4                __aeabi_fsub
                0x0800bec8                __aeabi_fadd
                0x0800bec8                __addsf3
                0x0800c028                __aeabi_ui2f
                0x0800c028                __floatunsisf
                0x0800c030                __aeabi_i2f
                0x0800c030                __floatsisf
                0x0800c04c                __aeabi_ul2f
                0x0800c04c                __floatundisf
                0x0800c05c                __aeabi_l2f
                0x0800c05c                __floatdisf
 .text          0x0800c0d8       0x30 c:/coocox/gcc_arm_based/4.8_2014q3/bin/../lib/gcc/arm-none-eabi/4.8.4/armv7-m\libgcc.a(_fixdfdi.o)
                0x0800c0d8                __fixdfdi
                0x0800c0d8                __aeabi_d2lz
 .text          0x0800c108       0x44 c:/coocox/gcc_arm_based/4.8_2014q3/bin/../lib/gcc/arm-none-eabi/4.8.4/armv7-m\libgcc.a(_fixunsdfdi.o)
                0x0800c108                __fixunsdfdi
                0x0800c108                __aeabi_d2ulz
 .text.clock    0x0800c14c       0x2c c:/coocox/gcc_arm_based/4.8_2014q3/bin/../lib/gcc/arm-none-eabi/4.8.4/../../../../arm-none-eabi/lib/armv7-m\libc.a(lib_a-clock.o)
                0x0800c14c                clock
 .text.__libc_init_array
                0x0800c178       0x50 c:/coocox/gcc_arm_based/4.8_2014q3/bin/../lib/gcc/arm-none-eabi/4.8.4/../../../../arm-none-eabi/lib/armv7-m\libc.a(lib_a-init.o)
                0x0800c178                __libc_init_array
 .text.memcmp   0x0800c1c8       0x68 c:/coocox/gcc_arm_based/4.8_2014q3/bin/../lib/gcc/arm-none-eabi/4.8.4/../../../../arm-none-eabi/lib/armv7-m\libc.a(lib_a-memcmp.o)
                0x0800c1c8                memcmp
 .text          0x0800c230       0xec c:/coocox/gcc_arm_based/4.8_2014q3/bin/../lib/gcc/arm-none-eabi/4.8.4/../../../../arm-none-eabi/lib/armv7-m\libc.a(lib_a-memcpy.o)
                0x0800c230                memcpy
 .text.memset   0x0800c31c       0x94 c:/coocox/gcc_arm_based/4.8_2014q3/bin/../lib/gcc/arm-none-eabi/4.8.4/../../../../arm-none-eabi/lib/armv7-m\libc.a(lib_a-memset.o)
                0x0800c31c                memset
 .text.sprintf  0x0800c3b0       0x4c c:/coocox/gcc_arm_based/4.8_2014q3/bin/../lib/gcc/arm-none-eabi/4.8.4/../../../../arm-none-eabi/lib/armv7-m\libc.a(lib_a-sprintf.o)
                0x0800c3b0                sprintf
 .text.strlen   0x0800c3fc       0x60 c:/coocox/gcc_arm_based/4.8_2014q3/bin/../lib/gcc/arm-none-eabi/4.8.4/../../../../arm-none-eabi/lib/armv7-m\libc.a(lib_a-strlen.o)
                0x0800c3fc                strlen
 .text._svfprintf_r
                0x0800c45c     0x14e0 c:/coocox/gcc_arm_based/4.8_2014q3/bin/../lib/gcc/arm-none-eabi/4.8.4/../../../../arm-none-eabi/lib/armv7-m\libc.a(lib_a-svfprintf.o)
                0x0800c45c                _svfprintf_r
 .text.startup.register_fini
                0x0800d93c       0x14 c:/coocox/gcc_arm_based/4.8_2014q3/bin/../lib/gcc/arm-none-eabi/4.8.4/../../../../arm-none-eabi/lib/armv7-m\libc.a(lib_a-__call_atexit.o)
 .text.atexit   0x0800d950        0xc c:/coocox/gcc_arm_based/4.8_2014q3/bin/../lib/gcc/arm-none-eabi/4.8.4/../../../../arm-none-eabi/lib/armv7-m\libc.a(lib_a-atexit.o)
                0x0800d950                atexit
 .text.quorem   0x0800d95c      0x134 c:/coocox/gcc_arm_based/4.8_2014q3/bin/../lib/gcc/arm-none-eabi/4.8.4/../../../../arm-none-eabi/lib/armv7-m\libc.a(lib_a-dtoa.o)
 .text._dtoa_r  0x0800da90      0xe38 c:/coocox/gcc_arm_based/4.8_2014q3/bin/../lib/gcc/arm-none-eabi/4.8.4/../../../../arm-none-eabi/lib/armv7-m\libc.a(lib_a-dtoa.o)
                0x0800da90                _dtoa_r
 .text.__libc_fini_array
                0x0800e8c8       0x30 c:/coocox/gcc_arm_based/4.8_2014q3/bin/../lib/gcc/arm-none-eabi/4.8.4/../../../../arm-none-eabi/lib/armv7-m\libc.a(lib_a-fini.o)
                0x0800e8c8                __libc_fini_array
 .text._malloc_trim_r
                0x0800e8f8       0x9c c:/coocox/gcc_arm_based/4.8_2014q3/bin/../lib/gcc/arm-none-eabi/4.8.4/../../../../arm-none-eabi/lib/armv7-m\libc.a(lib_a-freer.o)
                0x0800e8f8                _malloc_trim_r
 .text._free_r  0x0800e994      0x198 c:/coocox/gcc_arm_based/4.8_2014q3/bin/../lib/gcc/arm-none-eabi/4.8.4/../../../../arm-none-eabi/lib/armv7-m\libc.a(lib_a-freer.o)
                0x0800e994                _free_r
 .text._localeconv_r
                0x0800eb2c        0x8 c:/coocox/gcc_arm_based/4.8_2014q3/bin/../lib/gcc/arm-none-eabi/4.8.4/../../../../arm-none-eabi/lib/armv7-m\libc.a(lib_a-locale.o)
                0x0800eb2c                _localeconv_r
 .text._malloc_r
                0x0800eb34      0x538 c:/coocox/gcc_arm_based/4.8_2014q3/bin/../lib/gcc/arm-none-eabi/4.8.4/../../../../arm-none-eabi/lib/armv7-m\libc.a(lib_a-mallocr.o)
                0x0800eb34                _malloc_r
 .text.memchr   0x0800f06c       0x94 c:/coocox/gcc_arm_based/4.8_2014q3/bin/../lib/gcc/arm-none-eabi/4.8.4/../../../../arm-none-eabi/lib/armv7-m\libc.a(lib_a-memchr-stub.o)
                0x0800f06c                memchr
 .text.memmove  0x0800f100       0xcc c:/coocox/gcc_arm_based/4.8_2014q3/bin/../lib/gcc/arm-none-eabi/4.8.4/../../../../arm-none-eabi/lib/armv7-m\libc.a(lib_a-memmove.o)
                0x0800f100                memmove
 .text.__malloc_lock
                0x0800f1cc        0x4 c:/coocox/gcc_arm_based/4.8_2014q3/bin/../lib/gcc/arm-none-eabi/4.8.4/../../../../arm-none-eabi/lib/armv7-m\libc.a(lib_a-mlock.o)
                0x0800f1cc                __malloc_lock
 .text.__malloc_unlock
                0x0800f1d0        0x4 c:/coocox/gcc_arm_based/4.8_2014q3/bin/../lib/gcc/arm-none-eabi/4.8.4/../../../../arm-none-eabi/lib/armv7-m\libc.a(lib_a-mlock.o)
                0x0800f1d0                __malloc_unlock
 .text._Balloc  0x0800f1d4       0x4c c:/coocox/gcc_arm_based/4.8_2014q3/bin/../lib/gcc/arm-none-eabi/4.8.4/../../../../arm-none-eabi/lib/armv7-m\libc.a(lib_a-mprec.o)
                0x0800f1d4                _Balloc
 .text._Bfree   0x0800f220       0x14 c:/coocox/gcc_arm_based/4.8_2014q3/bin/../lib/gcc/arm-none-eabi/4.8.4/../../../../arm-none-eabi/lib/armv7-m\libc.a(lib_a-mprec.o)
                0x0800f220                _Bfree
 .text.__multadd
                0x0800f234       0x94 c:/coocox/gcc_arm_based/4.8_2014q3/bin/../lib/gcc/arm-none-eabi/4.8.4/../../../../arm-none-eabi/lib/armv7-m\libc.a(lib_a-mprec.o)
                0x0800f234                __multadd
 .text.__hi0bits
                0x0800f2c8       0x40 c:/coocox/gcc_arm_based/4.8_2014q3/bin/../lib/gcc/arm-none-eabi/4.8.4/../../../../arm-none-eabi/lib/armv7-m\libc.a(lib_a-mprec.o)
                0x0800f2c8                __hi0bits
 .text.__lo0bits
                0x0800f308       0x5c c:/coocox/gcc_arm_based/4.8_2014q3/bin/../lib/gcc/arm-none-eabi/4.8.4/../../../../arm-none-eabi/lib/armv7-m\libc.a(lib_a-mprec.o)
                0x0800f308                __lo0bits
 .text.__i2b    0x0800f364       0x14 c:/coocox/gcc_arm_based/4.8_2014q3/bin/../lib/gcc/arm-none-eabi/4.8.4/../../../../arm-none-eabi/lib/armv7-m\libc.a(lib_a-mprec.o)
                0x0800f364                __i2b
 .text.__multiply
                0x0800f378      0x13c c:/coocox/gcc_arm_based/4.8_2014q3/bin/../lib/gcc/arm-none-eabi/4.8.4/../../../../arm-none-eabi/lib/armv7-m\libc.a(lib_a-mprec.o)
                0x0800f378                __multiply
 .text.__pow5mult
                0x0800f4b4       0x9c c:/coocox/gcc_arm_based/4.8_2014q3/bin/../lib/gcc/arm-none-eabi/4.8.4/../../../../arm-none-eabi/lib/armv7-m\libc.a(lib_a-mprec.o)
                0x0800f4b4                __pow5mult
 .text.__lshift
                0x0800f550       0xbc c:/coocox/gcc_arm_based/4.8_2014q3/bin/../lib/gcc/arm-none-eabi/4.8.4/../../../../arm-none-eabi/lib/armv7-m\libc.a(lib_a-mprec.o)
                0x0800f550                __lshift
 .text.__mcmp   0x0800f60c       0x48 c:/coocox/gcc_arm_based/4.8_2014q3/bin/../lib/gcc/arm-none-eabi/4.8.4/../../../../arm-none-eabi/lib/armv7-m\libc.a(lib_a-mprec.o)
                0x0800f60c                __mcmp
 .text.__mdiff  0x0800f654       0xd8 c:/coocox/gcc_arm_based/4.8_2014q3/bin/../lib/gcc/arm-none-eabi/4.8.4/../../../../arm-none-eabi/lib/armv7-m\libc.a(lib_a-mprec.o)
                0x0800f654                __mdiff
 .text.__d2b    0x0800f72c       0xbc c:/coocox/gcc_arm_based/4.8_2014q3/bin/../lib/gcc/arm-none-eabi/4.8.4/../../../../arm-none-eabi/lib/armv7-m\libc.a(lib_a-mprec.o)
                0x0800f72c                __d2b
 .text._realloc_r
                0x0800f7e8      0x3c0 c:/coocox/gcc_arm_based/4.8_2014q3/bin/../lib/gcc/arm-none-eabi/4.8.4/../../../../arm-none-eabi/lib/armv7-m\libc.a(lib_a-reallocr.o)
                0x0800f7e8                _realloc_r
 .text.__fpclassifyd
                0x0800fba8       0x50 c:/coocox/gcc_arm_based/4.8_2014q3/bin/../lib/gcc/arm-none-eabi/4.8.4/../../../../arm-none-eabi/lib/armv7-m\libc.a(lib_a-s_fpclassify.o)
                0x0800fba8                __fpclassifyd
 .text._sbrk_r  0x0800fbf8       0x24 c:/coocox/gcc_arm_based/4.8_2014q3/bin/../lib/gcc/arm-none-eabi/4.8.4/../../../../arm-none-eabi/lib/armv7-m\libc.a(lib_a-sbrkr.o)
                0x0800fbf8                _sbrk_r
 .text.__ssprint_r
                0x0800fc1c      0x100 c:/coocox/gcc_arm_based/4.8_2014q3/bin/../lib/gcc/arm-none-eabi/4.8.4/../../../../arm-none-eabi/lib/armv7-m\libc.a(lib_a-svfiprintf.o)
                0x0800fc1c                __ssprint_r
 .text.__register_exitproc
                0x0800fd1c       0xa8 c:/coocox/gcc_arm_based/4.8_2014q3/bin/../lib/gcc/arm-none-eabi/4.8.4/../../../../arm-none-eabi/lib/armv7-m\libc.a(lib_a-__atexit.o)
                0x0800fd1c                __register_exitproc
 .text._calloc_r
                0x0800fdc4       0x60 c:/coocox/gcc_arm_based/4.8_2014q3/bin/../lib/gcc/arm-none-eabi/4.8.4/../../../../arm-none-eabi/lib/armv7-m\libc.a(lib_a-callocr.o)
                0x0800fdc4                _calloc_r
 .text          0x0800fe24       0x2c c:/coocox/gcc_arm_based/4.8_2014q3/bin/../lib/gcc/arm-none-eabi/4.8.4/armv7-m\libgcc.a(_aeabi_uldivmod.o)
                0x0800fe24                __aeabi_uldivmod
 .text          0x0800fe50       0x60 c:/coocox/gcc_arm_based/4.8_2014q3/bin/../lib/gcc/arm-none-eabi/4.8.4/armv7-m\libgcc.a(bpabi.o)
                0x0800fe50                __gnu_ldivmod_helper
                0x0800fe80                __gnu_uldivmod_helper
 .text          0x0800feb0        0x4 c:/coocox/gcc_arm_based/4.8_2014q3/bin/../lib/gcc/arm-none-eabi/4.8.4/armv7-m\libgcc.a(_dvmd_tls.o)
                0x0800feb0                __aeabi_idiv0
                0x0800feb0                __aeabi_ldiv0
 .text          0x0800feb4      0x2a0 c:/coocox/gcc_arm_based/4.8_2014q3/bin/../lib/gcc/arm-none-eabi/4.8.4/armv7-m\libgcc.a(_divdi3.o)
                0x0800feb4                __divdi3
 .text          0x08010154      0x290 c:/coocox/gcc_arm_based/4.8_2014q3/bin/../lib/gcc/arm-none-eabi/4.8.4/armv7-m\libgcc.a(_udivdi3.o)
                0x08010154                __udivdi3
 *(.init)
 .init          0x080103e4        0x4 c:/coocox/gcc_arm_based/4.8_2014q3/bin/../lib/gcc/arm-none-eabi/4.8.4/armv7-m/crti.o
                0x080103e4                _init
 .init          0x080103e8        0x8 c:/coocox/gcc_arm_based/4.8_2014q3/bin/../lib/gcc/arm-none-eabi/4.8.4/armv7-m/crtn.o
 *(.fini)
 .fini          0x080103f0        0x4 c:/coocox/gcc_arm_based/4.8_2014q3/bin/../lib/gcc/arm-none-eabi/4.8.4/armv7-m/crti.o
                0x080103f0                _fini
 .fini          0x080103f4        0x8 c:/coocox/gcc_arm_based/4.8_2014q3/bin/../lib/gcc/arm-none-eabi/4.8.4/armv7-m/crtn.o
 *crtbegin.o(.ctors)
 *crtbegin?.o(.ctors)
 *(EXCLUDE_FILE(*crtend.o *crtend?.o) .ctors)
 *(SORT(.ctors.*))
 *(.ctors)
 *crtbegin.o(.dtors)
 *crtbegin?.o(.dtors)
 *(EXCLUDE_FILE(*crtend.o *crtend?.o) .dtors)
 *(SORT(.dtors.*))
 *(.dtors)
 *(.rodata*)
 .rodata.rfDelays
                0x080103fc        0x4 ..\obj\instance_calib.o
                0x080103fc                rfDelays
 .rodata.txSpectrumConfig
                0x08010400       0x60 ..\obj\instance_calib.o
                0x08010400                txSpectrumConfig
 .rodata        0x08010460      0x270 ..\obj\main.o
 .rodata.switchbuf
                0x080106d0        0x8 ..\obj\main.o
                0x080106d0                switchbuf
 .rodata.switch_fn
                0x080106d8       0x1c ..\obj\main.o
                0x080106d8                switch_fn
 .rodata.data_len_bytes.9578
                0x080106f4       0x14 ..\obj\instance.o
 .rodata        0x08010708       0x98 ..\obj\usbd_desc.o
 .rodata.str1.4
                0x080107a0       0x14 ..\obj\deca_usb.o
 .rodata        0x080107b4       0x24 ..\obj\syscalls.o
 .rodata.chan_idx
                0x080107d8        0x8 ..\obj\deca_params_init.o
                0x080107d8                chan_idx
 .rodata.tx_config
                0x080107e0       0x18 ..\obj\deca_params_init.o
                0x080107e0                tx_config
 .rodata.pll2_config
                0x080107f8       0x20 ..\obj\deca_params_init.o
                0x080107f8                pll2_config
 .rodata.pll2calcfg
                0x08010818        0x1 ..\obj\deca_params_init.o
                0x08010818                pll2calcfg
 *fill*         0x08010819        0x3 
 .rodata.rx_config
                0x0801081c        0x4 ..\obj\deca_params_init.o
                0x0801081c                rx_config
 .rodata.agc_config
                0x08010820        0x8 ..\obj\deca_params_init.o
                0x08010820                agc_config
 .rodata.dwnsSFDlen
                0x08010828        0x4 ..\obj\deca_params_init.o
                0x08010828                dwnsSFDlen
 .rodata.sftsh  0x0801082c        0xc ..\obj\deca_params_init.o
                0x0801082c                sftsh
 .rodata.dtune1
                0x08010838        0x4 ..\obj\deca_params_init.o
                0x08010838                dtune1
 .rodata.digital_bb_config
                0x0801083c       0x20 ..\obj\deca_params_init.o
                0x0801083c                digital_bb_config
 .rodata.lde_replicaCoeff
                0x0801085c       0x34 ..\obj\deca_params_init.o
                0x0801085c                lde_replicaCoeff
 .rodata.chan_idxnb
                0x08010890        0x8 ..\obj\deca_range_tables.o
                0x08010890                chan_idxnb
 .rodata.chan_idxwb
                0x08010898        0x8 ..\obj\deca_range_tables.o
                0x08010898                chan_idxwb
 .rodata.range25cm16PRFnb
                0x080108a0       0x94 ..\obj\deca_range_tables.o
                0x080108a0                range25cm16PRFnb
 .rodata.range25cm16PRFwb
                0x08010934       0x88 ..\obj\deca_range_tables.o
                0x08010934                range25cm16PRFwb
 .rodata.range25cm64PRFnb
                0x080109bc       0x68 ..\obj\deca_range_tables.o
                0x080109bc                range25cm64PRFnb
 .rodata.range25cm64PRFwb
                0x08010a24       0x78 ..\obj\deca_range_tables.o
                0x08010a24                range25cm64PRFwb
 .rodata.str1.4
                0x08010a9c        0x2 c:/coocox/gcc_arm_based/4.8_2014q3/bin/../lib/gcc/arm-none-eabi/4.8.4/../../../../arm-none-eabi/lib/armv7-m\libc.a(lib_a-impure.o)
                                  0x4 (size before relaxing)
 *fill*         0x08010a9e        0x2 
 .rodata._global_impure_ptr
                0x08010aa0        0x4 c:/coocox/gcc_arm_based/4.8_2014q3/bin/../lib/gcc/arm-none-eabi/4.8.4/../../../../arm-none-eabi/lib/armv7-m\libc.a(lib_a-impure.o)
                0x08010aa0                _global_impure_ptr
 .rodata.zeroes.6763
                0x08010aa4       0x10 c:/coocox/gcc_arm_based/4.8_2014q3/bin/../lib/gcc/arm-none-eabi/4.8.4/../../../../arm-none-eabi/lib/armv7-m\libc.a(lib_a-svfprintf.o)
 .rodata.str1.4
                0x08010ab4       0x42 c:/coocox/gcc_arm_based/4.8_2014q3/bin/../lib/gcc/arm-none-eabi/4.8.4/../../../../arm-none-eabi/lib/armv7-m\libc.a(lib_a-svfprintf.o)
                                 0x44 (size before relaxing)
 *fill*         0x08010af6        0x2 
 .rodata.blanks.6762
                0x08010af8       0x10 c:/coocox/gcc_arm_based/4.8_2014q3/bin/../lib/gcc/arm-none-eabi/4.8.4/../../../../arm-none-eabi/lib/armv7-m\libc.a(lib_a-svfprintf.o)
 .rodata.str1.4
                0x08010b08       0x10 c:/coocox/gcc_arm_based/4.8_2014q3/bin/../lib/gcc/arm-none-eabi/4.8.4/../../../../arm-none-eabi/lib/armv7-m\libc.a(lib_a-dtoa.o)
                                 0x14 (size before relaxing)
 .rodata.str1.4
                0x08010b18        0xc c:/coocox/gcc_arm_based/4.8_2014q3/bin/../lib/gcc/arm-none-eabi/4.8.4/../../../../arm-none-eabi/lib/armv7-m\libc.a(lib_a-locale.o)
                                 0x14 (size before relaxing)
 *fill*         0x08010b24        0x4 
 .rodata.__mprec_tens
                0x08010b28       0xc8 c:/coocox/gcc_arm_based/4.8_2014q3/bin/../lib/gcc/arm-none-eabi/4.8.4/../../../../arm-none-eabi/lib/armv7-m\libc.a(lib_a-mprec.o)
                0x08010b28                __mprec_tens
 .rodata.__mprec_bigtens
                0x08010bf0       0x28 c:/coocox/gcc_arm_based/4.8_2014q3/bin/../lib/gcc/arm-none-eabi/4.8.4/../../../../arm-none-eabi/lib/armv7-m\libc.a(lib_a-mprec.o)
                0x08010bf0                __mprec_bigtens
 .rodata.p05.5269
                0x08010c18        0xc c:/coocox/gcc_arm_based/4.8_2014q3/bin/../lib/gcc/arm-none-eabi/4.8.4/../../../../arm-none-eabi/lib/armv7-m\libc.a(lib_a-mprec.o)
 *(.eh_fram e*)

.eh_frame       0x08010c24        0x0
 .eh_frame      0x08010c24        0x0 c:/coocox/gcc_arm_based/4.8_2014q3/bin/../lib/gcc/arm-none-eabi/4.8.4/armv7-m/crtbegin.o

.glue_7         0x08010c24        0x0
 .glue_7        0x00000000        0x0 linker stubs

.glue_7t        0x08010c24        0x0
 .glue_7t       0x00000000        0x0 linker stubs

.vfp11_veneer   0x08010c24        0x0
 .vfp11_veneer  0x00000000        0x0 linker stubs

.v4_bx          0x08010c24        0x0
 .v4_bx         0x00000000        0x0 linker stubs

.iplt           0x08010c24        0x0
 .iplt          0x00000000        0x0 c:/coocox/gcc_arm_based/4.8_2014q3/bin/../lib/gcc/arm-none-eabi/4.8.4/armv7-m/crtbegin.o

.ARM.extab
 *(.ARM.extab* .gnu.linkonce.armextab.*)
                0x08010c24                __exidx_start = .

.ARM.exidx      0x08010c24        0x8
 *(.ARM.exidx* .gnu.linkonce.armexidx.*)
 .ARM.exidx     0x08010c24        0x8 c:/coocox/gcc_arm_based/4.8_2014q3/bin/../lib/gcc/arm-none-eabi/4.8.4/armv7-m\libgcc.a(_divdi3.o)
 .ARM.exidx     0x08010c2c        0x0 c:/coocox/gcc_arm_based/4.8_2014q3/bin/../lib/gcc/arm-none-eabi/4.8.4/armv7-m\libgcc.a(_udivdi3.o)
                                  0x8 (size before relaxing)
                0x08010c2c                __exidx_end = .
                0x08010c2c                __etext = .
                0x08010c2c                _sidata = __etext

.rel.dyn        0x08010c2c        0x0
 .rel.iplt      0x00000000        0x0 c:/coocox/gcc_arm_based/4.8_2014q3/bin/../lib/gcc/arm-none-eabi/4.8.4/armv7-m/crtbegin.o

.data           0x20000000      0x9fc load address 0x08010c2c
                0x20000000                __data_start__ = .
                0x20000000                _sdata = __data_start__
 *(vtable)
 *(.data*)
 .data.USR_cb   0x20000000       0x1c ..\obj\usbd_usr.o
                0x20000000                USR_cb
 .data.SystemCoreClock
                0x2000001c        0x4 ..\obj\system_stm32f10x.o
                0x2000001c                SystemCoreClock
 .data.USBD_DCD_INT_cb
                0x20000020       0x2c ..\obj\usbd_core.o
                0x20000020                USBD_DCD_INT_cb
 .data.USBD_DCD_INT_fops
                0x2000004c        0x4 ..\obj\usbd_core.o
                0x2000004c                USBD_DCD_INT_fops
 .data.instance_mode
                0x20000050        0x4 ..\obj\main.o
                0x20000050                instance_mode
 .data.chConfig
                0x20000054       0x50 ..\obj\main.o
                0x20000054                chConfig
 .data.APBAHBPrescTable
                0x200000a4       0x10 ..\obj\stm32f10x_rcc.o
 .data.ADCPrescTable
                0x200000b4        0x4 ..\obj\stm32f10x_rcc.o
 .data.USR_desc
                0x200000b8       0x1c ..\obj\usbd_desc.o
                0x200000b8                USR_desc
 .data.USBD_DeviceDesc
                0x200000d4       0x14 ..\obj\usbd_desc.o
                0x200000d4                USBD_DeviceDesc
 .data.USBD_LangIDDesc
                0x200000e8        0x4 ..\obj\usbd_desc.o
                0x200000e8                USBD_LangIDDesc
 .data.VCP_fops
                0x200000ec       0x14 ..\obj\deca_usb.o
                0x200000ec                VCP_fops
 .data.localSPIspeed
                0x20000100        0x4 ..\obj\deca_usb.o
                0x20000100                localSPIspeed
 .data.usbd_cdc_CfgDesc
                0x20000104       0x44 ..\obj\usbd_cdc_core.o
                0x20000104                usbd_cdc_CfgDesc
 .data.cdcCmd   0x20000148        0x4 ..\obj\usbd_cdc_core.o
 .data.USBD_CDC_cb
                0x2000014c       0x2c ..\obj\usbd_cdc_core.o
                0x2000014c                USBD_CDC_cb
 .data.impure_data
                0x20000178      0x428 c:/coocox/gcc_arm_based/4.8_2014q3/bin/../lib/gcc/arm-none-eabi/4.8.4/../../../../arm-none-eabi/lib/armv7-m\libc.a(lib_a-impure.o)
 .data._impure_ptr
                0x200005a0        0x4 c:/coocox/gcc_arm_based/4.8_2014q3/bin/../lib/gcc/arm-none-eabi/4.8.4/../../../../arm-none-eabi/lib/armv7-m\libc.a(lib_a-impure.o)
                0x200005a0                _impure_ptr
 .data.lconv    0x200005a4       0x38 c:/coocox/gcc_arm_based/4.8_2014q3/bin/../lib/gcc/arm-none-eabi/4.8.4/../../../../arm-none-eabi/lib/armv7-m\libc.a(lib_a-locale.o)
 .data.__malloc_av_
                0x200005dc      0x408 c:/coocox/gcc_arm_based/4.8_2014q3/bin/../lib/gcc/arm-none-eabi/4.8.4/../../../../arm-none-eabi/lib/armv7-m\libc.a(lib_a-mallocr.o)
                0x200005dc                __malloc_av_
 .data.__malloc_trim_threshold
                0x200009e4        0x4 c:/coocox/gcc_arm_based/4.8_2014q3/bin/../lib/gcc/arm-none-eabi/4.8.4/../../../../arm-none-eabi/lib/armv7-m\libc.a(lib_a-mallocr.o)
                0x200009e4                __malloc_trim_threshold
 .data.__malloc_sbrk_base
                0x200009e8        0x4 c:/coocox/gcc_arm_based/4.8_2014q3/bin/../lib/gcc/arm-none-eabi/4.8.4/../../../../arm-none-eabi/lib/armv7-m\libc.a(lib_a-mallocr.o)
                0x200009e8                __malloc_sbrk_base
                0x200009ec                . = ALIGN (0x4)
                0x200009ec                PROVIDE (__preinit_array_start, .)
 *(.preinit_array)
                0x200009ec                PROVIDE (__preinit_array_end, .)
                0x200009ec                . = ALIGN (0x4)
                0x200009ec                PROVIDE (__init_array_start, .)
 *(SORT(.init_array.*))
 .init_array.00000
                0x200009ec        0x4 c:/coocox/gcc_arm_based/4.8_2014q3/bin/../lib/gcc/arm-none-eabi/4.8.4/../../../../arm-none-eabi/lib/armv7-m\libc.a(lib_a-__call_atexit.o)
 *(.init_array)
 .init_array    0x200009f0        0x4 c:/coocox/gcc_arm_based/4.8_2014q3/bin/../lib/gcc/arm-none-eabi/4.8.4/armv7-m/crtbegin.o
                0x200009f4                PROVIDE (__init_array_end, .)
                0x200009f4                . = ALIGN (0x4)
                0x200009f4                PROVIDE (__fini_array_start, .)
 *(SORT(.fini_array.*))
 *(.fini_array)
 .fini_array    0x200009f4        0x4 c:/coocox/gcc_arm_based/4.8_2014q3/bin/../lib/gcc/arm-none-eabi/4.8.4/armv7-m/crtbegin.o
                0x200009f8                PROVIDE (__fini_array_end, .)
 *(.jcr*)
 .jcr           0x200009f8        0x0 c:/coocox/gcc_arm_based/4.8_2014q3/bin/../lib/gcc/arm-none-eabi/4.8.4/armv7-m/crtbegin.o
 .jcr           0x200009f8        0x4 c:/coocox/gcc_arm_based/4.8_2014q3/bin/../lib/gcc/arm-none-eabi/4.8.4/armv7-m/crtend.o
                0x200009fc                . = ALIGN (0x4)
                0x200009fc                __data_end__ = .
                0x200009fc                _edata = __data_end__

.igot.plt       0x200009fc        0x0 load address 0x08011628
 .igot.plt      0x00000000        0x0 c:/coocox/gcc_arm_based/4.8_2014q3/bin/../lib/gcc/arm-none-eabi/4.8.4/armv7-m/crtbegin.o

.bss            0x20000a00     0x6ef0 load address 0x08011630
                0x20000a00                . = ALIGN (0x4)
                0x20000a00                __bss_start__ = .
                0x20000a00                _sbss = __bss_start__
 *(.bss*)
 .bss           0x20000a00       0x1c c:/coocox/gcc_arm_based/4.8_2014q3/bin/../lib/gcc/arm-none-eabi/4.8.4/armv7-m/crtbegin.o
 *fill*         0x20000a1c        0x4 
 .bss.inst_idist
                0x20000a20        0x8 ..\obj\instance_common.o
                0x20000a20                inst_idist
 .bss.inst_idistraw
                0x20000a28        0x8 ..\obj\instance_common.o
                0x20000a28                inst_idistraw
 .bss.inst_adist
                0x20000a30        0x8 ..\obj\instance_common.o
                0x20000a30                inst_adist
 .bss.inst_ldist
                0x20000a38        0x8 ..\obj\instance_common.o
                0x20000a38                inst_ldist
 .bss.dw1000local
                0x20000a40       0x80 ..\obj\deca_device.o
 .bss.dr_mode   0x20000ac0        0x4 ..\obj\main.o
                0x20000ac0                dr_mode
 .bss.s1switch  0x20000ac4        0x1 ..\obj\main.o
                0x20000ac4                s1switch
 *fill*         0x20000ac5        0x3 
 .bss.ranging   0x20000ac8        0x4 ..\obj\main.o
                0x20000ac8                ranging
 .bss.application_mode
                0x20000acc        0x4 ..\obj\deca_usb.o
                0x20000acc                application_mode
 .bss.local_buff_length
                0x20000ad0        0x4 ..\obj\deca_usb.o
                0x20000ad0                local_buff_length
 .bss.local_buff_offset
                0x20000ad4        0x2 ..\obj\deca_usb.o
                0x20000ad4                local_buff_offset
 *fill*         0x20000ad6        0x2 
 .bss.tx_buff_length
                0x20000ad8        0x4 ..\obj\deca_usb.o
                0x20000ad8                tx_buff_length
 .bss.local_have_data
                0x20000adc        0x4 ..\obj\deca_usb.o
                0x20000adc                local_have_data
 .bss.i         0x20000ae0        0x4 ..\obj\deca_usb.o
 .bss.heap_end.8846
                0x20000ae4        0x4 ..\obj\syscalls.o
 .bss.USBD_ep_status
                0x20000ae8        0x4 ..\obj\usbd_req.o
                0x20000ae8                USBD_ep_status
 .bss.USBD_default_cfg
                0x20000aec        0x4 ..\obj\usbd_req.o
                0x20000aec                USBD_default_cfg
 .bss.USBD_cfg_status
                0x20000af0        0x4 ..\obj\usbd_req.o
                0x20000af0                USBD_cfg_status
 .bss.cfgidx.7644
                0x20000af4        0x1 ..\obj\usbd_req.o
 *fill*         0x20000af5        0x3 
 .bss.usbd_cdc_AltSet
                0x20000af8        0x4 ..\obj\usbd_cdc_core.o
 .bss.APP_Rx_ptr_in
                0x20000afc        0x4 ..\obj\usbd_cdc_core.o
                0x20000afc                APP_Rx_ptr_in
 .bss.APP_Rx_ptr_out
                0x20000b00        0x4 ..\obj\usbd_cdc_core.o
                0x20000b00                APP_Rx_ptr_out
 .bss.APP_Rx_length
                0x20000b04        0x4 ..\obj\usbd_cdc_core.o
                0x20000b04                APP_Rx_length
 .bss.USB_Tx_State
                0x20000b08        0x1 ..\obj\usbd_cdc_core.o
                0x20000b08                USB_Tx_State
 *fill*         0x20000b09        0x3 
 .bss.cdcLen    0x20000b0c        0x4 ..\obj\usbd_cdc_core.o
 .bss.FrameCount.7637
                0x20000b10        0x4 ..\obj\usbd_cdc_core.o
 .bss.__malloc_max_total_mem
                0x20000b14        0x4 c:/coocox/gcc_arm_based/4.8_2014q3/bin/../lib/gcc/arm-none-eabi/4.8.4/../../../../arm-none-eabi/lib/armv7-m\libc.a(lib_a-mallocr.o)
                0x20000b14                __malloc_max_total_mem
 .bss.__malloc_max_sbrked_mem
                0x20000b18        0x4 c:/coocox/gcc_arm_based/4.8_2014q3/bin/../lib/gcc/arm-none-eabi/4.8.4/../../../../arm-none-eabi/lib/armv7-m\libc.a(lib_a-mallocr.o)
                0x20000b18                __malloc_max_sbrked_mem
 .bss.__malloc_top_pad
                0x20000b1c        0x4 c:/coocox/gcc_arm_based/4.8_2014q3/bin/../lib/gcc/arm-none-eabi/4.8.4/../../../../arm-none-eabi/lib/armv7-m\libc.a(lib_a-mallocr.o)
                0x20000b1c                __malloc_top_pad
 .bss.__malloc_current_mallinfo
                0x20000b20       0x28 c:/coocox/gcc_arm_based/4.8_2014q3/bin/../lib/gcc/arm-none-eabi/4.8.4/../../../../arm-none-eabi/lib/armv7-m\libc.a(lib_a-mallocr.o)
                0x20000b20                __malloc_current_mallinfo
 *(COMMON)
 COMMON         0x20000b48      0x71c ..\obj\instance_common.o
                0x20000b48                dw_event_g
                0x20000be0                instance_data
                0x20001260                instance_localdata
 COMMON         0x20001264        0x4 ..\obj\usbd_core.o
                0x20001264                SET_TEST_MODE
 COMMON         0x20001268       0xd4 ..\obj\main.o
                0x20001268                tagaddr
                0x2000126c                dataseq
                0x200012d0                dataseq1
                0x20001334                chan
                0x20001338                ancaddr
 COMMON         0x2000133c     0x5420 ..\obj\deca_usb.o
                0x2000133c                s1configswitch
                0x20001340                version
                0x20001344                version_size
                0x20001348                tx_buff
                0x20003a58                USB_OTG_dev
                0x2000404c                local_buff
 COMMON         0x2000675c        0x4 ..\obj\stm32f10x_it.o
                0x2000675c                time32_incr
 COMMON         0x20006760       0xff ..\obj\usbd_req.o
                0x20006760                USBD_StrDesc
 *fill*         0x2000685f        0x1 
 COMMON         0x20006860     0x108c ..\obj\usbd_cdc_core.o
                0x20006860                usbd_cdc_OtherCfgDesc
                0x200068a4                USB_Rx_Buffer
                0x200068e4                CmdBuff
                0x200068ec                APP_Rx_Buffer
 COMMON         0x200078ec        0x4 c:/coocox/gcc_arm_based/4.8_2014q3/bin/../lib/gcc/arm-none-eabi/4.8.4/../../../../arm-none-eabi/lib/armv7-m\libc.a(lib_a-reent.o)
                0x200078ec                errno
                0x200078f0                . = ALIGN (0x4)
                0x200078f0                __bss_end__ = .
                0x200078f0                _ebss = __bss_end__

.heap           0x200078f0        0x0
                0x200078f0                __end__ = .
                0x200078f0                _end = __end__
                0x200078f0                end = __end__
 *(.heap*)
                0x200078f0                __HeapLimit = .

.co_stack       0x200078f0        0x0
                0x200078f0                . = ALIGN (0x8)
 *(.co_stack .co_stack.*)
                0x20010000                __StackTop = (ORIGIN (ram) + 0x10000)
                0x20010000                __StackLimit = (__StackTop - SIZEOF (.co_stack))
                0x20010000                PROVIDE (__stack, __StackTop)
                0x00000001                ASSERT ((__StackLimit >= __HeapLimit), region ram  overflowed with stack)
LOAD ..\obj\stm32f10x_rtc.o
LOAD ..\obj\usb_core.o
LOAD ..\obj\instance_common.o
LOAD ..\obj\stm32f10x_tim.o
LOAD ..\obj\unistd.o
LOAD ..\obj\core_cm3.o
LOAD ..\obj\usbd_usr.o
LOAD ..\obj\deca_usb_bsp_evk1000.o
LOAD ..\obj\instance_calib.o
LOAD ..\obj\stm32f10x_dbgmcu.o
LOAD ..\obj\system_stm32f10x.o
LOAD ..\obj\deca_device.o
LOAD ..\obj\deca_spi.o
LOAD ..\obj\stm32f10x_fsmc.o
LOAD ..\obj\stm32f10x_pwr.o
LOAD ..\obj\stm32f10x_can.o
LOAD ..\obj\stm32f10x_gpio.o
LOAD ..\obj\stm32f10x_dac.o
LOAD ..\obj\usbd_core.o
LOAD ..\obj\main.o
LOAD ..\obj\stm32f10x_crc.o
LOAD ..\obj\stm32f10x_rcc.o
LOAD ..\obj\startup_stm32f10x_cl.o
LOAD ..\obj\instance.o
LOAD ..\obj\stm32f10x_exti.o
LOAD ..\obj\stm32f10x_adc.o
LOAD ..\obj\usbd_desc.o
LOAD ..\obj\deca_mutex.o
LOAD ..\obj\stm32f10x_usart.o
LOAD ..\obj\deca_usb.o
LOAD ..\obj\dma_spi.o
LOAD ..\obj\syscalls.o
LOAD ..\obj\stm32f10x_flash.o
LOAD ..\obj\stm32f10x_it.o
LOAD ..\obj\stm32f10x_cec.o
LOAD ..\obj\usbd_req.o
LOAD ..\obj\port.o
LOAD ..\obj\usb_dcd_int.o
LOAD ..\obj\stm32f10x_sdio.o
LOAD ..\obj\usbd_cdc_core.o
LOAD ..\obj\stm32f10x_dma.o
LOAD ..\obj\usb_hcd.o
LOAD ..\obj\misc.o
LOAD ..\obj\usb_dcd.o
LOAD ..\obj\stm32f10x_wwdg.o
LOAD ..\obj\stm32f10x_spi.o
LOAD ..\obj\stm32f10x_i2c.o
LOAD ..\obj\deca_params_init.o
LOAD ..\obj\usbd_ioreq.o
LOAD ..\obj\deca_range_tables.o
LOAD ..\obj\stm32f10x_bkp.o
LOAD ..\obj\usb_hcd_int.o
LOAD ..\obj\stm32f10x_iwdg.o
LOAD c:/coocox/gcc_arm_based/4.8_2014q3/bin/../lib/gcc/arm-none-eabi/4.8.4/../../../../arm-none-eabi/lib/armv7-m\libm.a
LOAD c:/coocox/gcc_arm_based/4.8_2014q3/bin/../lib/gcc/arm-none-eabi/4.8.4/armv7-m\libgcc.a
LOAD c:/coocox/gcc_arm_based/4.8_2014q3/bin/../lib/gcc/arm-none-eabi/4.8.4/../../../../arm-none-eabi/lib/armv7-m\libc.a
START GROUP
LOAD c:/coocox/gcc_arm_based/4.8_2014q3/bin/../lib/gcc/arm-none-eabi/4.8.4/armv7-m\libgcc.a
LOAD c:/coocox/gcc_arm_based/4.8_2014q3/bin/../lib/gcc/arm-none-eabi/4.8.4/../../../../arm-none-eabi/lib/armv7-m\libg.a
LOAD c:/coocox/gcc_arm_based/4.8_2014q3/bin/../lib/gcc/arm-none-eabi/4.8.4/../../../../arm-none-eabi/lib/armv7-m\libc.a
END GROUP
LOAD c:/coocox/gcc_arm_based/4.8_2014q3/bin/../lib/gcc/arm-none-eabi/4.8.4/armv7-m/crtend.o
LOAD c:/coocox/gcc_arm_based/4.8_2014q3/bin/../lib/gcc/arm-none-eabi/4.8.4/armv7-m/crtn.o
OUTPUT(EVK1000.elf elf32-littlearm)

.ARM.attributes
                0x00000000       0x29
 .ARM.attributes
                0x00000000       0x1d c:/coocox/gcc_arm_based/4.8_2014q3/bin/../lib/gcc/arm-none-eabi/4.8.4/armv7-m/crti.o
 .ARM.attributes
                0x0000001d       0x2d c:/coocox/gcc_arm_based/4.8_2014q3/bin/../lib/gcc/arm-none-eabi/4.8.4/armv7-m/crtbegin.o
 .ARM.attributes
                0x0000004a       0x33 ..\obj\stm32f10x_rtc.o
 .ARM.attributes
                0x0000007d       0x33 ..\obj\usb_core.o
 .ARM.attributes
                0x000000b0       0x33 ..\obj\instance_common.o
 .ARM.attributes
                0x000000e3       0x33 ..\obj\unistd.o
 .ARM.attributes
                0x00000116       0x33 ..\obj\core_cm3.o
 .ARM.attributes
                0x00000149       0x33 ..\obj\usbd_usr.o
 .ARM.attributes
                0x0000017c       0x33 ..\obj\deca_usb_bsp_evk1000.o
 .ARM.attributes
                0x000001af       0x33 ..\obj\instance_calib.o
 .ARM.attributes
                0x000001e2       0x33 ..\obj\system_stm32f10x.o
 .ARM.attributes
                0x00000215       0x33 ..\obj\deca_device.o
 .ARM.attributes
                0x00000248       0x33 ..\obj\deca_spi.o
 .ARM.attributes
                0x0000027b       0x33 ..\obj\stm32f10x_gpio.o
 .ARM.attributes
                0x000002ae       0x33 ..\obj\usbd_core.o
 .ARM.attributes
                0x000002e1       0x33 ..\obj\main.o
 .ARM.attributes
                0x00000314       0x33 ..\obj\stm32f10x_rcc.o
 .ARM.attributes
                0x00000347       0x21 ..\obj\startup_stm32f10x_cl.o
 .ARM.attributes
                0x00000368       0x33 ..\obj\instance.o
 .ARM.attributes
                0x0000039b       0x33 ..\obj\stm32f10x_exti.o
 .ARM.attributes
                0x000003ce       0x33 ..\obj\usbd_desc.o
 .ARM.attributes
                0x00000401       0x33 ..\obj\deca_mutex.o
 .ARM.attributes
                0x00000434       0x33 ..\obj\deca_usb.o
 .ARM.attributes
                0x00000467       0x33 ..\obj\syscalls.o
 .ARM.attributes
                0x0000049a       0x33 ..\obj\stm32f10x_flash.o
 .ARM.attributes
                0x000004cd       0x33 ..\obj\stm32f10x_it.o
 .ARM.attributes
                0x00000500       0x33 ..\obj\usbd_req.o
 .ARM.attributes
                0x00000533       0x33 ..\obj\port.o
 .ARM.attributes
                0x00000566       0x33 ..\obj\usb_dcd_int.o
 .ARM.attributes
                0x00000599       0x33 ..\obj\usbd_cdc_core.o
 .ARM.attributes
                0x000005cc       0x33 ..\obj\misc.o
 .ARM.attributes
                0x000005ff       0x33 ..\obj\usb_dcd.o
 .ARM.attributes
                0x00000632       0x33 ..\obj\stm32f10x_spi.o
 .ARM.attributes
                0x00000665       0x33 ..\obj\deca_params_init.o
 .ARM.attributes
                0x00000698       0x33 ..\obj\usbd_ioreq.o
 .ARM.attributes
                0x000006cb       0x33 ..\obj\deca_range_tables.o
 .ARM.attributes
                0x000006fe       0x1d c:/coocox/gcc_arm_based/4.8_2014q3/bin/../lib/gcc/arm-none-eabi/4.8.4/armv7-m\libgcc.a(_arm_addsubdf3.o)
 .ARM.attributes
                0x0000071b       0x1d c:/coocox/gcc_arm_based/4.8_2014q3/bin/../lib/gcc/arm-none-eabi/4.8.4/armv7-m\libgcc.a(_arm_muldivdf3.o)
 .ARM.attributes
                0x00000738       0x1d c:/coocox/gcc_arm_based/4.8_2014q3/bin/../lib/gcc/arm-none-eabi/4.8.4/armv7-m\libgcc.a(_arm_cmpdf2.o)
 .ARM.attributes
                0x00000755       0x1d c:/coocox/gcc_arm_based/4.8_2014q3/bin/../lib/gcc/arm-none-eabi/4.8.4/armv7-m\libgcc.a(_arm_fixdfsi.o)
 .ARM.attributes
                0x00000772       0x1d c:/coocox/gcc_arm_based/4.8_2014q3/bin/../lib/gcc/arm-none-eabi/4.8.4/armv7-m\libgcc.a(_arm_fixunsdfsi.o)
 .ARM.attributes
                0x0000078f       0x1d c:/coocox/gcc_arm_based/4.8_2014q3/bin/../lib/gcc/arm-none-eabi/4.8.4/armv7-m\libgcc.a(_arm_truncdfsf2.o)
 .ARM.attributes
                0x000007ac       0x1d c:/coocox/gcc_arm_based/4.8_2014q3/bin/../lib/gcc/arm-none-eabi/4.8.4/armv7-m\libgcc.a(_arm_addsubsf3.o)
 .ARM.attributes
                0x000007c9       0x2d c:/coocox/gcc_arm_based/4.8_2014q3/bin/../lib/gcc/arm-none-eabi/4.8.4/armv7-m\libgcc.a(_fixdfdi.o)
 .ARM.attributes
                0x000007f6       0x2d c:/coocox/gcc_arm_based/4.8_2014q3/bin/../lib/gcc/arm-none-eabi/4.8.4/armv7-m\libgcc.a(_fixunsdfdi.o)
 .ARM.attributes
                0x00000823       0x2d c:/coocox/gcc_arm_based/4.8_2014q3/bin/../lib/gcc/arm-none-eabi/4.8.4/../../../../arm-none-eabi/lib/armv7-m\libc.a(lib_a-clock.o)
 .ARM.attributes
                0x00000850       0x2d c:/coocox/gcc_arm_based/4.8_2014q3/bin/../lib/gcc/arm-none-eabi/4.8.4/../../../../arm-none-eabi/lib/armv7-m\libc.a(lib_a-impure.o)
 .ARM.attributes
                0x0000087d       0x2d c:/coocox/gcc_arm_based/4.8_2014q3/bin/../lib/gcc/arm-none-eabi/4.8.4/../../../../arm-none-eabi/lib/armv7-m\libc.a(lib_a-init.o)
 .ARM.attributes
                0x000008aa       0x2d c:/coocox/gcc_arm_based/4.8_2014q3/bin/../lib/gcc/arm-none-eabi/4.8.4/../../../../arm-none-eabi/lib/armv7-m\libc.a(lib_a-memcmp.o)
 .ARM.attributes
                0x000008d7       0x1b c:/coocox/gcc_arm_based/4.8_2014q3/bin/../lib/gcc/arm-none-eabi/4.8.4/../../../../arm-none-eabi/lib/armv7-m\libc.a(lib_a-memcpy.o)
 .ARM.attributes
                0x000008f2       0x2d c:/coocox/gcc_arm_based/4.8_2014q3/bin/../lib/gcc/arm-none-eabi/4.8.4/../../../../arm-none-eabi/lib/armv7-m\libc.a(lib_a-memset.o)
 .ARM.attributes
                0x0000091f       0x2d c:/coocox/gcc_arm_based/4.8_2014q3/bin/../lib/gcc/arm-none-eabi/4.8.4/../../../../arm-none-eabi/lib/armv7-m\libc.a(lib_a-reent.o)
 .ARM.attributes
                0x0000094c       0x2d c:/coocox/gcc_arm_based/4.8_2014q3/bin/../lib/gcc/arm-none-eabi/4.8.4/../../../../arm-none-eabi/lib/armv7-m\libc.a(lib_a-sprintf.o)
 .ARM.attributes
                0x00000979       0x2d c:/coocox/gcc_arm_based/4.8_2014q3/bin/../lib/gcc/arm-none-eabi/4.8.4/../../../../arm-none-eabi/lib/armv7-m\libc.a(lib_a-strlen.o)
 .ARM.attributes
                0x000009a6       0x2d c:/coocox/gcc_arm_based/4.8_2014q3/bin/../lib/gcc/arm-none-eabi/4.8.4/../../../../arm-none-eabi/lib/armv7-m\libc.a(lib_a-svfprintf.o)
 .ARM.attributes
                0x000009d3       0x2d c:/coocox/gcc_arm_based/4.8_2014q3/bin/../lib/gcc/arm-none-eabi/4.8.4/../../../../arm-none-eabi/lib/armv7-m\libc.a(lib_a-__call_atexit.o)
 .ARM.attributes
                0x00000a00       0x2d c:/coocox/gcc_arm_based/4.8_2014q3/bin/../lib/gcc/arm-none-eabi/4.8.4/../../../../arm-none-eabi/lib/armv7-m\libc.a(lib_a-atexit.o)
 .ARM.attributes
                0x00000a2d       0x2d c:/coocox/gcc_arm_based/4.8_2014q3/bin/../lib/gcc/arm-none-eabi/4.8.4/../../../../arm-none-eabi/lib/armv7-m\libc.a(lib_a-dtoa.o)
 .ARM.attributes
                0x00000a5a       0x2d c:/coocox/gcc_arm_based/4.8_2014q3/bin/../lib/gcc/arm-none-eabi/4.8.4/../../../../arm-none-eabi/lib/armv7-m\libc.a(lib_a-fini.o)
 .ARM.attributes
                0x00000a87       0x2d c:/coocox/gcc_arm_based/4.8_2014q3/bin/../lib/gcc/arm-none-eabi/4.8.4/../../../../arm-none-eabi/lib/armv7-m\libc.a(lib_a-freer.o)
 .ARM.attributes
                0x00000ab4       0x2d c:/coocox/gcc_arm_based/4.8_2014q3/bin/../lib/gcc/arm-none-eabi/4.8.4/../../../../arm-none-eabi/lib/armv7-m\libc.a(lib_a-locale.o)
 .ARM.attributes
                0x00000ae1       0x2d c:/coocox/gcc_arm_based/4.8_2014q3/bin/../lib/gcc/arm-none-eabi/4.8.4/../../../../arm-none-eabi/lib/armv7-m\libc.a(lib_a-mallocr.o)
 .ARM.attributes
                0x00000b0e       0x2d c:/coocox/gcc_arm_based/4.8_2014q3/bin/../lib/gcc/arm-none-eabi/4.8.4/../../../../arm-none-eabi/lib/armv7-m\libc.a(lib_a-memchr-stub.o)
 .ARM.attributes
                0x00000b3b       0x2d c:/coocox/gcc_arm_based/4.8_2014q3/bin/../lib/gcc/arm-none-eabi/4.8.4/../../../../arm-none-eabi/lib/armv7-m\libc.a(lib_a-memmove.o)
 .ARM.attributes
                0x00000b68       0x2d c:/coocox/gcc_arm_based/4.8_2014q3/bin/../lib/gcc/arm-none-eabi/4.8.4/../../../../arm-none-eabi/lib/armv7-m\libc.a(lib_a-mlock.o)
 .ARM.attributes
                0x00000b95       0x2d c:/coocox/gcc_arm_based/4.8_2014q3/bin/../lib/gcc/arm-none-eabi/4.8.4/../../../../arm-none-eabi/lib/armv7-m\libc.a(lib_a-mprec.o)
 .ARM.attributes
                0x00000bc2       0x2d c:/coocox/gcc_arm_based/4.8_2014q3/bin/../lib/gcc/arm-none-eabi/4.8.4/../../../../arm-none-eabi/lib/armv7-m\libc.a(lib_a-reallocr.o)
 .ARM.attributes
                0x00000bef       0x2d c:/coocox/gcc_arm_based/4.8_2014q3/bin/../lib/gcc/arm-none-eabi/4.8.4/../../../../arm-none-eabi/lib/armv7-m\libc.a(lib_a-s_fpclassify.o)
 .ARM.attributes